Archive member included to satisfy reference by file (symbol)

C:/ST/STM32CubeIDE_1.19.0/STM32CubeIDE/plugins/com.st.stm32cube.ide.mcu.externaltools.gnu-tools-for-stm32.13.3.rel1.win32_1.0.0.202411081344/tools/bin/../lib/gcc/arm-none-eabi/13.3.1/../../../../arm-none-eabi/lib/thumb/v6-m/nofp\libc_nano.a(libc_a-exit.o)
                              C:/ST/STM32CubeIDE_1.19.0/STM32CubeIDE/plugins/com.st.stm32cube.ide.mcu.externaltools.gnu-tools-for-stm32.13.3.rel1.win32_1.0.0.202411081344/tools/bin/../lib/gcc/arm-none-eabi/13.3.1/../../../../arm-none-eabi/lib/thumb/v6-m/nofp/crt0.o (exit)
C:/ST/STM32CubeIDE_1.19.0/STM32CubeIDE/plugins/com.st.stm32cube.ide.mcu.externaltools.gnu-tools-for-stm32.13.3.rel1.win32_1.0.0.202411081344/tools/bin/../lib/gcc/arm-none-eabi/13.3.1/../../../../arm-none-eabi/lib/thumb/v6-m/nofp\libc_nano.a(libc_a-findfp.o)
                              C:/ST/STM32CubeIDE_1.19.0/STM32CubeIDE/plugins/com.st.stm32cube.ide.mcu.externaltools.gnu-tools-for-stm32.13.3.rel1.win32_1.0.0.202411081344/tools/bin/../lib/gcc/arm-none-eabi/13.3.1/../../../../arm-none-eabi/lib/thumb/v6-m/nofp\libc_nano.a(libc_a-exit.o) (__stdio_exit_handler)
C:/ST/STM32CubeIDE_1.19.0/STM32CubeIDE/plugins/com.st.stm32cube.ide.mcu.externaltools.gnu-tools-for-stm32.13.3.rel1.win32_1.0.0.202411081344/tools/bin/../lib/gcc/arm-none-eabi/13.3.1/../../../../arm-none-eabi/lib/thumb/v6-m/nofp\libc_nano.a(libc_a-fwalk.o)
                              C:/ST/STM32CubeIDE_1.19.0/STM32CubeIDE/plugins/com.st.stm32cube.ide.mcu.externaltools.gnu-tools-for-stm32.13.3.rel1.win32_1.0.0.202411081344/tools/bin/../lib/gcc/arm-none-eabi/13.3.1/../../../../arm-none-eabi/lib/thumb/v6-m/nofp\libc_nano.a(libc_a-findfp.o) (_fwalk_sglue)
C:/ST/STM32CubeIDE_1.19.0/STM32CubeIDE/plugins/com.st.stm32cube.ide.mcu.externaltools.gnu-tools-for-stm32.13.3.rel1.win32_1.0.0.202411081344/tools/bin/../lib/gcc/arm-none-eabi/13.3.1/../../../../arm-none-eabi/lib/thumb/v6-m/nofp\libc_nano.a(libc_a-stdio.o)
                              C:/ST/STM32CubeIDE_1.19.0/STM32CubeIDE/plugins/com.st.stm32cube.ide.mcu.externaltools.gnu-tools-for-stm32.13.3.rel1.win32_1.0.0.202411081344/tools/bin/../lib/gcc/arm-none-eabi/13.3.1/../../../../arm-none-eabi/lib/thumb/v6-m/nofp\libc_nano.a(libc_a-findfp.o) (__sread)
C:/ST/STM32CubeIDE_1.19.0/STM32CubeIDE/plugins/com.st.stm32cube.ide.mcu.externaltools.gnu-tools-for-stm32.13.3.rel1.win32_1.0.0.202411081344/tools/bin/../lib/gcc/arm-none-eabi/13.3.1/../../../../arm-none-eabi/lib/thumb/v6-m/nofp\libc_nano.a(libc_a-memset.o)
                              C:/ST/STM32CubeIDE_1.19.0/STM32CubeIDE/plugins/com.st.stm32cube.ide.mcu.externaltools.gnu-tools-for-stm32.13.3.rel1.win32_1.0.0.202411081344/tools/bin/../lib/gcc/arm-none-eabi/13.3.1/../../../../arm-none-eabi/lib/thumb/v6-m/nofp/crt0.o (memset)
C:/ST/STM32CubeIDE_1.19.0/STM32CubeIDE/plugins/com.st.stm32cube.ide.mcu.externaltools.gnu-tools-for-stm32.13.3.rel1.win32_1.0.0.202411081344/tools/bin/../lib/gcc/arm-none-eabi/13.3.1/../../../../arm-none-eabi/lib/thumb/v6-m/nofp\libc_nano.a(libc_a-closer.o)
                              C:/ST/STM32CubeIDE_1.19.0/STM32CubeIDE/plugins/com.st.stm32cube.ide.mcu.externaltools.gnu-tools-for-stm32.13.3.rel1.win32_1.0.0.202411081344/tools/bin/../lib/gcc/arm-none-eabi/13.3.1/../../../../arm-none-eabi/lib/thumb/v6-m/nofp\libc_nano.a(libc_a-stdio.o) (_close_r)
C:/ST/STM32CubeIDE_1.19.0/STM32CubeIDE/plugins/com.st.stm32cube.ide.mcu.externaltools.gnu-tools-for-stm32.13.3.rel1.win32_1.0.0.202411081344/tools/bin/../lib/gcc/arm-none-eabi/13.3.1/../../../../arm-none-eabi/lib/thumb/v6-m/nofp\libc_nano.a(libc_a-reent.o)
                              C:/ST/STM32CubeIDE_1.19.0/STM32CubeIDE/plugins/com.st.stm32cube.ide.mcu.externaltools.gnu-tools-for-stm32.13.3.rel1.win32_1.0.0.202411081344/tools/bin/../lib/gcc/arm-none-eabi/13.3.1/../../../../arm-none-eabi/lib/thumb/v6-m/nofp\libc_nano.a(libc_a-closer.o) (errno)
C:/ST/STM32CubeIDE_1.19.0/STM32CubeIDE/plugins/com.st.stm32cube.ide.mcu.externaltools.gnu-tools-for-stm32.13.3.rel1.win32_1.0.0.202411081344/tools/bin/../lib/gcc/arm-none-eabi/13.3.1/../../../../arm-none-eabi/lib/thumb/v6-m/nofp\libc_nano.a(libc_a-impure.o)
                              C:/ST/STM32CubeIDE_1.19.0/STM32CubeIDE/plugins/com.st.stm32cube.ide.mcu.externaltools.gnu-tools-for-stm32.13.3.rel1.win32_1.0.0.202411081344/tools/bin/../lib/gcc/arm-none-eabi/13.3.1/../../../../arm-none-eabi/lib/thumb/v6-m/nofp\libc_nano.a(libc_a-reent.o) (_impure_ptr)
C:/ST/STM32CubeIDE_1.19.0/STM32CubeIDE/plugins/com.st.stm32cube.ide.mcu.externaltools.gnu-tools-for-stm32.13.3.rel1.win32_1.0.0.202411081344/tools/bin/../lib/gcc/arm-none-eabi/13.3.1/../../../../arm-none-eabi/lib/thumb/v6-m/nofp\libc_nano.a(libc_a-lseekr.o)
[...]
Memory Configuration

Name             Origin             Length             Attributes
RAM              0x20000000         0x00001800         xrw
FLASH            0x08000000         0x00008000         xr
*default*        0x00000000         0xffffffff

Linker script and memory map

LOAD C:/ST/STM32CubeIDE_1.19.0/STM32CubeIDE/plugins/com.st.stm32cube.ide.mcu.externaltools.gnu-tools-for-stm32.13.3.rel1.win32_1.0.0.202411081344/tools/bin/../lib/gcc/arm-none-eabi/13.3.1/thumb/v6-m/nofp/crti.o
LOAD C:/ST/STM32CubeIDE_1.19.0/STM32CubeIDE/plugins/com.st.stm32cube.ide.mcu.externaltools.gnu-tools-for-stm32.13.3.rel1.win32_1.0.0.202411081344/tools/bin/../lib/gcc/arm-none-eabi/13.3.1/thumb/v6-m/nofp/crtbegin.o
LOAD C:/ST/STM32CubeIDE_1.19.0/STM32CubeIDE/plugins/com.st.stm32cube.ide.mcu.externaltools.gnu-tools-for-stm32.13.3.rel1.win32_1.0.0.202411081344/tools/bin/../lib/gcc/arm-none-eabi/13.3.1/../../../../arm-none-eabi/lib/thumb/v6-m/nofp/crt0.o
LOAD ./Core/Src/main.o
LOAD ./Core/Src/sent_app.o
LOAD ./Core/Src/stm32f0xx_hal_msp.o
LOAD ./Core/Src/stm32f0xx_it.o
LOAD ./Core/Src/syscalls.o
LOAD ./Core/Src/sysmem.o
LOAD ./Core/Src/system_stm32f0xx.o
LOAD ./Core/Src/sent/bridge.o
LOAD ./Core/Src/sent/hal_stm32f042.o
LOAD ./Core/Src/sent/mode_manager.o
LOAD ./Core/Src/sent/sent_crc.o
LOAD ./Core/Src/sent/sent_decoder.o
LOAD ./Core/Src/sent/sent_encoder.o
LOAD ./Core/Src/sent/sent_protocol.o
LOAD ./Core/Src/sent/slcan.o
LOAD ./Core/Startup/startup_stm32f042g4ux.o
LOAD ./Drivers/STM32F0xx_HAL_Driver/Src/stm32f0xx_hal.o
LOAD ./Drivers/STM32F0xx_HAL_Driver/Src/stm32f0xx_hal_cortex.o
LOAD ./Drivers/STM32F0xx_HAL_Driver/Src/stm32f0xx_hal_dma.o
LOAD ./Drivers/STM32F0xx_HAL_Driver/Src/stm32f0xx_hal_exti.o
LOAD ./Drivers/STM32F0xx_HAL_Driver/Src/stm32f0xx_hal_flash.o
LOAD ./Drivers/STM32F0xx_HAL_Driver/Src/stm32f0xx_hal_flash_ex.o
LOAD ./Drivers/STM32F0xx_HAL_Driver/Src/stm32f0xx_hal_gpio.o
LOAD ./Drivers/STM32F0xx_HAL_Driver/Src/stm32f0xx_hal_i2c.o
LOAD ./Drivers/STM32F0xx_HAL_Driver/Src/stm32f0xx_hal_i2c_ex.o
LOAD ./Drivers/STM32F0xx_HAL_Driver/Src/stm32f0xx_hal_pcd.o
LOAD ./Drivers/STM32F0xx_HAL_Driver/Src/stm32f0xx_hal_pcd_ex.o
LOAD ./Drivers/STM32F0xx_HAL_Driver/Src/stm32f0xx_hal_pwr.o
LOAD ./Drivers/STM32F0xx_HAL_Driver/Src/stm32f0xx_hal_pwr_ex.o
LOAD ./Drivers/STM32F0xx_HAL_Driver/Src/stm32f0xx_hal_rcc.o
LOAD ./Drivers/STM32F0xx_HAL_Driver/Src/stm32f0xx_hal_rcc_ex.o
LOAD ./Drivers/STM32F0xx_HAL_Driver/Src/stm32f0xx_hal_tim.o
LOAD ./Drivers/STM32F0xx_HAL_Driver/Src/stm32f0xx_hal_tim_ex.o
LOAD ./Drivers/STM32F0xx_HAL_Driver/Src/stm32f0xx_ll_usb.o
LOAD ./Middlewares/ST/STM32_USB_Device_Library/Class/CDC/Src/usbd_cdc.o
LOAD ./Middlewares/ST/STM32_USB_Device_Library/Core/Src/usbd_core.o
LOAD ./Middlewares/ST/STM32_USB_Device_Library/Core/Src/usbd_ctlreq.o
LOAD ./Middlewares/ST/STM32_USB_Device_Library/Core/Src/usbd_ioreq.o
LOAD ./USB_DEVICE/App/usb_device.o
LOAD ./USB_DEVICE/App/usbd_cdc_if.o
LOAD ./USB_DEVICE/App/usbd_desc.o
LOAD ./USB_DEVICE/Target/usbd_conf.o
START GROUP
LOAD C:/ST/STM32CubeIDE_1.19.0/STM32CubeIDE/plugins/com.st.stm32cube.ide.mcu.externaltools.gnu-tools-for-stm32.13.3.rel1.win32_1.0.0.202411081344/tools/bin/../lib/gcc/arm-none-eabi/13.3.1/../../../../arm-none-eabi/lib/thumb/v6-m/nofp\libc_nano.a
LOAD C:/ST/STM32CubeIDE_1.19.0/STM32CubeIDE/plugins/com.st.stm32cube.ide.mcu.externaltools.gnu-tools-for-stm32.13.3.rel1.win32_1.0.0.202411081344/tools/bin/../lib/gcc/arm-none-eabi/13.3.1/../../../../arm-none-eabi/lib/thumb/v6-m/nofp\libm.a
END GROUP
START GROUP
LOAD C:/ST/STM32CubeIDE_1.19.0/STM32CubeIDE/plugins/com.st.stm32cube.ide.mcu.externaltools.gnu-tools-for-stm32.13.3.rel1.win32_1.0.0.202411081344/tools/bin/../lib/gcc/arm-none-eabi/13.3.1/thumb/v6-m/nofp\libgcc.a
LOAD C:/ST/STM32CubeIDE_1.19.0/STM32CubeIDE/plugins/com.st.stm32cube.ide.mcu.externaltools.gnu-tools-for-stm32.13.3.rel1.win32_1.0.0.202411081344/tools/bin/../lib/gcc/arm-none-eabi/13.3.1/../../../../arm-none-eabi/lib/thumb/v6-m/nofp\libc_nano.a
END GROUP
START GROUP
LOAD C:/ST/STM32CubeIDE_1.19.0/STM32CubeIDE/plugins/com.st.stm32cube.ide.mcu.externaltools.gnu-tools-for-stm32.13.3.rel1.win32_1.0.0.202411081344/tools/bin/../lib/gcc/arm-none-eabi/13.3.1/thumb/v6-m/nofp\libgcc.a
LOAD C:/ST/STM32CubeIDE_1.19.0/STM32CubeIDE/plugins/com.st.stm32cube.ide.mcu.externaltools.gnu-tools-for-stm32.13.3.rel1.win32_1.0.0.202411081344/tools/bin/../lib/gcc/arm-none-eabi/13.3.1/../../../../arm-none-eabi/lib/thumb/v6-m/nofp\libc_nano.a
LOAD C:/ST/STM32CubeIDE_1.19.0/STM32CubeIDE/plugins/com.st.stm32cube.ide.mcu.externaltools.gnu-tools-for-stm32.13.3.rel1.win32_1.0.0.202411081344/tools/bin/../lib/gcc/arm-none-eabi/13.3.1/../../../../arm-none-eabi/lib/thumb/v6-m/nofp\libnosys.a
END GROUP
START GROUP
LOAD C:/ST/STM32CubeIDE_1.19.0/STM32CubeIDE/plugins/com.st.stm32cube.ide.mcu.externaltools.gnu-tools-for-stm32.13.3.rel1.win32_1.0.0.202411081344/tools/bin/../lib/gcc/arm-none-eabi/13.3.1/thumb/v6-m/nofp\libgcc.a
LOAD C:/ST/STM32CubeIDE_1.19.0/STM32CubeIDE/plugins/com.st.stm32cube.ide.mcu.externaltools.gnu-tools-for-stm32.13.3.rel1.win32_1.0.0.202411081344/tools/bin/../lib/gcc/arm-none-eabi/13.3.1/../../../../arm-none-eabi/lib/thumb/v6-m/nofp\libc_nano.a
LOAD C:/ST/STM32CubeIDE_1.19.0/STM32CubeIDE/plugins/com.st.stm32cube.ide.mcu.externaltools.gnu-tools-for-stm32.13.3.rel1.win32_1.0.0.202411081344/tools/bin/../lib/gcc/arm-none-eabi/13.3.1/../../../../arm-none-eabi/lib/thumb/v6-m/nofp\libnosys.a
END GROUP
LOAD C:/ST/STM32CubeIDE_1.19.0/STM32CubeIDE/plugins/com.st.stm32cube.ide.mcu.externaltools.gnu-tools-for-stm32.13.3.rel1.win32_1.0.0.202411081344/tools/bin/../lib/gcc/arm-none-eabi/13.3.1/thumb/v6-m/nofp/crtend.o
LOAD C:/ST/STM32CubeIDE_1.19.0/STM32CubeIDE/plugins/com.st.stm32cube.ide.mcu.externaltools.gnu-tools-for-stm32.13.3.rel1.win32_1.0.0.202411081344/tools/bin/../lib/gcc/arm-none-eabi/13.3.1/thumb/v6-m/nofp/crtn.o
                0x20001800                        _estack = (ORIGIN (RAM) + LENGTH (RAM))
                0x00000000                        _Min_Heap_Size = 0x0
                0x00000400                        _Min_Stack_Size = 0x400

.isr_vector     0x08000000       0xc0
                0x08000000                        . = ALIGN (0x4)
 *(.isr_vector)
 .isr_vector    0x08000000       0xc0 ./Core/Startup/startup_stm32f042g4ux.o
                0x08000000                g_pfnVectors
                0x080000c0                        . = ALIGN (0x4)

.text           0x080000c0     0x6a90
                0x080000c0                        . = ALIGN (0x4)
 *(.text)
 .text          0x080000c0       0x48 C:/ST/STM32CubeIDE_1.19.0/STM32CubeIDE/plugins/com.st.stm32cube.ide.mcu.externaltools.gnu-tools-for-stm32.13.3.rel1.win32_1.0.0.202411081344/tools/bin/../lib/gcc/arm-none-eabi/13.3.1/thumb/v6-m/nofp/crtbegin.o
 .text          0x08000108        0xe C:/ST/STM32CubeIDE_1.19.0/STM32CubeIDE/plugins/com.st.stm32cube.ide.mcu.externaltools.gnu-tools-for-stm32.13.3.rel1.win32_1.0.0.202411081344/tools/bin/../lib/gcc/arm-none-eabi/13.3.1/../../../../arm-none-eabi/lib/thumb/v6-m/nofp\libc_nano.a(libc_a-strlen.o)
                0x08000108                strlen
 *fill*         0x08000116        0x2 
 .text          0x08000118       0x14 C:/ST/STM32CubeIDE_1.19.0/STM32CubeIDE/plugins/com.st.stm32cube.ide.mcu.externaltools.gnu-tools-for-stm32.13.3.rel1.win32_1.0.0.202411081344/tools/bin/../lib/gcc/arm-none-eabi/13.3.1/thumb/v6-m/nofp\libgcc.a(_thumb1_case_sqi.o)
                0x08000118                __gnu_thumb1_case_sqi
 .text          0x0800012c       0x14 C:/ST/STM32CubeIDE_1.19.0/STM32CubeIDE/plugins/com.st.stm32cube.ide.mcu.externaltools.gnu-tools-for-stm32.13.3.rel1.win32_1.0.0.202411081344/tools/bin/../lib/gcc/arm-none-eabi/13.3.1/thumb/v6-m/nofp\libgcc.a(_thumb1_case_uqi.o)
                0x0800012c                __gnu_thumb1_case_uqi
 .text          0x08000140       0x14 C:/ST/STM32CubeIDE_1.19.0/STM32CubeIDE/plugins/com.st.stm32cube.ide.mcu.externaltools.gnu-tools-for-stm32.13.3.rel1.win32_1.0.0.202411081344/tools/bin/../lib/gcc/arm-none-eabi/13.3.1/thumb/v6-m/nofp\libgcc.a(_thumb1_case_shi.o)
                0x08000140                __gnu_thumb1_case_shi
 .text          0x08000154      0x114 C:/ST/STM32CubeIDE_1.19.0/STM32CubeIDE/plugins/com.st.stm32cube.ide.mcu.externaltools.gnu-tools-for-stm32.13.3.rel1.win32_1.0.0.202411081344/tools/bin/../lib/gcc/arm-none-eabi/13.3.1/thumb/v6-m/nofp\libgcc.a(_udivsi3.o)
                0x08000154                __aeabi_uidiv
                0x08000154                __udivsi3
                0x08000260                __aeabi_uidivmod
 .text          0x08000268        0x4 C:/ST/STM32CubeIDE_1.19.0/STM32CubeIDE/plugins/com.st.stm32cube.ide.mcu.externaltools.gnu-tools-for-stm32.13.3.rel1.win32_1.0.0.202411081344/tools/bin/../lib/gcc/arm-none-eabi/13.3.1/thumb/v6-m/nofp\libgcc.a(_dvmd_tls.o)
                0x08000268                __aeabi_idiv0
                0x08000268                __aeabi_ldiv0
 *(.text*)
 .text.main     0x0800026c       0x48 ./Core/Src/main.o
                0x0800026c                main
 .text.SystemClock_Config
                0x080002b4       0xa8 ./Core/Src/main.o
                0x080002b4                SystemClock_Config
 .text.MX_TIM2_Init
                0x0800035c       0xf8 ./Core/Src/main.o
 .text.MX_TIM14_Init
                0x08000454       0x4c ./Core/Src/main.o
 .text.MX_GPIO_Init
                0x080004a0       0x70 ./Core/Src/main.o
 .text.HAL_TIM_IC_CaptureCallback
                0x08000510       0x40 ./Core/Src/main.o
                0x08000510                HAL_TIM_IC_CaptureCallback
 .text.SentApp_OnTim14UpdateIrq
                0x08000550      0x1dc ./Core/Src/main.o
                0x08000550                SentApp_OnTim14UpdateIrq
 .text.HAL_TIM_PeriodElapsedCallback
                0x0800072c       0x34 ./Core/Src/main.o
                0x0800072c                HAL_TIM_PeriodElapsedCallback
 .text.Error_Handler
                0x08000760        0xc ./Core/Src/main.o
                0x08000760                Error_Handler
 .text.next_index
                0x0800076c       0x30 ./Core/Src/sent_app.o
 .text.rx_ring_push
                0x0800079c       0x6c ./Core/Src/sent_app.o
 .text.rx_ring_pop
                0x08000808       0x68 ./Core/Src/sent_app.o
 .text.tx_ring_push
                0x08000870       0x60 ./Core/Src/sent_app.o
 .text.tx_enqueue_bytes
                0x080008d0       0x52 ./Core/Src/sent_app.o
 .text.tx_enqueue_cstr
                0x08000922       0x30 ./Core/Src/sent_app.o
 *fill*         0x08000952        0x2 
 .text.kick_tx_timer
                0x08000954       0x5c ./Core/Src/sent_app.o
 .text.handle_slcan_line
                0x080009b0       0x78 ./Core/Src/sent_app.o
 .text.process_usb_rx
                0x08000a28       0x84 ./Core/Src/sent_app.o
 .text.process_sent_rx
                0x08000aac       0x78 ./Core/Src/sent_app.o
 .text.flush_usb_tx
                0x08000b24       0x9c ./Core/Src/sent_app.o
 .text.SentApp_Init
                0x08000bc0       0xcc ./Core/Src/sent_app.o
                0x08000bc0                SentApp_Init
 .text.SentApp_Process
                0x08000c8c       0x16 ./Core/Src/sent_app.o
                0x08000c8c                SentApp_Process
 .text.SentApp_OnUsbRx
                0x08000ca2       0x5a ./Core/Src/sent_app.o
                0x08000ca2                SentApp_OnUsbRx
 .text.SentApp_OnSentRxCaptureEdge
                0x08000cfc       0x28 ./Core/Src/sent_app.o
                0x08000cfc                SentApp_OnSentRxCaptureEdge
 .text.SentApp_OnSentRxTimerOverflow
                0x08000d24       0x18 ./Core/Src/sent_app.o
                0x08000d24                SentApp_OnSentRxTimerOverflow
 .text.SentApp_PopNextTxIntervalTicks
                0x08000d3c       0x2c ./Core/Src/sent_app.o
                0x08000d3c                SentApp_PopNextTxIntervalTicks
 .text.SentApp_HasPendingTxIntervals
                0x08000d68       0x20 ./Core/Src/sent_app.o
                0x08000d68                SentApp_HasPendingTxIntervals
 .text.SentApp_StartRxMode
                0x08000d88       0x18 ./Core/Src/sent_app.o
                0x08000d88                SentApp_StartRxMode
 .text.HAL_MspInit
                0x08000da0       0x58 ./Core/Src/stm32f0xx_hal_msp.o
                0x08000da0                HAL_MspInit
 .text.HAL_TIM_Base_MspInit
                0x08000df8       0xe0 ./Core/Src/stm32f0xx_hal_msp.o
                0x08000df8                HAL_TIM_Base_MspInit
 .text.NMI_Handler
                0x08000ed8        0x8 ./Core/Src/stm32f0xx_it.o
                0x08000ed8                NMI_Handler
 .text.HardFault_Handler
                0x08000ee0        0x8 ./Core/Src/stm32f0xx_it.o
                0x08000ee0                HardFault_Handler
 .text.SVC_Handler
                0x08000ee8        0xa ./Core/Src/stm32f0xx_it.o
                0x08000ee8                SVC_Handler
 .text.PendSV_Handler
                0x08000ef2        0xa ./Core/Src/stm32f0xx_it.o
                0x08000ef2                PendSV_Handler
 .text.SysTick_Handler
                0x08000efc        0xe ./Core/Src/stm32f0xx_it.o
                0x08000efc                SysTick_Handler
 *fill*         0x08000f0a        0x2 
 .text.TIM2_IRQHandler
                0x08000f0c       0x18 ./Core/Src/stm32f0xx_it.o
                0x08000f0c                TIM2_IRQHandler
 .text.TIM14_IRQHandler
                0x08000f24       0x40 ./Core/Src/stm32f0xx_it.o
                0x08000f24                TIM14_IRQHandler
 .text.USB_IRQHandler
                0x08000f64       0x18 ./Core/Src/stm32f0xx_it.o
                0x08000f64                USB_IRQHandler
 .text.SystemInit
                0x08000f7c        0xa ./Core/Src/system_stm32f0xx.o
                0x08000f7c                SystemInit
 .text.sent_mode_manager_mode
                0x08000f86       0x1e ./Core/Src/sent/bridge.o
 .text.sent_mode_manager_is_rx
                0x08000fa4       0x22 ./Core/Src/sent/bridge.o
 .text.sent_mode_manager_is_tx
                0x08000fc6       0x22 ./Core/Src/sent/bridge.o
 .text.response_push
                0x08000fe8       0xaa ./Core/Src/sent/bridge.o
 *fill*         0x08001092        0x2 
 .text.ack_line
                0x08001094       0x2c ./Core/Src/sent/bridge.o
 .text.bridge_start_rx
                0x080010c0       0x3a ./Core/Src/sent/bridge.o
 .text.bridge_stop_rx
                0x080010fa       0x2e ./Core/Src/sent/bridge.o
 .text.bridge_start_tx
                0x08001128       0x3a ./Core/Src/sent/bridge.o
 .text.bridge_stop_tx
                0x08001162       0x2e ./Core/Src/sent/bridge.o
 .text.bridge_stop_all
                0x08001190       0x20 ./Core/Src/sent/bridge.o
 .text.pack_rx_can_frame
                0x080011b0       0xaa ./Core/Src/sent/bridge.o
 .text.handle_tx_can_frame
                0x0800125a      0x11a ./Core/Src/sent/bridge.o
 .text.handle_cmd_start_rx
                0x08001374       0x52 ./Core/Src/sent/bridge.o
 .text.handle_cmd_start_tx
                0x080013c6       0x52 ./Core/Src/sent/bridge.o
 .text.handle_cmd_stop
                0x08001418       0x2c ./Core/Src/sent/bridge.o
 .text.handle_cmd_learn_tick
                0x08001444       0xc6 ./Core/Src/sent/bridge.o
 .text.sent_bridge_init
                0x0800150a       0xb0 ./Core/Src/sent/bridge.o
                0x0800150a                sent_bridge_init
 *fill*         0x080015ba        0x2 
 .text.sent_bridge_on_slcan_line
                0x080015bc      0x200 ./Core/Src/sent/bridge.o
                0x080015bc                sent_bridge_on_slcan_line
 .text.bridge_try_learn
                0x080017bc      0x220 ./Core/Src/sent/bridge.o
 .text.sent_bridge_on_sent_timestamps_us
                0x080019dc       0xda ./Core/Src/sent/bridge.o
                0x080019dc                sent_bridge_on_sent_timestamps_us
 .text.sent_bridge_poll_rx_hal
                0x08001ab6       0xa0 ./Core/Src/sent/bridge.o
                0x08001ab6                sent_bridge_poll_rx_hal
 .text.queue_next_idx
                0x08001b56       0x3a ./Core/Src/sent/hal_stm32f042.o
 .text.rx_push_active_batch_from_isr
                0x08001b90       0xee ./Core/Src/sent/hal_stm32f042.o
 *fill*         0x08001c7e        0x2 
 .text.stm32_rx_start
                0x08001c80       0xe0 ./Core/Src/sent/hal_stm32f042.o
 .text.stm32_rx_stop
                0x08001d60       0x28 ./Core/Src/sent/hal_stm32f042.o
 .text.stm32_rx_poll
                0x08001d88      0x100 ./Core/Src/sent/hal_stm32f042.o
 .text.sent_stm32f042_rx_hal_init
                0x08001e88       0x58 ./Core/Src/sent/hal_stm32f042.o
                0x08001e88                sent_stm32f042_rx_hal_init
 .text.sent_stm32f042_make_rx_hal
                0x08001ee0       0x44 ./Core/Src/sent/hal_stm32f042.o
                0x08001ee0                sent_stm32f042_make_rx_hal
 .text.sent_stm32f042_rx_on_capture_edge_isr
                0x08001f24      0x15a ./Core/Src/sent/hal_stm32f042.o
                0x08001f24                sent_stm32f042_rx_on_capture_edge_isr
 .text.sent_stm32f042_rx_on_overflow_isr
                0x0800207e       0x38 ./Core/Src/sent/hal_stm32f042.o
                0x0800207e                sent_stm32f042_rx_on_overflow_isr
 .text.tx_queue_count
                0x080020b6       0x3e ./Core/Src/sent/hal_stm32f042.o
 .text.stm32_tx_start
                0x080020f4       0x5e ./Core/Src/sent/hal_stm32f042.o
 .text.stm32_tx_stop
                0x08002152       0x28 ./Core/Src/sent/hal_stm32f042.o
 .text.stm32_tx_submit
                0x0800217a      0x150 ./Core/Src/sent/hal_stm32f042.o
 .text.sent_stm32f042_tx_hal_init
                0x080022ca       0x4e ./Core/Src/sent/hal_stm32f042.o
                0x080022ca                sent_stm32f042_tx_hal_init
 .text.sent_stm32f042_make_tx_hal
                0x08002318       0x44 ./Core/Src/sent/hal_stm32f042.o
                0x08002318                sent_stm32f042_make_tx_hal
 .text.sent_stm32f042_tx_pop_next_interval_ticks_from_isr
                0x0800235c      0x14c ./Core/Src/sent/hal_stm32f042.o
                0x0800235c                sent_stm32f042_tx_pop_next_interval_ticks_from_isr
 .text.sent_stm32f042_tx_pending_frames
                0x080024a8       0x50 ./Core/Src/sent/hal_stm32f042.o
                0x080024a8                sent_stm32f042_tx_pending_frames
 .text.sent_mode_manager_init
                0x080024f8       0x30 ./Core/Src/sent/mode_manager.o
                0x080024f8                sent_mode_manager_init
 .text.sent_mode_manager_start_rx
                0x08002528       0x22 ./Core/Src/sent/mode_manager.o
                0x08002528                sent_mode_manager_start_rx
 .text.sent_mode_manager_start_tx
                0x0800254a       0x22 ./Core/Src/sent/mode_manager.o
                0x0800254a                sent_mode_manager_start_tx
 .text.sent_mode_manager_stop
                0x0800256c       0x22 ./Core/Src/sent/mode_manager.o
                0x0800256c                sent_mode_manager_stop
 .text.sent_crc4_j2716
                0x0800258e      0x126 ./Core/Src/sent/sent_crc.o
                0x0800258e                sent_crc4_j2716
 .text.decode_nibble_array
                0x080026b4       0xa8 ./Core/Src/sent/sent_decoder.o
 .text.decode_pause_interval
                0x0800275c       0x7c ./Core/Src/sent/sent_decoder.o
 .text.sent_decode_from_timestamps_us
                0x080027d8      0x342 ./Core/Src/sent/sent_decoder.o
                0x080027d8                sent_decode_from_timestamps_us
 .text.sent_build_intervals_ticks
                0x08002b1a      0x196 ./Core/Src/sent/sent_encoder.o
                0x08002b1a                sent_build_intervals_ticks
 .text.sent_default_config
                0x08002cb0       0x48 ./Core/Src/sent/sent_protocol.o
                0x08002cb0                sent_default_config
 .text.sent_validate_config
                0x08002cf8       0x52 ./Core/Src/sent/sent_protocol.o
                0x08002cf8                sent_validate_config
 .text.sent_pack_nibbles
                0x08002d4a       0xa0 ./Core/Src/sent/sent_protocol.o
                0x08002d4a                sent_pack_nibbles
 .text.sent_unpack_nibbles
                0x08002dea      0x102 ./Core/Src/sent/sent_protocol.o
                0x08002dea                sent_unpack_nibbles
 .text.trim_len
                0x08002eec       0x54 ./Core/Src/sent/slcan.o
 .text.parse_hex_slice
                0x08002f40       0xe4 ./Core/Src/sent/slcan.o
 .text.nibble_to_hex
                0x08003024       0x3a ./Core/Src/sent/slcan.o
 .text.append_hex
                0x0800305e       0x68 ./Core/Src/sent/slcan.o
 .text.sent_slcan_parse_line
                0x080030c6      0x240 ./Core/Src/sent/slcan.o
                0x080030c6                sent_slcan_parse_line
 .text.sent_slcan_serialize_frame
                0x08003306      0x11c ./Core/Src/sent/slcan.o
                0x08003306                sent_slcan_serialize_frame
 *fill*         0x08003422        0x2 
 .text.Reset_Handler
                0x08003424       0x80 ./Core/Startup/startup_stm32f042g4ux.o
                0x08003424                Reset_Handler
 .text.Default_Handler
                0x080034a4        0x2 ./Core/Startup/startup_stm32f042g4ux.o
                0x080034a4                TIM1_CC_IRQHandler
                0x080034a4                TSC_IRQHandler
                0x080034a4                I2C1_IRQHandler
                0x080034a4                RCC_CRS_IRQHandler
                0x080034a4                SPI1_IRQHandler
                0x080034a4                EXTI2_3_IRQHandler
                0x080034a4                ADC1_IRQHandler
                0x080034a4                TIM17_IRQHandler
                0x080034a4                CEC_CAN_IRQHandler
                0x080034a4                RTC_IRQHandler
                0x080034a4                PVD_VDDIO2_IRQHandler
                0x080034a4                TIM16_IRQHandler
                0x080034a4                TIM3_IRQHandler
                0x080034a4                EXTI4_15_IRQHandler
                0x080034a4                DMA1_Channel1_IRQHandler
                0x080034a4                Default_Handler
                0x080034a4                DMA1_Channel4_5_IRQHandler
                0x080034a4                EXTI0_1_IRQHandler
                0x080034a4                SPI2_IRQHandler
                0x080034a4                WWDG_IRQHandler
                0x080034a4                DMA1_Channel2_3_IRQHandler
                0x080034a4                USART2_IRQHandler
                0x080034a4                FLASH_IRQHandler
                0x080034a4                USART1_IRQHandler
                0x080034a4                TIM1_BRK_UP_TRG_COM_IRQHandler
 *fill*         0x080034a6        0x2 
 .text.HAL_InitTick
                0x080034a8       0x48 ./Drivers/STM32F0xx_HAL_Driver/Src/stm32f0xx_hal.o
                0x080034a8                HAL_InitTick
 .text.HAL_Init
                0x080034f0       0x20 ./Drivers/STM32F0xx_HAL_Driver/Src/stm32f0xx_hal.o
                0x080034f0                HAL_Init
 .text.HAL_IncTick
                0x08003510       0x18 ./Drivers/STM32F0xx_HAL_Driver/Src/stm32f0xx_hal.o
                0x08003510                HAL_IncTick
 .text.HAL_GetTick
                0x08003528        0xc ./Drivers/STM32F0xx_HAL_Driver/Src/stm32f0xx_hal.o
                0x08003528                HAL_GetTick
 .text.HAL_NVIC_SetPriority
                0x08003534       0x54 ./Drivers/STM32F0xx_HAL_Driver/Src/stm32f0xx_hal_cortex.o
                0x08003534                HAL_NVIC_SetPriority
 .text.HAL_NVIC_EnableIRQ
                0x08003588       0x18 ./Drivers/STM32F0xx_HAL_Driver/Src/stm32f0xx_hal_cortex.o
                0x08003588                HAL_NVIC_EnableIRQ
 .text.HAL_SYSTICK_Config
                0x080035a0       0x34 ./Drivers/STM32F0xx_HAL_Driver/Src/stm32f0xx_hal_cortex.o
                0x080035a0                HAL_SYSTICK_Config
 .text.HAL_GPIO_Init
                0x080035d4      0x164 ./Drivers/STM32F0xx_HAL_Driver/Src/stm32f0xx_hal_gpio.o
                0x080035d4                HAL_GPIO_Init
 .text.HAL_GPIO_WritePin
                0x08003738        0xc ./Drivers/STM32F0xx_HAL_Driver/Src/stm32f0xx_hal_gpio.o
                0x08003738                HAL_GPIO_WritePin
 .text.HAL_PCD_Init
                0x08003744       0x98 ./Drivers/STM32F0xx_HAL_Driver/Src/stm32f0xx_hal_pcd.o
                0x08003744                HAL_PCD_Init
 .text.HAL_PCD_Start
                0x080037dc       0x26 ./Drivers/STM32F0xx_HAL_Driver/Src/stm32f0xx_hal_pcd.o
                0x080037dc                HAL_PCD_Start
 .text.HAL_PCD_SetAddress
                0x08003802       0x22 ./Drivers/STM32F0xx_HAL_Driver/Src/stm32f0xx_hal_pcd.o
                0x08003802                HAL_PCD_SetAddress
 .text.HAL_PCD_IRQHandler
                0x08003824      0x9cc ./Drivers/STM32F0xx_HAL_Driver/Src/stm32f0xx_hal_pcd.o
                0x08003824                HAL_PCD_IRQHandler
 .text.HAL_PCD_EP_Open
                0x080041f0       0x58 ./Drivers/STM32F0xx_HAL_Driver/Src/stm32f0xx_hal_pcd.o
                0x080041f0                HAL_PCD_EP_Open
 .text.HAL_PCD_EP_Close
                0x08004248       0x4c ./Drivers/STM32F0xx_HAL_Driver/Src/stm32f0xx_hal_pcd.o
                0x08004248                HAL_PCD_EP_Close
 .text.HAL_PCD_EP_Receive
                0x08004294       0x36 ./Drivers/STM32F0xx_HAL_Driver/Src/stm32f0xx_hal_pcd.o
                0x08004294                HAL_PCD_EP_Receive
 .text.HAL_PCD_EP_GetRxCount
                0x080042ca       0x10 ./Drivers/STM32F0xx_HAL_Driver/Src/stm32f0xx_hal_pcd.o
                0x080042ca                HAL_PCD_EP_GetRxCount
 .text.HAL_PCD_EP_Transmit
                0x080042da       0x30 ./Drivers/STM32F0xx_HAL_Driver/Src/stm32f0xx_hal_pcd.o
                0x080042da                HAL_PCD_EP_Transmit
 .text.HAL_PCD_EP_SetStall
                0x0800430a       0x5c ./Drivers/STM32F0xx_HAL_Driver/Src/stm32f0xx_hal_pcd.o
                0x0800430a                HAL_PCD_EP_SetStall
 .text.HAL_PCD_EP_ClrStall
                0x08004366       0x5c ./Drivers/STM32F0xx_HAL_Driver/Src/stm32f0xx_hal_pcd.o
                0x08004366                HAL_PCD_EP_ClrStall
 .text.HAL_PCDEx_PMAConfig
                0x080043c2       0x30 ./Drivers/STM32F0xx_HAL_Driver/Src/stm32f0xx_hal_pcd_ex.o
                0x080043c2                HAL_PCDEx_PMAConfig
 .text.HAL_PCDEx_ActivateLPM
                0x080043f2       0x28 ./Drivers/STM32F0xx_HAL_Driver/Src/stm32f0xx_hal_pcd_ex.o
                0x080043f2                HAL_PCDEx_ActivateLPM
 .text.HAL_PCDEx_LPM_Callback
                0x0800441a        0x2 ./Drivers/STM32F0xx_HAL_Driver/Src/stm32f0xx_hal_pcd_ex.o
                0x0800441a                HAL_PCDEx_LPM_Callback
 .text.HAL_RCC_OscConfig
                0x0800441c      0x4a0 ./Drivers/STM32F0xx_HAL_Driver/Src/stm32f0xx_hal_rcc.o
                0x0800441c                HAL_RCC_OscConfig
 .text.HAL_RCC_GetSysClockFreq
                0x080048bc       0x6c ./Drivers/STM32F0xx_HAL_Driver/Src/stm32f0xx_hal_rcc.o
                0x080048bc                HAL_RCC_GetSysClockFreq
 .text.HAL_RCC_ClockConfig
                0x08004928      0x114 ./Drivers/STM32F0xx_HAL_Driver/Src/stm32f0xx_hal_rcc.o
                0x08004928                HAL_RCC_ClockConfig
 .text.HAL_RCCEx_PeriphCLKConfig
                0x08004a3c      0x130 ./Drivers/STM32F0xx_HAL_Driver/Src/stm32f0xx_hal_rcc_ex.o
                0x08004a3c                HAL_RCCEx_PeriphCLKConfig
 .text.HAL_TIM_Base_Start_IT
                0x08004b6c       0x54 ./Drivers/STM32F0xx_HAL_Driver/Src/stm32f0xx_hal_tim.o
                0x08004b6c                HAL_TIM_Base_Start_IT
 .text.HAL_TIM_Base_Stop_IT
                0x08004bc0       0x34 ./Drivers/STM32F0xx_HAL_Driver/Src/stm32f0xx_hal_tim.o
                0x08004bc0                HAL_TIM_Base_Stop_IT
 .text.HAL_TIM_IC_MspInit
                0x08004bf4        0x2 ./Drivers/STM32F0xx_HAL_Driver/Src/stm32f0xx_hal_tim.o
                0x08004bf4                HAL_TIM_IC_MspInit
 .text.HAL_TIM_ReadCapturedValue
                0x08004bf6       0x2e ./Drivers/STM32F0xx_HAL_Driver/Src/stm32f0xx_hal_tim.o
                0x08004bf6                HAL_TIM_ReadCapturedValue
 .text.HAL_TIM_OC_DelayElapsedCallback
                0x08004c24        0x2 ./Drivers/STM32F0xx_HAL_Driver/Src/stm32f0xx_hal_tim.o
                0x08004c24                HAL_TIM_OC_DelayElapsedCallback
 .text.HAL_TIM_PWM_PulseFinishedCallback
                0x08004c26        0x2 ./Drivers/STM32F0xx_HAL_Driver/Src/stm32f0xx_hal_tim.o
                0x08004c26                HAL_TIM_PWM_PulseFinishedCallback
 .text.HAL_TIM_TriggerCallback
                0x08004c28        0x2 ./Drivers/STM32F0xx_HAL_Driver/Src/stm32f0xx_hal_tim.o
                0x08004c28                HAL_TIM_TriggerCallback
 .text.HAL_TIM_IRQHandler
                0x08004c2a      0x138 ./Drivers/STM32F0xx_HAL_Driver/Src/stm32f0xx_hal_tim.o
                0x08004c2a                HAL_TIM_IRQHandler
 *fill*         0x08004d62        0x2 
 .text.TIM_Base_SetConfig
                0x08004d64       0x8c ./Drivers/STM32F0xx_HAL_Driver/Src/stm32f0xx_hal_tim.o
                0x08004d64                TIM_Base_SetConfig
 .text.HAL_TIM_Base_Init
                0x08004df0       0x50 ./Drivers/STM32F0xx_HAL_Driver/Src/stm32f0xx_hal_tim.o
                0x08004df0                HAL_TIM_Base_Init
 .text.HAL_TIM_IC_Init
                0x08004e40       0x50 ./Drivers/STM32F0xx_HAL_Driver/Src/stm32f0xx_hal_tim.o
                0x08004e40                HAL_TIM_IC_Init
 .text.TIM_TI1_SetConfig
                0x08004e90       0x50 ./Drivers/STM32F0xx_HAL_Driver/Src/stm32f0xx_hal_tim.o
                0x08004e90                TIM_TI1_SetConfig
 .text.HAL_TIM_IC_ConfigChannel
                0x08004ee0      0x154 ./Drivers/STM32F0xx_HAL_Driver/Src/stm32f0xx_hal_tim.o
                0x08004ee0                HAL_TIM_IC_ConfigChannel
 .text.TIM_ETR_SetConfig
                0x08005034       0x18 ./Drivers/STM32F0xx_HAL_Driver/Src/stm32f0xx_hal_tim.o
                0x08005034                TIM_ETR_SetConfig
 .text.HAL_TIM_ConfigClockSource
                0x0800504c      0x12c ./Drivers/STM32F0xx_HAL_Driver/Src/stm32f0xx_hal_tim.o
                0x0800504c                HAL_TIM_ConfigClockSource
 .text.TIM_CCxChannelCmd
                0x08005178       0x1a ./Drivers/STM32F0xx_HAL_Driver/Src/stm32f0xx_hal_tim.o
                0x08005178                TIM_CCxChannelCmd
 *fill*         0x08005192        0x2 
 .text.HAL_TIM_IC_Start_IT
                0x08005194       0xb8 ./Drivers/STM32F0xx_HAL_Driver/Src/stm32f0xx_hal_tim.o
                0x08005194                HAL_TIM_IC_Start_IT
 .text.HAL_TIMEx_MasterConfigSynchronization
                0x0800524c       0x58 ./Drivers/STM32F0xx_HAL_Driver/Src/stm32f0xx_hal_tim_ex.o
                0x0800524c                HAL_TIMEx_MasterConfigSynchronization
 .text.HAL_TIMEx_CommutCallback
                0x080052a4        0x2 ./Drivers/STM32F0xx_HAL_Driver/Src/stm32f0xx_hal_tim_ex.o
                0x080052a4                HAL_TIMEx_CommutCallback
 .text.HAL_TIMEx_BreakCallback
                0x080052a6        0x2 ./Drivers/STM32F0xx_HAL_Driver/Src/stm32f0xx_hal_tim_ex.o
                0x080052a6                HAL_TIMEx_BreakCallback
 .text.USB_EnableGlobalInt
                0x080052a8       0x14 ./Drivers/STM32F0xx_HAL_Driver/Src/stm32f0xx_ll_usb.o
                0x080052a8                USB_EnableGlobalInt
 .text.USB_DisableGlobalInt
                0x080052bc       0x14 ./Drivers/STM32F0xx_HAL_Driver/Src/stm32f0xx_ll_usb.o
                0x080052bc                USB_DisableGlobalInt
 .text.USB_DevInit
                0x080052d0       0x1a ./Drivers/STM32F0xx_HAL_Driver/Src/stm32f0xx_ll_usb.o
                0x080052d0                USB_DevInit
 *fill*         0x080052ea        0x2 
 .text.USB_ActivateEndpoint
                0x080052ec      0x220 ./Drivers/STM32F0xx_HAL_Driver/Src/stm32f0xx_ll_usb.o
                0x080052ec                USB_ActivateEndpoint
 .text.USB_DeactivateEndpoint
                0x0800550c       0xf4 ./Drivers/STM32F0xx_HAL_Driver/Src/stm32f0xx_ll_usb.o
                0x0800550c                USB_DeactivateEndpoint
 .text.USB_EPSetStall
                0x08005600       0x44 ./Drivers/STM32F0xx_HAL_Driver/Src/stm32f0xx_ll_usb.o
                0x08005600                USB_EPSetStall
 .text.USB_EPClearStall
                0x08005644       0x74 ./Drivers/STM32F0xx_HAL_Driver/Src/stm32f0xx_ll_usb.o
                0x08005644                USB_EPClearStall
 .text.USB_SetDevAddress
                0x080056b8        0xe ./Drivers/STM32F0xx_HAL_Driver/Src/stm32f0xx_ll_usb.o
                0x080056b8                USB_SetDevAddress
 .text.USB_DevConnect
                0x080056c6       0x10 ./Drivers/STM32F0xx_HAL_Driver/Src/stm32f0xx_ll_usb.o
                0x080056c6                USB_DevConnect
 .text.USB_ReadInterrupts
                0x080056d6        0x8 ./Drivers/STM32F0xx_HAL_Driver/Src/stm32f0xx_ll_usb.o
                0x080056d6                USB_ReadInterrupts
 .text.USB_WritePMA
                0x080056de       0x2a ./Drivers/STM32F0xx_HAL_Driver/Src/stm32f0xx_ll_usb.o
                0x080056de                USB_WritePMA
 .text.USB_EPStartXfer
                0x08005708      0x464 ./Drivers/STM32F0xx_HAL_Driver/Src/stm32f0xx_ll_usb.o
                0x08005708                USB_EPStartXfer
 .text.USB_ReadPMA
                0x08005b6c       0x36 ./Drivers/STM32F0xx_HAL_Driver/Src/stm32f0xx_ll_usb.o
                0x08005b6c                USB_ReadPMA
 *fill*         0x08005ba2        0x2 
 .text.USBD_CDC_EP0_RxReady
                0x08005ba4       0x34 ./Middlewares/ST/STM32_USB_Device_Library/Class/CDC/Src/usbd_cdc.o
 .text.USBD_CDC_GetFSCfgDesc
                0x08005bd8        0xc ./Middlewares/ST/STM32_USB_Device_Library/Class/CDC/Src/usbd_cdc.o
 .text.USBD_CDC_GetHSCfgDesc
                0x08005be4        0xc ./Middlewares/ST/STM32_USB_Device_Library/Class/CDC/Src/usbd_cdc.o
 .text.USBD_CDC_GetOtherSpeedCfgDesc
                0x08005bf0        0xc ./Middlewares/ST/STM32_USB_Device_Library/Class/CDC/Src/usbd_cdc.o
 .text.USBD_CDC_GetDeviceQualifierDescriptor
                0x08005bfc        0xc ./Middlewares/ST/STM32_USB_Device_Library/Class/CDC/Src/usbd_cdc.o
                0x08005bfc                USBD_CDC_GetDeviceQualifierDescriptor
 .text.USBD_CDC_DataOut
                0x08005c08       0x34 ./Middlewares/ST/STM32_USB_Device_Library/Class/CDC/Src/usbd_cdc.o
 .text.USBD_CDC_DataIn
                0x08005c3c       0x4c ./Middlewares/ST/STM32_USB_Device_Library/Class/CDC/Src/usbd_cdc.o
 .text.USBD_CDC_Setup
                0x08005c88       0xbc ./Middlewares/ST/STM32_USB_Device_Library/Class/CDC/Src/usbd_cdc.o
 .text.USBD_CDC_DeInit
                0x08005d44       0x46 ./Middlewares/ST/STM32_USB_Device_Library/Class/CDC/Src/usbd_cdc.o
 .text.USBD_CDC_Init
                0x08005d8a       0x96 ./Middlewares/ST/STM32_USB_Device_Library/Class/CDC/Src/usbd_cdc.o
 .text.USBD_CDC_RegisterInterface
                0x08005e20       0x12 ./Middlewares/ST/STM32_USB_Device_Library/Class/CDC/Src/usbd_cdc.o
                0x08005e20                USBD_CDC_RegisterInterface
 .text.USBD_CDC_SetTxBuffer
                0x08005e32       0x16 ./Middlewares/ST/STM32_USB_Device_Library/Class/CDC/Src/usbd_cdc.o
                0x08005e32                USBD_CDC_SetTxBuffer
 .text.USBD_CDC_SetRxBuffer
                0x08005e48        0xe ./Middlewares/ST/STM32_USB_Device_Library/Class/CDC/Src/usbd_cdc.o
                0x08005e48                USBD_CDC_SetRxBuffer
 .text.USBD_CDC_TransmitPacket
                0x08005e56       0x38 ./Middlewares/ST/STM32_USB_Device_Library/Class/CDC/Src/usbd_cdc.o
                0x08005e56                USBD_CDC_TransmitPacket
 .text.USBD_CDC_ReceivePacket
                0x08005e8e       0x2e ./Middlewares/ST/STM32_USB_Device_Library/Class/CDC/Src/usbd_cdc.o
                0x08005e8e                USBD_CDC_ReceivePacket
 .text.USBD_Init
                0x08005ebc       0x34 ./Middlewares/ST/STM32_USB_Device_Library/Core/Src/usbd_core.o
                0x08005ebc                USBD_Init
 .text.USBD_RegisterClass
                0x08005ef0       0x12 ./Middlewares/ST/STM32_USB_Device_Library/Core/Src/usbd_core.o
                0x08005ef0                USBD_RegisterClass
 .text.USBD_Start
                0x08005f02        0xa ./Middlewares/ST/STM32_USB_Device_Library/Core/Src/usbd_core.o
                0x08005f02                USBD_Start
 .text.USBD_SetClassConfig
                0x08005f0c       0x1c ./Middlewares/ST/STM32_USB_Device_Library/Core/Src/usbd_core.o
                0x08005f0c                USBD_SetClassConfig
 .text.USBD_ClrClassConfig
                0x08005f28       0x10 ./Middlewares/ST/STM32_USB_Device_Library/Core/Src/usbd_core.o
                0x08005f28                USBD_ClrClassConfig
 .text.USBD_LL_SetupStage
                0x08005f38       0x64 ./Middlewares/ST/STM32_USB_Device_Library/Core/Src/usbd_core.o
                0x08005f38                USBD_LL_SetupStage
 .text.USBD_LL_DataOutStage
                0x08005f9c       0x86 ./Middlewares/ST/STM32_USB_Device_Library/Core/Src/usbd_core.o
                0x08005f9c                USBD_LL_DataOutStage
 .text.USBD_LL_DataInStage
                0x08006022       0xc8 ./Middlewares/ST/STM32_USB_Device_Library/Core/Src/usbd_core.o
                0x08006022                USBD_LL_DataInStage
 .text.USBD_LL_Reset
                0x080060ea       0x54 ./Middlewares/ST/STM32_USB_Device_Library/Core/Src/usbd_core.o
                0x080060ea                USBD_LL_Reset
 .text.USBD_LL_SetSpeed
                0x0800613e        0x6 ./Middlewares/ST/STM32_USB_Device_Library/Core/Src/usbd_core.o
                0x0800613e                USBD_LL_SetSpeed
 .text.USBD_LL_Suspend
                0x08006144       0x18 ./Middlewares/ST/STM32_USB_Device_Library/Core/Src/usbd_core.o
                0x08006144                USBD_LL_Suspend
 .text.USBD_LL_Resume
                0x0800615c       0x18 ./Middlewares/ST/STM32_USB_Device_Library/Core/Src/usbd_core.o
                0x0800615c                USBD_LL_Resume
 .text.USBD_LL_SOF
                0x08006174       0x1e ./Middlewares/ST/STM32_USB_Device_Library/Core/Src/usbd_core.o
                0x08006174                USBD_LL_SOF
 .text.USBD_CtlError.constprop.0
                0x08006192       0x14 ./Middlewares/ST/STM32_USB_Device_Library/Core/Src/usbd_ctlreq.o
 *fill*         0x080061a6        0x2 
 .text.USBD_StdDevReq
                0x080061a8      0x280 ./Middlewares/ST/STM32_USB_Device_Library/Core/Src/usbd_ctlreq.o
                0x080061a8                USBD_StdDevReq
 .text.USBD_StdItfReq
                0x08006428       0x50 ./Middlewares/ST/STM32_USB_Device_Library/Core/Src/usbd_ctlreq.o
                0x08006428                USBD_StdItfReq
 .text.USBD_StdEPReq
                0x08006478      0x128 ./Middlewares/ST/STM32_USB_Device_Library/Core/Src/usbd_ctlreq.o
                0x08006478                USBD_StdEPReq
 .text.USBD_ParseSetupRequest
                0x080065a0       0x28 ./Middlewares/ST/STM32_USB_Device_Library/Core/Src/usbd_ctlreq.o
                0x080065a0                USBD_ParseSetupRequest
 .text.USBD_CtlError
                0x080065c8       0x14 ./Middlewares/ST/STM32_USB_Device_Library/Core/Src/usbd_ctlreq.o
                0x080065c8                USBD_CtlError
 .text.USBD_GetString
                0x080065dc       0x3a ./Middlewares/ST/STM32_USB_Device_Library/Core/Src/usbd_ctlreq.o
                0x080065dc                USBD_GetString
 .text.USBD_CtlSendData
                0x08006616       0x1c ./Middlewares/ST/STM32_USB_Device_Library/Core/Src/usbd_ioreq.o
                0x08006616                USBD_CtlSendData
 .text.USBD_CtlContinueSendData
                0x08006632       0x10 ./Middlewares/ST/STM32_USB_Device_Library/Core/Src/usbd_ioreq.o
                0x08006632                USBD_CtlContinueSendData
 .text.USBD_CtlPrepareRx
                0x08006642       0x20 ./Middlewares/ST/STM32_USB_Device_Library/Core/Src/usbd_ioreq.o
                0x08006642                USBD_CtlPrepareRx
 .text.USBD_CtlContinueRx
                0x08006662       0x10 ./Middlewares/ST/STM32_USB_Device_Library/Core/Src/usbd_ioreq.o
                0x08006662                USBD_CtlContinueRx
 .text.USBD_CtlSendStatus
                0x08006672       0x18 ./Middlewares/ST/STM32_USB_Device_Library/Core/Src/usbd_ioreq.o
                0x08006672                USBD_CtlSendStatus
 .text.USBD_CtlReceiveStatus
                0x0800668a       0x18 ./Middlewares/ST/STM32_USB_Device_Library/Core/Src/usbd_ioreq.o
                0x0800668a                USBD_CtlReceiveStatus
 *fill*         0x080066a2        0x2 
 .text.MX_USB_DEVICE_Init
                0x080066a4       0x58 ./USB_DEVICE/App/usb_device.o
                0x080066a4                MX_USB_DEVICE_Init
 .text.CDC_DeInit_FS
                0x080066fc        0x4 ./USB_DEVICE/App/usbd_cdc_if.o
 .text.CDC_Control_FS
                0x08006700        0x4 ./USB_DEVICE/App/usbd_cdc_if.o
 .text.CDC_Receive_FS
                0x08006704       0x24 ./USB_DEVICE/App/usbd_cdc_if.o
 .text.CDC_Init_FS
                0x08006728       0x28 ./USB_DEVICE/App/usbd_cdc_if.o
 .text.CDC_Transmit_FS
                0x08006750       0x2c ./USB_DEVICE/App/usbd_cdc_if.o
                0x08006750                CDC_Transmit_FS
 .text.USBD_FS_DeviceDescriptor
                0x0800677c        0xc ./USB_DEVICE/App/usbd_desc.o
                0x0800677c                USBD_FS_DeviceDescriptor
 .text.USBD_FS_LangIDStrDescriptor
                0x08006788        0xc ./USB_DEVICE/App/usbd_desc.o
                0x08006788                USBD_FS_LangIDStrDescriptor
 .text.IntToUnicode
                0x08006794       0x24 ./USB_DEVICE/App/usbd_desc.o
 .text.USBD_FS_SerialStrDescriptor
                0x080067b8       0x48 ./USB_DEVICE/App/usbd_desc.o
                0x080067b8                USBD_FS_SerialStrDescriptor
 .text.USBD_FS_ManufacturerStrDescriptor
                0x08006800       0x1c ./USB_DEVICE/App/usbd_desc.o
                0x08006800                USBD_FS_ManufacturerStrDescriptor
 .text.USBD_FS_ProductStrDescriptor
                0x0800681c       0x1c ./USB_DEVICE/App/usbd_desc.o
                0x0800681c                USBD_FS_ProductStrDescriptor
 .text.USBD_FS_ConfigStrDescriptor
                0x08006838       0x1c ./USB_DEVICE/App/usbd_desc.o
                0x08006838                USBD_FS_ConfigStrDescriptor
 .text.USBD_FS_InterfaceStrDescriptor
                0x08006854       0x1c ./USB_DEVICE/App/usbd_desc.o
                0x08006854                USBD_FS_InterfaceStrDescriptor
 .text.USBD_Get_USB_Status
                0x08006870        0xe ./USB_DEVICE/Target/usbd_conf.o
 *fill*         0x0800687e        0x2 
 .text.HAL_PCD_MspInit
                0x08006880       0x38 ./USB_DEVICE/Target/usbd_conf.o
                0x08006880                HAL_PCD_MspInit
 .text.HAL_PCD_SetupStageCallback
                0x080068b8       0x12 ./USB_DEVICE/Target/usbd_conf.o
                0x080068b8                HAL_PCD_SetupStageCallback
 .text.HAL_PCD_DataOutStageCallback
                0x080068ca       0x18 ./USB_DEVICE/Target/usbd_conf.o
                0x080068ca                HAL_PCD_DataOutStageCallback
 .text.HAL_PCD_DataInStageCallback
                0x080068e2       0x16 ./USB_DEVICE/Target/usbd_conf.o
                0x080068e2                HAL_PCD_DataInStageCallback
 .text.HAL_PCD_SOFCallback
                0x080068f8        0xe ./USB_DEVICE/Target/usbd_conf.o
                0x080068f8                HAL_PCD_SOFCallback
 .text.HAL_PCD_ResetCallback
                0x08006906       0x22 ./USB_DEVICE/Target/usbd_conf.o
                0x08006906                HAL_PCD_ResetCallback
 .text.HAL_PCD_SuspendCallback
                0x08006928       0x24 ./USB_DEVICE/Target/usbd_conf.o
                0x08006928                HAL_PCD_SuspendCallback
 .text.HAL_PCD_ResumeCallback
                0x0800694c       0x28 ./USB_DEVICE/Target/usbd_conf.o
                0x0800694c                HAL_PCD_ResumeCallback
 .text.USBD_LL_Init
                0x08006974       0x80 ./USB_DEVICE/Target/usbd_conf.o
                0x08006974                USBD_LL_Init
 .text.USBD_LL_Start
                0x080069f4       0x12 ./USB_DEVICE/Target/usbd_conf.o
                0x080069f4                USBD_LL_Start
 .text.USBD_LL_OpenEP
                0x08006a06       0x18 ./USB_DEVICE/Target/usbd_conf.o
                0x08006a06                USBD_LL_OpenEP
 .text.USBD_LL_CloseEP
                0x08006a1e       0x12 ./USB_DEVICE/Target/usbd_conf.o
                0x08006a1e                USBD_LL_CloseEP
 .text.USBD_LL_StallEP
                0x08006a30       0x12 ./USB_DEVICE/Target/usbd_conf.o
                0x08006a30                USBD_LL_StallEP
 .text.USBD_LL_ClearStallEP
                0x08006a42       0x12 ./USB_DEVICE/Target/usbd_conf.o
                0x08006a42                USBD_LL_ClearStallEP
 .text.USBD_LL_IsStallEP
                0x08006a54       0x26 ./USB_DEVICE/Target/usbd_conf.o
                0x08006a54                USBD_LL_IsStallEP
 .text.USBD_LL_SetUSBAddress
                0x08006a7a       0x12 ./USB_DEVICE/Target/usbd_conf.o
                0x08006a7a                USBD_LL_SetUSBAddress
 .text.USBD_LL_Transmit
                0x08006a8c       0x12 ./USB_DEVICE/Target/usbd_conf.o
                0x08006a8c                USBD_LL_Transmit
 .text.USBD_LL_PrepareReceive
                0x08006a9e       0x12 ./USB_DEVICE/Target/usbd_conf.o
                0x08006a9e                USBD_LL_PrepareReceive
 .text.USBD_LL_GetRxDataSize
                0x08006ab0        0xe ./USB_DEVICE/Target/usbd_conf.o
                0x08006ab0                USBD_LL_GetRxDataSize
 *fill*         0x08006abe        0x2 
 .text.USBD_static_malloc
                0x08006ac0        0x8 ./USB_DEVICE/Target/usbd_conf.o
                0x08006ac0                USBD_static_malloc
 .text.USBD_static_free
                0x08006ac8        0x2 ./USB_DEVICE/Target/usbd_conf.o
                0x08006ac8                USBD_static_free
 .text.memset   0x08006aca       0x10 C:/ST/STM32CubeIDE_1.19.0/STM32CubeIDE/plugins/com.st.stm32cube.ide.mcu.externaltools.gnu-tools-for-stm32.13.3.rel1.win32_1.0.0.202411081344/tools/bin/../lib/gcc/arm-none-eabi/13.3.1/../../../../arm-none-eabi/lib/thumb/v6-m/nofp\libc_nano.a(libc_a-memset.o)
                0x08006aca                memset
 *fill*         0x08006ada        0x2 
 .text.__libc_init_array
                0x08006adc       0x48 C:/ST/STM32CubeIDE_1.19.0/STM32CubeIDE/plugins/com.st.stm32cube.ide.mcu.externaltools.gnu-tools-for-stm32.13.3.rel1.win32_1.0.0.202411081344/tools/bin/../lib/gcc/arm-none-eabi/13.3.1/../../../../arm-none-eabi/lib/thumb/v6-m/nofp\libc_nano.a(libc_a-init.o)
                0x08006adc                __libc_init_array
 .text.memcpy   0x08006b24       0x12 C:/ST/STM32CubeIDE_1.19.0/STM32CubeIDE/plugins/com.st.stm32cube.ide.mcu.externaltools.gnu-tools-for-stm32.13.3.rel1.win32_1.0.0.202411081344/tools/bin/../lib/gcc/arm-none-eabi/13.3.1/../../../../arm-none-eabi/lib/thumb/v6-m/nofp\libc_nano.a(libc_a-memcpy-stub.o)
                0x08006b24                memcpy
 *(.glue_7)
 .glue_7        0x08006b36        0x0 linker stubs
 *(.glue_7t)
 .glue_7t       0x08006b36        0x0 linker stubs
 *(.eh_frame)
 *fill*         0x08006b36        0x2 
 .eh_frame      0x08006b38        0x0 C:/ST/STM32CubeIDE_1.19.0/STM32CubeIDE/plugins/com.st.stm32cube.ide.mcu.externaltools.gnu-tools-for-stm32.13.3.rel1.win32_1.0.0.202411081344/tools/bin/../lib/gcc/arm-none-eabi/13.3.1/thumb/v6-m/nofp/crtbegin.o
 *(.init)
 .init          0x08006b38        0x4 C:/ST/STM32CubeIDE_1.19.0/STM32CubeIDE/plugins/com.st.stm32cube.ide.mcu.externaltools.gnu-tools-for-stm32.13.3.rel1.win32_1.0.0.202411081344/tools/bin/../lib/gcc/arm-none-eabi/13.3.1/thumb/v6-m/nofp/crti.o
                0x08006b38                _init
 .init          0x08006b3c        0x8 C:/ST/STM32CubeIDE_1.19.0/STM32CubeIDE/plugins/com.st.stm32cube.ide.mcu.externaltools.gnu-tools-for-stm32.13.3.rel1.win32_1.0.0.202411081344/tools/bin/../lib/gcc/arm-none-eabi/13.3.1/thumb/v6-m/nofp/crtn.o
 *(.fini)
 .fini          0x08006b44        0x4 C:/ST/STM32CubeIDE_1.19.0/STM32CubeIDE/plugins/com.st.stm32cube.ide.mcu.externaltools.gnu-tools-for-stm32.13.3.rel1.win32_1.0.0.202411081344/tools/bin/../lib/gcc/arm-none-eabi/13.3.1/thumb/v6-m/nofp/crti.o
                0x08006b44                _fini
 .fini          0x08006b48        0x8 C:/ST/STM32CubeIDE_1.19.0/STM32CubeIDE/plugins/com.st.stm32cube.ide.mcu.externaltools.gnu-tools-for-stm32.13.3.rel1.win32_1.0.0.202411081344/tools/bin/../lib/gcc/arm-none-eabi/13.3.1/thumb/v6-m/nofp/crtn.o
                0x08006b50                        . = ALIGN (0x4)
                0x08006b50                        _etext = .

.vfp11_veneer   0x08006b50        0x0
 .vfp11_veneer  0x08006b50        0x0 linker stubs

.v4_bx          0x08006b50        0x0
 .v4_bx         0x08006b50        0x0 linker stubs

.iplt           0x08006b50        0x0
 .iplt          0x08006b50        0x0 C:/ST/STM32CubeIDE_1.19.0/STM32CubeIDE/plugins/com.st.stm32cube.ide.mcu.externaltools.gnu-tools-for-stm32.13.3.rel1.win32_1.0.0.202411081344/tools/bin/../lib/gcc/arm-none-eabi/13.3.1/thumb/v6-m/nofp/crtbegin.o

.rodata         0x08006b50       0xb0
                0x08006b50                        . = ALIGN (0x4)
 *(.rodata)
 .rodata        0x08006b50       0x20 ./Core/Src/sent_app.o
 .rodata        0x08006b70       0x17 ./Core/Src/sent/bridge.o
 *(.rodata*)
 *fill*         0x08006b87        0x1 
 .rodata.AHBPrescTable
                0x08006b88       0x10 ./Core/Src/system_stm32f0xx.o
                0x08006b88                AHBPrescTable
 .rodata.k_learn_nibble_counts
                0x08006b98        0x3 ./Core/Src/sent/bridge.o
 .rodata.aPredivFactorTable.0
                0x08006b9b       0x10 ./Drivers/STM32F0xx_HAL_Driver/Src/stm32f0xx_hal_rcc.o
 .rodata.aPLLMULFactorTable.1
                0x08006bab       0x10 ./Drivers/STM32F0xx_HAL_Driver/Src/stm32f0xx_hal_rcc.o
 .rodata.USBD_FS_ManufacturerStrDescriptor.str1.1
                0x08006bbb       0x42 ./USB_DEVICE/App/usbd_desc.o
                                 0x13 (size before relaxing)
 .rodata.USBD_FS_ProductStrDescriptor.str1.1
                0x08006bfd       0x16 ./USB_DEVICE/App/usbd_desc.o
 .rodata.USBD_FS_ConfigStrDescriptor.str1.1
                0x08006bfd        0xb ./USB_DEVICE/App/usbd_desc.o
 .rodata.USBD_FS_InterfaceStrDescriptor.str1.1
                0x08006bfd        0xe ./USB_DEVICE/App/usbd_desc.o
                0x08006c14                        . = ALIGN (0x4)
 *fill*         0x08006bfd        0x3 

.ARM.extab      0x08006c00        0x0
                0x08006c00                        . = ALIGN (0x4)
 *(.ARM.extab* .gnu.linkonce.armextab.*)
                0x08006c00                        . = ALIGN (0x4)

.ARM            0x08006c00        0x0
                0x08006c00                        . = ALIGN (0x4)
                0x08006c00                        __exidx_start = .
 *(.ARM.exidx*)
                0x08006c00                        __exidx_end = .
                0x08006c00                        . = ALIGN (0x4)

.preinit_array  0x08006c00        0x0
                0x08006c00                        . = ALIGN (0x4)
                0x08006c00                        PROVIDE (__preinit_array_start = .)
 *(.preinit_array*)
                0x08006c00                        PROVIDE (__preinit_array_end = .)
                0x08006c00                        . = ALIGN (0x4)

.init_array     0x08006c00        0x4
                0x08006c00                        . = ALIGN (0x4)
                0x08006c00                        PROVIDE (__init_array_start = .)
 *(SORT_BY_NAME(.init_array.*))
 *(.init_array*)
 .init_array    0x08006c00        0x4 C:/ST/STM32CubeIDE_1.19.0/STM32CubeIDE/plugins/com.st.stm32cube.ide.mcu.externaltools.gnu-tools-for-stm32.13.3.rel1.win32_1.0.0.202411081344/tools/bin/../lib/gcc/arm-none-eabi/13.3.1/thumb/v6-m/nofp/crtbegin.o
                0x08006c04                        PROVIDE (__init_array_end = .)
                0x08006c04                        . = ALIGN (0x4)

.fini_array     0x08006c04        0x4
                0x08006c04                        . = ALIGN (0x4)
                [!provide]                        PROVIDE (__fini_array_start = .)
 *(SORT_BY_NAME(.fini_array.*))
 *(.fini_array*)
 .fini_array    0x08006c04        0x4 C:/ST/STM32CubeIDE_1.19.0/STM32CubeIDE/plugins/com.st.stm32cube.ide.mcu.externaltools.gnu-tools-for-stm32.13.3.rel1.win32_1.0.0.202411081344/tools/bin/../lib/gcc/arm-none-eabi/13.3.1/thumb/v6-m/nofp/crtbegin.o
                [!provide]                        PROVIDE (__fini_array_end = .)
                0x08006c08                        . = ALIGN (0x4)
                0x08006c08                        _sidata = LOADADDR (.data)

.rel.dyn        0x08006c08        0x0
 .rel.iplt      0x08006c08        0x0 C:/ST/STM32CubeIDE_1.19.0/STM32CubeIDE/plugins/com.st.stm32cube.ide.mcu.externaltools.gnu-tools-for-stm32.13.3.rel1.win32_1.0.0.202411081344/tools/bin/../lib/gcc/arm-none-eabi/13.3.1/thumb/v6-m/nofp/crtbegin.o

.data           0x20000000      0x17c load address 0x08006c08
                0x20000000                        . = ALIGN (0x4)
                0x20000000                        _sdata = .
 *(.data)
 *(.data*)
 .data.SystemCoreClock
                0x20000000        0x4 ./Core/Src/system_stm32f0xx.o
                0x20000000                SystemCoreClock
 .data.uwTickFreq
                0x20000004        0x1 ./Drivers/STM32F0xx_HAL_Driver/Src/stm32f0xx_hal.o
                0x20000004                uwTickFreq
 *fill*         0x20000005        0x3 
 .data.uwTickPrio
                0x20000008        0x4 ./Drivers/STM32F0xx_HAL_Driver/Src/stm32f0xx_hal.o
                0x20000008                uwTickPrio
 .data.USBD_CDC_OtherSpeedCfgDesc
                0x2000000c       0x43 ./Middlewares/ST/STM32_USB_Device_Library/Class/CDC/Src/usbd_cdc.o
                0x2000000c                USBD_CDC_OtherSpeedCfgDesc
 *fill*         0x2000004f        0x1 
 .data.USBD_CDC_CfgFSDesc
                0x20000050       0x43 ./Middlewares/ST/STM32_USB_Device_Library/Class/CDC/Src/usbd_cdc.o
                0x20000050                USBD_CDC_CfgFSDesc
 *fill*         0x20000093        0x1 
 .data.USBD_CDC_CfgHSDesc
                0x20000094       0x43 ./Middlewares/ST/STM32_USB_Device_Library/Class/CDC/Src/usbd_cdc.o
                0x20000094                USBD_CDC_CfgHSDesc
 *fill*         0x200000d7        0x1 
 .data.USBD_CDC
                0x200000d8       0x38 ./Middlewares/ST/STM32_USB_Device_Library/Class/CDC/Src/usbd_cdc.o
                0x200000d8                USBD_CDC
 .data.USBD_CDC_DeviceQualifierDesc
                0x20000110        0xa ./Middlewares/ST/STM32_USB_Device_Library/Class/CDC/Src/usbd_cdc.o
 *fill*         0x2000011a        0x2 
 .data.USBD_Interface_fops_FS
                0x2000011c       0x10 ./USB_DEVICE/App/usbd_cdc_if.o
                0x2000011c                USBD_Interface_fops_FS
 .data.USBD_StringSerial
                0x2000012c       0x1a ./USB_DEVICE/App/usbd_desc.o
                0x2000012c                USBD_StringSerial
 *fill*         0x20000146        0x2 
 .data.USBD_LangIDDesc
                0x20000148        0x4 ./USB_DEVICE/App/usbd_desc.o
                0x20000148                USBD_LangIDDesc
 .data.USBD_FS_DeviceDesc
                0x2000014c       0x12 ./USB_DEVICE/App/usbd_desc.o
                0x2000014c                USBD_FS_DeviceDesc
 *fill*         0x2000015e        0x2 
 .data.FS_Desc  0x20000160       0x1c ./USB_DEVICE/App/usbd_desc.o
                0x20000160                FS_Desc
 *(.RamFunc)
 *(.RamFunc*)
                0x2000017c                        . = ALIGN (0x4)
                0x2000017c                        _edata = .

.igot.plt       0x2000017c        0x0 load address 0x08006d84
 .igot.plt      0x2000017c        0x0 C:/ST/STM32CubeIDE_1.19.0/STM32CubeIDE/plugins/com.st.stm32cube.ide.mcu.externaltools.gnu-tools-for-stm32.13.3.rel1.win32_1.0.0.202411081344/tools/bin/../lib/gcc/arm-none-eabi/13.3.1/thumb/v6-m/nofp/crtbegin.o
                0x2000017c                        . = ALIGN (0x4)

.bss            0x2000017c     0x1194 load address 0x08006d84
                0x2000017c                        _sbss = .
                0x2000017c                        __bss_start__ = _sbss
 *(.bss)
 .bss           0x2000017c       0x1c C:/ST/STM32CubeIDE_1.19.0/STM32CubeIDE/plugins/com.st.stm32cube.ide.mcu.externaltools.gnu-tools-for-stm32.13.3.rel1.win32_1.0.0.202411081344/tools/bin/../lib/gcc/arm-none-eabi/13.3.1/thumb/v6-m/nofp/crtbegin.o
 *(.bss*)
 .bss.htim2     0x20000198       0x48 ./Core/Src/main.o
                0x20000198                htim2
 .bss.htim14    0x200001e0       0x48 ./Core/Src/main.o
                0x200001e0                htim14
 .bss.g_sent_tx_in_low
                0x20000228        0x1 ./Core/Src/main.o
 .bss.g_sent_tx_stop_after_low
                0x20000229        0x1 ./Core/Src/main.o
 .bss.g_sent_tx_need_terminal_edge
                0x2000022a        0x1 ./Core/Src/main.o
 .bss.g_sent_tx_first_interval_high_comp
                0x2000022b        0x1 ./Core/Src/main.o
 .bss.g_sent_tx_interval
                0x2000022c        0x2 ./Core/Src/main.o
 *fill*         0x2000022e        0x2 
 .bss.g_rx_hal  0x20000230       0xcc ./Core/Src/sent_app.o
 .bss.g_tx_hal  0x200002fc       0x8a ./Core/Src/sent_app.o
 *fill*         0x20000386        0x2 
 .bss.g_rx_hal_if
                0x20000388       0x10 ./Core/Src/sent_app.o
 .bss.g_tx_hal_if
                0x20000398       0x10 ./Core/Src/sent_app.o
 .bss.g_bridge  0x200003a8       0x54 ./Core/Src/sent_app.o
 .bss.g_rx_ring
                0x200003fc       0x80 ./Core/Src/sent_app.o
 .bss.g_rx_head
                0x2000047c        0x2 ./Core/Src/sent_app.o
 .bss.g_rx_tail
                0x2000047e        0x2 ./Core/Src/sent_app.o
 .bss.g_tx_ring
                0x20000480       0x80 ./Core/Src/sent_app.o
 .bss.g_tx_head
                0x20000500        0x2 ./Core/Src/sent_app.o
 .bss.g_tx_tail
                0x20000502        0x2 ./Core/Src/sent_app.o
 .bss.g_line_buffer
                0x20000504       0x40 ./Core/Src/sent_app.o
 .bss.g_line_len
                0x20000544        0x4 ./Core/Src/sent_app.o
 .bss.uwTick    0x20000548        0x4 ./Drivers/STM32F0xx_HAL_Driver/Src/stm32f0xx_hal.o
                0x20000548                uwTick
 .bss.cfgidx.0  0x2000054c        0x1 ./Middlewares/ST/STM32_USB_Device_Library/Core/Src/usbd_ctlreq.o
 *fill*         0x2000054d        0x3 
 .bss.hUsbDeviceFS
                0x20000550      0x2c4 ./USB_DEVICE/App/usb_device.o
                0x20000550                hUsbDeviceFS
 .bss.UserTxBufferFS
                0x20000814      0x200 ./USB_DEVICE/App/usbd_cdc_if.o
                0x20000814                UserTxBufferFS
 .bss.UserRxBufferFS
                0x20000a14      0x200 ./USB_DEVICE/App/usbd_cdc_if.o
                0x20000a14                UserRxBufferFS
 .bss.USBD_StrDesc
                0x20000c14      0x200 ./USB_DEVICE/App/usbd_desc.o
                0x20000c14                USBD_StrDesc
 .bss.mem.0     0x20000e14      0x220 ./USB_DEVICE/Target/usbd_conf.o
 .bss.hpcd_USB_FS
                0x20001034      0x2dc ./USB_DEVICE/Target/usbd_conf.o
                0x20001034                hpcd_USB_FS
 *(COMMON)
                0x20001310                        . = ALIGN (0x4)
                0x20001310                        _ebss = .
                0x20001310                        __bss_end__ = _ebss

._user_heap_stack
                0x20001310      0x400 load address 0x08006d84
                0x20001310                        . = ALIGN (0x8)
                [!provide]                        PROVIDE (end = .)
                0x20001310                        PROVIDE (_end = .)
                0x20001310                        . = (. + _Min_Heap_Size)
                0x20001710                        . = (. + _Min_Stack_Size)
 *fill*         0x20001310      0x400 
                0x20001710                        . = ALIGN (0x8)

/DISCARD/
 libc.a(*)
 libm.a(*)
 libgcc.a(*)

.ARM.attributes
                0x00000000       0x28
 *(.ARM.attributes)
 .ARM.attributes
                0x00000000       0x1e C:/ST/STM32CubeIDE_1.19.0/STM32CubeIDE/plugins/com.st.stm32cube.ide.mcu.externaltools.gnu-tools-for-stm32.13.3.rel1.win32_1.0.0.202411081344/tools/bin/../lib/gcc/arm-none-eabi/13.3.1/thumb/v6-m/nofp/crti.o
 .ARM.attributes
                0x0000001e       0x2c C:/ST/STM32CubeIDE_1.19.0/STM32CubeIDE/plugins/com.st.stm32cube.ide.mcu.externaltools.gnu-tools-for-stm32.13.3.rel1.win32_1.0.0.202411081344/tools/bin/../lib/gcc/arm-none-eabi/13.3.1/thumb/v6-m/nofp/crtbegin.o
 .ARM.attributes
                0x0000004a       0x2c ./Core/Src/main.o
 .ARM.attributes
                0x00000076       0x2c ./Core/Src/sent_app.o
 .ARM.attributes
                0x000000a2       0x2c ./Core/Src/stm32f0xx_hal_msp.o
 .ARM.attributes
                0x000000ce       0x2c ./Core/Src/stm32f0xx_it.o
 .ARM.attributes
                0x000000fa       0x2c ./Core/Src/system_stm32f0xx.o
 .ARM.attributes
                0x00000126       0x2c ./Core/Src/sent/bridge.o
 .ARM.attributes
                0x00000152       0x2c ./Core/Src/sent/hal_stm32f042.o
 .ARM.attributes
                0x0000017e       0x2c ./Core/Src/sent/mode_manager.o
 .ARM.attributes
                0x000001aa       0x2c ./Core/Src/sent/sent_crc.o
 .ARM.attributes
                0x000001d6       0x2c ./Core/Src/sent/sent_decoder.o
 .ARM.attributes
                0x00000202       0x2c ./Core/Src/sent/sent_encoder.o
 .ARM.attributes
                0x0000022e       0x2c ./Core/Src/sent/sent_protocol.o
 .ARM.attributes
                0x0000025a       0x2c ./Core/Src/sent/slcan.o
 .ARM.attributes
                0x00000286       0x21 ./Core/Startup/startup_stm32f042g4ux.o
 .ARM.attributes
                0x000002a7       0x2c ./Drivers/STM32F0xx_HAL_Driver/Src/stm32f0xx_hal.o
 .ARM.attributes
                0x000002d3       0x2c ./Drivers/STM32F0xx_HAL_Driver/Src/stm32f0xx_hal_cortex.o
 .ARM.attributes
                0x000002ff       0x2c ./Drivers/STM32F0xx_HAL_Driver/Src/stm32f0xx_hal_gpio.o
 .ARM.attributes
                0x0000032b       0x2c ./Drivers/STM32F0xx_HAL_Driver/Src/stm32f0xx_hal_pcd.o
 .ARM.attributes
                0x00000357       0x2c ./Drivers/STM32F0xx_HAL_Driver/Src/stm32f0xx_hal_pcd_ex.o
 .ARM.attributes
                0x00000383       0x2c ./Drivers/STM32F0xx_HAL_Driver/Src/stm32f0xx_hal_rcc.o
 .ARM.attributes
                0x000003af       0x2c ./Drivers/STM32F0xx_HAL_Driver/Src/stm32f0xx_hal_rcc_ex.o
 .ARM.attributes
                0x000003db       0x2c ./Drivers/STM32F0xx_HAL_Driver/Src/stm32f0xx_hal_tim.o
 .ARM.attributes
                0x00000407       0x2c ./Drivers/STM32F0xx_HAL_Driver/Src/stm32f0xx_hal_tim_ex.o
 .ARM.attributes
                0x00000433       0x2c ./Drivers/STM32F0xx_HAL_Driver/Src/stm32f0xx_ll_usb.o
 .ARM.attributes
                0x0000045f       0x2c ./Middlewares/ST/STM32_USB_Device_Library/Class/CDC/Src/usbd_cdc.o
 .ARM.attributes
                0x0000048b       0x2c ./Middlewares/ST/STM32_USB_Device_Library/Core/Src/usbd_core.o
 .ARM.attributes
                0x000004b7       0x2c ./Middlewares/ST/STM32_USB_Device_Library/Core/Src/usbd_ctlreq.o
 .ARM.attributes
                0x000004e3       0x2c ./Middlewares/ST/STM32_USB_Device_Library/Core/Src/usbd_ioreq.o
 .ARM.attributes
                0x0000050f       0x2c ./USB_DEVICE/App/usb_device.o
 .ARM.attributes
                0x0000053b       0x2c ./USB_DEVICE/App/usbd_cdc_if.o
 .ARM.attributes
                0x00000567       0x2c ./USB_DEVICE/App/usbd_desc.o
 .ARM.attributes
                0x00000593       0x2c ./USB_DEVICE/Target/usbd_conf.o
 .ARM.attributes
                0x000005bf       0x2c C:/ST/STM32CubeIDE_1.19.0/STM32CubeIDE/plugins/com.st.stm32cube.ide.mcu.externaltools.gnu-tools-for-stm32.13.3.rel1.win32_1.0.0.202411081344/tools/bin/../lib/gcc/arm-none-eabi/13.3.1/../../../../arm-none-eabi/lib/thumb/v6-m/nofp\libc_nano.a(libc_a-memset.o)
 .ARM.attributes
                0x000005eb       0x2c C:/ST/STM32CubeIDE_1.19.0/STM32CubeIDE/plugins/com.st.stm32cube.ide.mcu.externaltools.gnu-tools-for-stm32.13.3.rel1.win32_1.0.0.202411081344/tools/bin/../lib/gcc/arm-none-eabi/13.3.1/../../../../arm-none-eabi/lib/thumb/v6-m/nofp\libc_nano.a(libc_a-init.o)
 .ARM.attributes
                0x00000617       0x2c C:/ST/STM32CubeIDE_1.19.0/STM32CubeIDE/plugins/com.st.stm32cube.ide.mcu.externaltools.gnu-tools-for-stm32.13.3.rel1.win32_1.0.0.202411081344/tools/bin/../lib/gcc/arm-none-eabi/13.3.1/../../../../arm-none-eabi/lib/thumb/v6-m/nofp\libc_nano.a(libc_a-memcpy-stub.o)
 .ARM.attributes
                0x00000643       0x1c C:/ST/STM32CubeIDE_1.19.0/STM32CubeIDE/plugins/com.st.stm32cube.ide.mcu.externaltools.gnu-tools-for-stm32.13.3.rel1.win32_1.0.0.202411081344/tools/bin/../lib/gcc/arm-none-eabi/13.3.1/../../../../arm-none-eabi/lib/thumb/v6-m/nofp\libc_nano.a(libc_a-strlen.o)
 .ARM.attributes
                0x0000065f       0x1e C:/ST/STM32CubeIDE_1.19.0/STM32CubeIDE/plugins/com.st.stm32cube.ide.mcu.externaltools.gnu-tools-for-stm32.13.3.rel1.win32_1.0.0.202411081344/tools/bin/../lib/gcc/arm-none-eabi/13.3.1/thumb/v6-m/nofp\libgcc.a(_thumb1_case_sqi.o)
 .ARM.attributes
                0x0000067d       0x1e C:/ST/STM32CubeIDE_1.19.0/STM32CubeIDE/plugins/com.st.stm32cube.ide.mcu.externaltools.gnu-tools-for-stm32.13.3.rel1.win32_1.0.0.202411081344/tools/bin/../lib/gcc/arm-none-eabi/13.3.1/thumb/v6-m/nofp\libgcc.a(_thumb1_case_uqi.o)
 .ARM.attributes
                0x0000069b       0x1e C:/ST/STM32CubeIDE_1.19.0/STM32CubeIDE/plugins/com.st.stm32cube.ide.mcu.externaltools.gnu-tools-for-stm32.13.3.rel1.win32_1.0.0.202411081344/tools/bin/../lib/gcc/arm-none-eabi/13.3.1/thumb/v6-m/nofp\libgcc.a(_thumb1_case_shi.o)
 .ARM.attributes
                0x000006b9       0x1e C:/ST/STM32CubeIDE_1.19.0/STM32CubeIDE/plugins/com.st.stm32cube.ide.mcu.externaltools.gnu-tools-for-stm32.13.3.rel1.win32_1.0.0.202411081344/tools/bin/../lib/gcc/arm-none-eabi/13.3.1/thumb/v6-m/nofp\libgcc.a(_udivsi3.o)
 .ARM.attributes
                0x000006d7       0x1e C:/ST/STM32CubeIDE_1.19.0/STM32CubeIDE/plugins/com.st.stm32cube.ide.mcu.externaltools.gnu-tools-for-stm32.13.3.rel1.win32_1.0.0.202411081344/tools/bin/../lib/gcc/arm-none-eabi/13.3.1/thumb/v6-m/nofp\libgcc.a(_dvmd_tls.o)
 .ARM.attributes
                0x000006f5       0x1e C:/ST/STM32CubeIDE_1.19.0/STM32CubeIDE/plugins/com.st.stm32cube.ide.mcu.externaltools.gnu-tools-for-stm32.13.3.rel1.win32_1.0.0.202411081344/tools/bin/../lib/gcc/arm-none-eabi/13.3.1/thumb/v6-m/nofp/crtn.o
OUTPUT(SENTToUSB.elf elf32-littlearm)
LOAD linker stubs
LOAD C:/ST/STM32CubeIDE_1.19.0/STM32CubeIDE/plugins/com.st.stm32cube.ide.mcu.externaltools.gnu-tools-for-stm32.13.3.rel1.win32_1.0.0.202411081344/tools/bin/../lib/gcc/arm-none-eabi/13.3.1/../../../../arm-none-eabi/lib/thumb/v6-m/nofp\libc.a
LOAD C:/ST/STM32CubeIDE_1.19.0/STM32CubeIDE/plugins/com.st.stm32cube.ide.mcu.externaltools.gnu-tools-for-stm32.13.3.rel1.win32_1.0.0.202411081344/tools/bin/../lib/gcc/arm-none-eabi/13.3.1/../../../../arm-none-eabi/lib/thumb/v6-m/nofp\libm.a
LOAD C:/ST/STM32CubeIDE_1.19.0/STM32CubeIDE/plugins/com.st.stm32cube.ide.mcu.externaltools.gnu-tools-for-stm32.13.3.rel1.win32_1.0.0.202411081344/tools/bin/../lib/gcc/arm-none-eabi/13.3.1/thumb/v6-m/nofp\libgcc.a

.debug_info     0x00000000     0x6bd7
 .debug_info    0x00000000      0xeef ./Core/Src/main.o
 .debug_info    0x00000eef     0x14ad ./Core/Src/sent_app.o
 .debug_info    0x0000239c      0xa70 ./Core/Src/stm32f0xx_hal_msp.o
 .debug_info    0x00002e0c      0xba3 ./Core/Src/stm32f0xx_it.o
 .debug_info    0x000039af      0x242 ./Core/Src/system_stm32f0xx.o
 .debug_info    0x00003bf1      0xdbe ./Core/Src/sent/bridge.o
 .debug_info    0x000049af      0xcc7 ./Core/Src/sent/hal_stm32f042.o
 .debug_info    0x00005676      0x1f2 ./Core/Src/sent/mode_manager.o
 .debug_info    0x00005868      0x1b0 ./Core/Src/sent/sent_crc.o
 .debug_info    0x00005a18      0x5f5 ./Core/Src/sent/sent_decoder.o
 .debug_info    0x0000600d      0x3b0 ./Core/Src/sent/sent_encoder.o
 .debug_info    0x000063bd      0x318 ./Core/Src/sent/sent_protocol.o
 .debug_info    0x000066d5      0x4d2 ./Core/Src/sent/slcan.o
 .debug_info    0x00006ba7       0x30 ./Core/Startup/startup_stm32f042g4ux.o

.debug_abbrev   0x00000000     0x17d0
 .debug_abbrev  0x00000000      0x308 ./Core/Src/main.o
 .debug_abbrev  0x00000308      0x2f7 ./Core/Src/sent_app.o
 .debug_abbrev  0x000005ff      0x1d6 ./Core/Src/stm32f0xx_hal_msp.o
 .debug_abbrev  0x000007d5      0x1e3 ./Core/Src/stm32f0xx_it.o
 .debug_abbrev  0x000009b8      0x11c ./Core/Src/system_stm32f0xx.o
 .debug_abbrev  0x00000ad4      0x280 ./Core/Src/sent/bridge.o
 .debug_abbrev  0x00000d54      0x371 ./Core/Src/sent/hal_stm32f042.o
 .debug_abbrev  0x000010c5       0xf0 ./Core/Src/sent/mode_manager.o
 .debug_abbrev  0x000011b5       0xce ./Core/Src/sent/sent_crc.o
 .debug_abbrev  0x00001283      0x15a ./Core/Src/sent/sent_decoder.o
 .debug_abbrev  0x000013dd      0x12e ./Core/Src/sent/sent_encoder.o
 .debug_abbrev  0x0000150b      0x110 ./Core/Src/sent/sent_protocol.o
 .debug_abbrev  0x0000161b      0x191 ./Core/Src/sent/slcan.o
 .debug_abbrev  0x000017ac       0x24 ./Core/Startup/startup_stm32f042g4ux.o

.debug_aranges  0x00000000      0x490
 .debug_aranges
                0x00000000       0x60 ./Core/Src/main.o
 .debug_aranges
                0x00000060       0xc0 ./Core/Src/sent_app.o
 .debug_aranges
                0x00000120       0x30 ./Core/Src/stm32f0xx_hal_msp.o
 .debug_aranges
                0x00000150       0x58 ./Core/Src/stm32f0xx_it.o
 .debug_aranges
                0x000001a8       0x28 ./Core/Src/system_stm32f0xx.o
 .debug_aranges
                0x000001d0       0xc0 ./Core/Src/sent/bridge.o
 .debug_aranges
                0x00000290       0xa8 ./Core/Src/sent/hal_stm32f042.o
 .debug_aranges
                0x00000338       0x38 ./Core/Src/sent/mode_manager.o
 .debug_aranges
                0x00000370       0x20 ./Core/Src/sent/sent_crc.o
 .debug_aranges
                0x00000390       0x30 ./Core/Src/sent/sent_decoder.o
 .debug_aranges
                0x000003c0       0x28 ./Core/Src/sent/sent_encoder.o
 .debug_aranges
                0x000003e8       0x38 ./Core/Src/sent/sent_protocol.o
 .debug_aranges
                0x00000420       0x48 ./Core/Src/sent/slcan.o
 .debug_aranges
                0x00000468       0x28 ./Core/Startup/startup_stm32f042g4ux.o

.debug_rnglists
                0x00000000      0x360
 .debug_rnglists
                0x00000000       0x46 ./Core/Src/main.o
 .debug_rnglists
                0x00000046       0xa6 ./Core/Src/sent_app.o
 .debug_rnglists
                0x000000ec       0x20 ./Core/Src/stm32f0xx_hal_msp.o
 .debug_rnglists
                0x0000010c       0x3d ./Core/Src/stm32f0xx_it.o
 .debug_rnglists
                0x00000149       0x1a ./Core/Src/system_stm32f0xx.o
 .debug_rnglists
                0x00000163       0x94 ./Core/Src/sent/bridge.o
 .debug_rnglists
                0x000001f7       0x7f ./Core/Src/sent/hal_stm32f042.o
 .debug_rnglists
                0x00000276       0x25 ./Core/Src/sent/mode_manager.o
 .debug_rnglists
                0x0000029b       0x14 ./Core/Src/sent/sent_crc.o
 .debug_rnglists
                0x000002af       0x21 ./Core/Src/sent/sent_decoder.o
 .debug_rnglists
                0x000002d0       0x1b ./Core/Src/sent/sent_encoder.o
 .debug_rnglists
                0x000002eb       0x27 ./Core/Src/sent/sent_protocol.o
 .debug_rnglists
                0x00000312       0x34 ./Core/Src/sent/slcan.o
 .debug_rnglists
                0x00000346       0x1a ./Core/Startup/startup_stm32f042g4ux.o

.debug_macro    0x00000000    0x18d0d
 .debug_macro   0x00000000      0x364 ./Core/Src/main.o
 .debug_macro   0x00000364      0xaae ./Core/Src/main.o
 .debug_macro   0x00000e12      0x133 ./Core/Src/main.o
 .debug_macro   0x00000f45       0x2e ./Core/Src/main.o
 .debug_macro   0x00000f73       0x22 ./Core/Src/main.o
 .debug_macro   0x00000f95       0x22 ./Core/Src/main.o
 .debug_macro   0x00000fb7       0x8e ./Core/Src/main.o
 .debug_macro   0x00001045       0x51 ./Core/Src/main.o
 .debug_macro   0x00001096      0x103 ./Core/Src/main.o
 .debug_macro   0x00001199       0x6a ./Core/Src/main.o
 .debug_macro   0x00001203      0x1df ./Core/Src/main.o
 .debug_macro   0x000013e2       0x1c ./Core/Src/main.o
 .debug_macro   0x000013fe       0x22 ./Core/Src/main.o
 .debug_macro   0x00001420       0xaf ./Core/Src/main.o
 .debug_macro   0x000014cf      0x391 ./Core/Src/main.o
 .debug_macro   0x00001860     0xf209 ./Core/Src/main.o
 .debug_macro   0x00010a69       0x66 ./Core/Src/main.o
 .debug_macro   0x00010acf     0x34da ./Core/Src/main.o
 .debug_macro   0x00013fa9      0x190 ./Core/Src/main.o
 .debug_macro   0x00014139       0x55 ./Core/Src/main.o
 .debug_macro   0x0001418e      0x946 ./Core/Src/main.o
 .debug_macro   0x00014ad4      0x46b ./Core/Src/main.o
 .debug_macro   0x00014f3f      0x1ae ./Core/Src/main.o
 .debug_macro   0x000150ed      0x130 ./Core/Src/main.o
 .debug_macro   0x0001521d      0x199 ./Core/Src/main.o
 .debug_macro   0x000153b6      0x1ed ./Core/Src/main.o
 .debug_macro   0x000155a3       0x34 ./Core/Src/main.o
 .debug_macro   0x000155d7       0x43 ./Core/Src/main.o
 .debug_macro   0x0001561a       0x28 ./Core/Src/main.o
 .debug_macro   0x00015642       0xb0 ./Core/Src/main.o
 .debug_macro   0x000156f2      0x182 ./Core/Src/main.o
 .debug_macro   0x00015874      0x22c ./Core/Src/main.o
 .debug_macro   0x00015aa0       0x61 ./Core/Src/main.o
 .debug_macro   0x00015b01       0xa5 ./Core/Src/main.o
 .debug_macro   0x00015ba6       0x73 ./Core/Src/main.o
 .debug_macro   0x00015c19      0x22d ./Core/Src/main.o
 .debug_macro   0x00015e46       0x4c ./Core/Src/main.o
 .debug_macro   0x00015e92      0x15b ./Core/Src/main.o
 .debug_macro   0x00015fed      0x8f4 ./Core/Src/main.o
 .debug_macro   0x000168e1       0x28 ./Core/Src/main.o
 .debug_macro   0x00016909      0x12e ./Core/Src/main.o
 .debug_macro   0x00016a37       0x1c ./Core/Src/main.o
 .debug_macro   0x00016a53       0x61 ./Core/Src/main.o
 .debug_macro   0x00016ab4       0x24 ./Core/Src/main.o
 .debug_macro   0x00016ad8       0x43 ./Core/Src/main.o
 .debug_macro   0x00016b1b       0x34 ./Core/Src/main.o
 .debug_macro   0x00016b4f       0x16 ./Core/Src/main.o
 .debug_macro   0x00016b65       0x3c ./Core/Src/main.o
 .debug_macro   0x00016ba1      0x370 ./Core/Src/main.o
 .debug_macro   0x00016f11       0x10 ./Core/Src/main.o
 .debug_macro   0x00016f21       0x16 ./Core/Src/main.o
 .debug_macro   0x00016f37       0x4a ./Core/Src/main.o
 .debug_macro   0x00016f81       0x34 ./Core/Src/main.o
 .debug_macro   0x00016fb5       0x10 ./Core/Src/main.o
 .debug_macro   0x00016fc5       0x58 ./Core/Src/main.o
 .debug_macro   0x0001701d       0x8e ./Core/Src/main.o
 .debug_macro   0x000170ab       0x1c ./Core/Src/main.o
 .debug_macro   0x000170c7      0x185 ./Core/Src/main.o
 .debug_macro   0x0001724c       0x16 ./Core/Src/main.o
 .debug_macro   0x00017262       0x16 ./Core/Src/main.o
 .debug_macro   0x00017278      0x146 ./Core/Src/main.o
 .debug_macro   0x000173be       0x16 ./Core/Src/main.o
 .debug_macro   0x000173d4       0x16 ./Core/Src/main.o
 .debug_macro   0x000173ea       0x29 ./Core/Src/main.o
 .debug_macro   0x00017413       0x16 ./Core/Src/main.o
 .debug_macro   0x00017429       0x20 ./Core/Src/main.o
 .debug_macro   0x00017449       0x5f ./Core/Src/main.o
 .debug_macro   0x000174a8      0x1c8 ./Core/Src/main.o
 .debug_macro   0x00017670      0x43a ./Core/Src/sent_app.o
 .debug_macro   0x00017aaa       0x10 ./Core/Src/sent_app.o
 .debug_macro   0x00017aba       0x22 ./Core/Src/sent_app.o
 .debug_macro   0x00017adc       0x10 ./Core/Src/sent_app.o
 .debug_macro   0x00017aec       0x4f ./Core/Src/sent_app.o
 .debug_macro   0x00017b3b       0x1c ./Core/Src/sent_app.o
 .debug_macro   0x00017b57       0x1c ./Core/Src/sent_app.o
 .debug_macro   0x00017b73       0x8f ./Core/Src/sent_app.o
 .debug_macro   0x00017c02       0x10 ./Core/Src/sent_app.o
 .debug_macro   0x00017c12       0x16 ./Core/Src/sent_app.o
 .debug_macro   0x00017c28       0x5e ./Core/Src/sent_app.o
 .debug_macro   0x00017c86       0x1c ./Core/Src/sent_app.o
 .debug_macro   0x00017ca2      0x1e1 ./Core/Src/stm32f0xx_hal_msp.o
 .debug_macro   0x00017e83      0x1eb ./Core/Src/stm32f0xx_it.o
 .debug_macro   0x0001806e      0x1d2 ./Core/Src/system_stm32f0xx.o
 .debug_macro   0x00018240      0x1d7 ./Core/Src/sent/bridge.o
 .debug_macro   0x00018417       0x10 ./Core/Src/sent/bridge.o
 .debug_macro   0x00018427      0x199 ./Core/Src/sent/hal_stm32f042.o
 .debug_macro   0x000185c0      0x166 ./Core/Src/sent/mode_manager.o
 .debug_macro   0x00018726       0x92 ./Core/Src/sent/sent_crc.o
 .debug_macro   0x000187b8      0x1b1 ./Core/Src/sent/sent_decoder.o
 .debug_macro   0x00018969       0xb9 ./Core/Src/sent/sent_encoder.o
 .debug_macro   0x00018a22      0x16b ./Core/Src/sent/sent_protocol.o
 .debug_macro   0x00018b8d      0x180 ./Core/Src/sent/slcan.o

.debug_line     0x00000000     0x76f5
 .debug_line    0x00000000      0xc6a ./Core/Src/main.o
 .debug_line    0x00000c6a      0xed1 ./Core/Src/sent_app.o
 .debug_line    0x00001b3b      0x7ea ./Core/Src/stm32f0xx_hal_msp.o
 .debug_line    0x00002325      0x830 ./Core/Src/stm32f0xx_it.o
 .debug_line    0x00002b55      0x7fe ./Core/Src/system_stm32f0xx.o
 .debug_line    0x00003353      0xd54 ./Core/Src/sent/bridge.o
 .debug_line    0x000040a7      0xbd7 ./Core/Src/sent/hal_stm32f042.o
 .debug_line    0x00004c7e      0x649 ./Core/Src/sent/mode_manager.o
 .debug_line    0x000052c7      0x4d9 ./Core/Src/sent/sent_crc.o
 .debug_line    0x000057a0      0x830 ./Core/Src/sent/sent_decoder.o
 .debug_line    0x00005fd0      0x627 ./Core/Src/sent/sent_encoder.o
 .debug_line    0x000065f7      0x743 ./Core/Src/sent/sent_protocol.o
 .debug_line    0x00006d3a      0x92e ./Core/Src/sent/slcan.o
 .debug_line    0x00007668       0x8d ./Core/Startup/startup_stm32f042g4ux.o

.debug_str      0x00000000    0x902b2
 .debug_str     0x00000000    0x902b2 ./Core/Src/main.o
                              0x8e483 (size before relaxing)
 .debug_str     0x000902b2    0x8ef8c ./Core/Src/sent_app.o
 .debug_str     0x000902b2    0x89db2 ./Core/Src/stm32f0xx_hal_msp.o
 .debug_str     0x000902b2    0x89eaa ./Core/Src/stm32f0xx_it.o
 .debug_str     0x000902b2    0x89611 ./Core/Src/system_stm32f0xx.o
 .debug_str     0x000902b2     0x7e41 ./Core/Src/sent/bridge.o
 .debug_str     0x000902b2     0x7c23 ./Core/Src/sent/hal_stm32f042.o
 .debug_str     0x000902b2     0x741a ./Core/Src/sent/mode_manager.o
 .debug_str     0x000902b2     0x4189 ./Core/Src/sent/sent_crc.o
 .debug_str     0x000902b2     0x77e1 ./Core/Src/sent/sent_decoder.o
 .debug_str     0x000902b2     0x43f6 ./Core/Src/sent/sent_encoder.o
 .debug_str     0x000902b2     0x751f ./Core/Src/sent/sent_protocol.o
 .debug_str     0x000902b2     0x7549 ./Core/Src/sent/slcan.o
 .debug_str     0x000902b2       0x7e ./Core/Startup/startup_stm32f042g4ux.o

.comment        0x00000000       0x43
 .comment       0x00000000       0x43 ./Core/Src/main.o
                                 0x44 (size before relaxing)
 .comment       0x00000043       0x44 ./Core/Src/sent_app.o
 .comment       0x00000043       0x44 ./Core/Src/stm32f0xx_hal_msp.o
 .comment       0x00000043       0x44 ./Core/Src/stm32f0xx_it.o
 .comment       0x00000043       0x44 ./Core/Src/system_stm32f0xx.o
 .comment       0x00000043       0x44 ./Core/Src/sent/bridge.o
 .comment       0x00000043       0x44 ./Core/Src/sent/hal_stm32f042.o
 .comment       0x00000043       0x44 ./Core/Src/sent/mode_manager.o
 .comment       0x00000043       0x44 ./Core/Src/sent/sent_crc.o
 .comment       0x00000043       0x44 ./Core/Src/sent/sent_decoder.o
 .comment       0x00000043       0x44 ./Core/Src/sent/sent_encoder.o
 .comment       0x00000043       0x44 ./Core/Src/sent/sent_protocol.o
 .comment       0x00000043       0x44 ./Core/Src/sent/slcan.o
 .comment       0x00000043       0x44 ./Drivers/STM32F0xx_HAL_Driver/Src/stm32f0xx_hal.o
 .comment       0x00000043       0x44 ./Drivers/STM32F0xx_HAL_Driver/Src/stm32f0xx_hal_cortex.o
 .comment       0x00000043       0x44 ./Drivers/STM32F0xx_HAL_Driver/Src/stm32f0xx_hal_gpio.o
 .comment       0x00000043       0x44 ./Drivers/STM32F0xx_HAL_Driver/Src/stm32f0xx_hal_pcd.o
 .comment       0x00000043       0x44 ./Drivers/STM32F0xx_HAL_Driver/Src/stm32f0xx_hal_pcd_ex.o
 .comment       0x00000043       0x44 ./Drivers/STM32F0xx_HAL_Driver/Src/stm32f0xx_hal_rcc.o
 .comment       0x00000043       0x44 ./Drivers/STM32F0xx_HAL_Driver/Src/stm32f0xx_hal_rcc_ex.o
 .comment       0x00000043       0x44 ./Drivers/STM32F0xx_HAL_Driver/Src/stm32f0xx_hal_tim.o
 .comment       0x00000043       0x44 ./Drivers/STM32F0xx_HAL_Driver/Src/stm32f0xx_hal_tim_ex.o
 .comment       0x00000043       0x44 ./Drivers/STM32F0xx_HAL_Driver/Src/stm32f0xx_ll_usb.o
 .comment       0x00000043       0x44 ./Middlewares/ST/STM32_USB_Device_Library/Class/CDC/Src/usbd_cdc.o
 .comment       0x00000043       0x44 ./Middlewares/ST/STM32_USB_Device_Library/Core/Src/usbd_core.o
 .comment       0x00000043       0x44 ./Middlewares/ST/STM32_USB_Device_Library/Core/Src/usbd_ctlreq.o
 .comment       0x00000043       0x44 ./Middlewares/ST/STM32_USB_Device_Library/Core/Src/usbd_ioreq.o
 .comment       0x00000043       0x44 ./USB_DEVICE/App/usb_device.o
 .comment       0x00000043       0x44 ./USB_DEVICE/App/usbd_cdc_if.o
 .comment       0x00000043       0x44 ./USB_DEVICE/App/usbd_desc.o
 .comment       0x00000043       0x44 ./USB_DEVICE/Target/usbd_conf.o

.debug_frame    0x00000000      0xe08
 .debug_frame   0x00000000      0x124 ./Core/Src/main.o
 .debug_frame   0x00000124      0x29c ./Core/Src/sent_app.o
 .debug_frame   0x000003c0       0x70 ./Core/Src/stm32f0xx_hal_msp.o
 .debug_frame   0x00000430       0xf0 ./Core/Src/stm32f0xx_it.o
 .debug_frame   0x00000520       0x4c ./Core/Src/system_stm32f0xx.o
 .debug_frame   0x0000056c      0x2c8 ./Core/Src/sent/bridge.o
 .debug_frame   0x00000834      0x258 ./Core/Src/sent/hal_stm32f042.o
 .debug_frame   0x00000a8c       0x90 ./Core/Src/sent/mode_manager.o
 .debug_frame   0x00000b1c       0x30 ./Core/Src/sent/sent_crc.o
 .debug_frame   0x00000b4c       0x74 ./Core/Src/sent/sent_decoder.o
 .debug_frame   0x00000bc0       0x54 ./Core/Src/sent/sent_encoder.o
 .debug_frame   0x00000c14       0x90 ./Core/Src/sent/sent_protocol.o
 .debug_frame   0x00000ca4       0xd0 ./Core/Src/sent/slcan.o
 .debug_frame   0x00000d74       0x20 C:/ST/STM32CubeIDE_1.19.0/STM32CubeIDE/plugins/com.st.stm32cube.ide.mcu.externaltools.gnu-tools-for-stm32.13.3.rel1.win32_1.0.0.202411081344/tools/bin/../lib/gcc/arm-none-eabi/13.3.1/../../../../arm-none-eabi/lib/thumb/v6-m/nofp\libc_nano.a(libc_a-memset.o)
 .debug_frame   0x00000d94       0x2c C:/ST/STM32CubeIDE_1.19.0/STM32CubeIDE/plugins/com.st.stm32cube.ide.mcu.externaltools.gnu-tools-for-stm32.13.3.rel1.win32_1.0.0.202411081344/tools/bin/../lib/gcc/arm-none-eabi/13.3.1/../../../../arm-none-eabi/lib/thumb/v6-m/nofp\libc_nano.a(libc_a-init.o)
 .debug_frame   0x00000dc0       0x28 C:/ST/STM32CubeIDE_1.19.0/STM32CubeIDE/plugins/com.st.stm32cube.ide.mcu.externaltools.gnu-tools-for-stm32.13.3.rel1.win32_1.0.0.202411081344/tools/bin/../lib/gcc/arm-none-eabi/13.3.1/../../../../arm-none-eabi/lib/thumb/v6-m/nofp\libc_nano.a(libc_a-memcpy-stub.o)
 .debug_frame   0x00000de8       0x20 C:/ST/STM32CubeIDE_1.19.0/STM32CubeIDE/plugins/com.st.stm32cube.ide.mcu.externaltools.gnu-tools-for-stm32.13.3.rel1.win32_1.0.0.202411081344/tools/bin/../lib/gcc/arm-none-eabi/13.3.1/thumb/v6-m/nofp\libgcc.a(_udivsi3.o)

.debug_line_str
                0x00000000       0x62
 .debug_line_str
                0x00000000       0x62 ./Core/Startup/startup_stm32f042g4ux.o
