../Core/Src/main.c:70:5:main	8	static
../Core/Src/main.c:128:6:SystemClock_Config	112	static
../Core/Src/main.c:171:13:MX_TIM2_Init	48	static
../Core/Src/main.c:229:13:MX_TIM14_Init	8	static
../Core/Src/main.c:260:13:MX_GPIO_Init	32	static
../Core/Src/main.c:297:6:HAL_TIM_IC_CaptureCallback	24	static
../Core/Src/main.c:306:6:SentApp_OnTim14UpdateIrq	16	static
../Core/Src/main.c:399:6:HAL_TIM_PeriodElapsedCallback	16	static
../Core/Src/main.c:417:6:Error_Handler	8	static,ignoring_inline_asm
