../Core/Src/sent_app.c:20:17:next_index	16	static
../Core/Src/sent_app.c:41:13:rx_ring_push	32	static
../Core/Src/sent_app.c:52:13:rx_ring_pop	24	static,ignoring_inline_asm
../Core/Src/sent_app.c:65:13:tx_ring_push	32	static
../Core/Src/sent_app.c:75:13:tx_enqueue_bytes	24	static,ignoring_inline_asm
../Core/Src/sent_app.c:85:13:tx_enqueue_cstr	16	static,ignoring_inline_asm
../Core/Src/sent_app.c:92:13:kick_tx_timer	8	static
../Core/Src/sent_app.c:103:13:handle_slcan_line	96	static
../Core/Src/sent_app.c:116:13:process_usb_rx	16	static
../Core/Src/sent_app.c:137:13:process_sent_rx	72	static
../Core/Src/sent_app.c:156:13:flush_usb_tx	16	static
../Core/Src/sent_app.c:181:6:SentApp_Init	40	static
../Core/Src/sent_app.c:213:6:SentApp_Process	8	static
../Core/Src/sent_app.c:219:6:SentApp_OnUsbRx	24	static,ignoring_inline_asm
../Core/Src/sent_app.c:232:6:SentApp_OnSentRxCaptureEdge	16	static
../Core/Src/sent_app.c:236:6:SentApp_OnSentRxTimerOverflow	8	static
../Core/Src/sent_app.c:240:9:SentApp_PopNextTxIntervalTicks	16	static
../Core/Src/sent_app.c:244:9:SentApp_HasPendingTxIntervals	8	static
../Core/Src/sent_app.c:248:6:SentApp_StartRxMode	8	static
../Core/Src/sent_app.c:253:6:SentApp_StartTxMode	8	static
../Core/Src/sent_app.c:258:6:SentApp_TestTxFrame	8	static
