Archive member included to satisfy reference by file (symbol)

/opt/arm-gnu-toolchain-13.3.rel1-x86_64-arm-none-eabi/bin/../lib/gcc/arm-none-eabi/13.3.1/../../../../arm-none-eabi/lib/thumb/v6-m/nofp/libc_nano.a(libc_a-exit.o)
                              /opt/arm-gnu-toolchain-13.3.rel1-x86_64-arm-none-eabi/bin/../lib/gcc/arm-none-eabi/13.3.1/../../../../arm-none-eabi/lib/thumb/v6-m/nofp/crt0.o (exit)
/opt/arm-gnu-toolchain-13.3.rel1-x86_64-arm-none-eabi/bin/../lib/gcc/arm-none-eabi/13.3.1/../../../../arm-none-eabi/lib/thumb/v6-m/nofp/libc_nano.a(libc_a-errno.o)
                              ./Core/Src/syscalls.o (__errno)
/opt/arm-gnu-toolchain-13.3.rel1-x86_64-arm-none-eabi/bin/../lib/gcc/arm-none-eabi/13.3.1/../../../../arm-none-eabi/lib/thumb/v6-m/nofp/libc_nano.a(libc_a-init.o)
                              /opt/arm-gnu-toolchain-13.3.rel1-x86_64-arm-none-eabi/bin/../lib/gcc/arm-none-eabi/13.3.1/../../../../arm-none-eabi/lib/thumb/v6-m/nofp/crt0.o (__libc_init_array)
/opt/arm-gnu-toolchain-13.3.rel1-x86_64-arm-none-eabi/bin/../lib/gcc/arm-none-eabi/13.3.1/../../../../arm-none-eabi/lib/thumb/v6-m/nofp/libc_nano.a(libc_a-memmove.o)
                              ./Core/Src/sent/hal_stm32f042.o (memmove)
/opt/arm-gnu-toolchain-13.3.rel1-x86_64-arm-none-eabi/bin/../lib/gcc/arm-none-eabi/13.3.1/../../../../arm-none-eabi/lib/thumb/v6-m/nofp/libc_nano.a(libc_a-memset.o)
                              /opt/arm-gnu-toolchain-13.3.rel1-x86_64-arm-none-eabi/bin/../lib/gcc/arm-none-eabi/13.3.1/../../../../arm-none-eabi/lib/thumb/v6-m/nofp/crt0.o (memset)
/opt/arm-gnu-toolchain-13.3.rel1-x86_64-arm-none-eabi/bin/../lib/gcc/arm-none-eabi/13.3.1/../../../../arm-none-eabi/lib/thumb/v6-m/nofp/libc_nano.a(libc_a-impure.o)
                              /opt/arm-gnu-toolchain-13.3.rel1-x86_64-arm-none-eabi/bin/../lib/gcc/arm-none-eabi/13.3.1/../../../../arm-none-eabi/lib/thumb/v6-m/nofp/libc_nano.a(libc_a-errno.o) (_impure_ptr)
/opt/arm-gnu-toolchain-13.3.rel1-x86_64-arm-none-eabi/bin/../lib/gcc/arm-none-eabi/13.3.1/../../../../arm-none-eabi/lib/thumb/v6-m/nofp/libc_nano.a(libc_a-memcpy-stub.o)
                              ./Core/Src/sent/bridge.o (memcpy)
/opt/arm-gnu-toolchain-13.3.rel1-x86_64-arm-none-eabi/bin/../lib/gcc/arm-none-eabi/13.3.1/../../../../arm-none-eabi/lib/thumb/v6-m/nofp/libc_nano.a(libc_a-strlen.o)
                              ./Core/Src/sent_app.o (strlen)
/opt/arm-gnu-toolchain-13.3.rel1-x86_64-arm-none-eabi/bin/../lib/gcc/arm-none-eabi/13.3.1/../../../../arm-none-eabi/lib/thumb/v6-m/nofp/libc_nano.a(libc_a-findfp.o)
                              /opt/arm-gnu-toolchain-13.3.rel1-x86_64-arm-none-eabi/bin/../lib/gcc/arm-none-eabi/13.3.1/../../../../arm-none-eabi/lib/thumb/v6-m/nofp/libc_nano.a(libc_a-exit.o) (__stdio_exit_handler)
/opt/arm-gnu-toolchain-13.3.rel1-x86_64-arm-none-eabi/bin/../lib/gcc/arm-none-eabi/13.3.1/../../../../arm-none-eabi/lib/thumb/v6-m/nofp/libc_nano.a(libc_a-stdio.o)
                              /opt/arm-gnu-toolchain-13.3.rel1-x86_64-arm-none-eabi/bin/../lib/gcc/arm-none-eabi/13.3.1/../../../../arm-none-eabi/lib/thumb/v6-m/nofp/libc_nano.a(libc_a-findfp.o) (__sread)
/opt/arm-gnu-toolchain-13.3.rel1-x86_64-arm-none-eabi/bin/../lib/gcc/arm-none-eabi/13.3.1/../../../../arm-none-eabi/lib/thumb/v6-m/nofp/libc_nano.a(libc_a-lseekr.o)
                              /opt/arm-gnu-toolchain-13.3.rel1-x86_64-arm-none-eabi/bin/../lib/gcc/arm-none-eabi/13.3.1/../../../../arm-none-eabi/lib/thumb/v6-m/nofp/libc_nano.a(libc_a-stdio.o) (_lseek_r)
/opt/arm-gnu-toolchain-13.3.rel1-x86_64-arm-none-eabi/bin/../lib/gcc/arm-none-eabi/13.3.1/../../../../arm-none-eabi/lib/thumb/v6-m/nofp/libc_nano.a(libc_a-readr.o)
                              /opt/arm-gnu-toolchain-13.3.rel1-x86_64-arm-none-eabi/bin/../lib/gcc/arm-none-eabi/13.3.1/../../../../arm-none-eabi/lib/thumb/v6-m/nofp/libc_nano.a(libc_a-stdio.o) (_read_r)
/opt/arm-gnu-toolchain-13.3.rel1-x86_64-arm-none-eabi/bin/../lib/gcc/arm-none-eabi/13.3.1/../../../../arm-none-eabi/lib/thumb/v6-m/nofp/libc_nano.a(libc_a-fwalk.o)
                              /opt/arm-gnu-toolchain-13.3.rel1-x86_64-arm-none-eabi/bin/../lib/gcc/arm-none-eabi/13.3.1/../../../../arm-none-eabi/lib/thumb/v6-m/nofp/libc_nano.a(libc_a-findfp.o) (_fwalk_sglue)
/opt/arm-gnu-toolchain-13.3.rel1-x86_64-arm-none-eabi/bin/../lib/gcc/arm-none-eabi/13.3.1/../../../../arm-none-eabi/lib/thumb/v6-m/nofp/libc_nano.a(libc_a-writer.o)
                              /opt/arm-gnu-toolchain-13.3.rel1-x86_64-arm-none-eabi/bin/../lib/gcc/arm-none-eabi/13.3.1/../../../../arm-none-eabi/lib/thumb/v6-m/nofp/libc_nano.a(libc_a-stdio.o) (_write_r)
/opt/arm-gnu-toolchain-13.3.rel1-x86_64-arm-none-eabi/bin/../lib/gcc/arm-none-eabi/13.3.1/../../../../arm-none-eabi/lib/thumb/v6-m/nofp/libc_nano.a(libc_a-lock.o)
[...]
Memory Configuration

Name             Origin             Length             Attributes
RAM              0x20000000         0x00001800         xrw
FLASH            0x08000000         0x00008000         xr
*default*        0x00000000         0xffffffff

Linker script and memory map

LOAD /opt/arm-gnu-toolchain-13.3.rel1-x86_64-arm-none-eabi/bin/../lib/gcc/arm-none-eabi/13.3.1/thumb/v6-m/nofp/crti.o
LOAD /opt/arm-gnu-toolchain-13.3.rel1-x86_64-arm-none-eabi/bin/../lib/gcc/arm-none-eabi/13.3.1/thumb/v6-m/nofp/crtbegin.o
LOAD /opt/arm-gnu-toolchain-13.3.rel1-x86_64-arm-none-eabi/bin/../lib/gcc/arm-none-eabi/13.3.1/../../../../arm-none-eabi/lib/thumb/v6-m/nofp/crt0.o
LOAD ./Core/Src/main.o
LOAD ./Core/Src/sent_app.o
LOAD ./Core/Src/stm32f0xx_hal_msp.o
LOAD ./Core/Src/stm32f0xx_it.o
LOAD ./Core/Src/syscalls.o
LOAD ./Core/Src/sysmem.o
LOAD ./Core/Src/system_stm32f0xx.o
LOAD ./Core/Src/sent/bridge.o
LOAD ./Core/Src/sent/hal_stm32f042.o
LOAD ./Core/Src/sent/mode_manager.o
LOAD ./Core/Src/sent/sent_crc.o
LOAD ./Core/Src/sent/sent_decoder.o
LOAD ./Core/Src/sent/sent_encoder.o
LOAD ./Core/Src/sent/sent_protocol.o
LOAD ./Core/Src/sent/slcan.o
LOAD ./Core/Startup/startup_stm32f042g4ux.o
LOAD ./Drivers/STM32F0xx_HAL_Driver/Src/stm32f0xx_hal.o
LOAD ./Drivers/STM32F0xx_HAL_Driver/Src/stm32f0xx_hal_cortex.o
LOAD ./Drivers/STM32F0xx_HAL_Driver/Src/stm32f0xx_hal_dma.o
LOAD ./Drivers/STM32F0xx_HAL_Driver/Src/stm32f0xx_hal_exti.o
LOAD ./Drivers/STM32F0xx_HAL_Driver/Src/stm32f0xx_hal_flash.o
LOAD ./Drivers/STM32F0xx_HAL_Driver/Src/stm32f0xx_hal_flash_ex.o
LOAD ./Drivers/STM32F0xx_HAL_Driver/Src/stm32f0xx_hal_gpio.o
LOAD ./Drivers/STM32F0xx_HAL_Driver/Src/stm32f0xx_hal_i2c.o
LOAD ./Drivers/STM32F0xx_HAL_Driver/Src/stm32f0xx_hal_i2c_ex.o
LOAD ./Drivers/STM32F0xx_HAL_Driver/Src/stm32f0xx_hal_pcd.o
LOAD ./Drivers/STM32F0xx_HAL_Driver/Src/stm32f0xx_hal_pcd_ex.o
LOAD ./Drivers/STM32F0xx_HAL_Driver/Src/stm32f0xx_hal_pwr.o
LOAD ./Drivers/STM32F0xx_HAL_Driver/Src/stm32f0xx_hal_pwr_ex.o
LOAD ./Drivers/STM32F0xx_HAL_Driver/Src/stm32f0xx_hal_rcc.o
LOAD ./Drivers/STM32F0xx_HAL_Driver/Src/stm32f0xx_hal_rcc_ex.o
LOAD ./Drivers/STM32F0xx_HAL_Driver/Src/stm32f0xx_hal_tim.o
LOAD ./Drivers/STM32F0xx_HAL_Driver/Src/stm32f0xx_hal_tim_ex.o
LOAD ./Drivers/STM32F0xx_HAL_Driver/Src/stm32f0xx_ll_usb.o
LOAD ./Middlewares/ST/STM32_USB_Device_Library/Class/CDC/Src/usbd_cdc.o
LOAD ./Middlewares/ST/STM32_USB_Device_Library/Core/Src/usbd_core.o
LOAD ./Middlewares/ST/STM32_USB_Device_Library/Core/Src/usbd_ctlreq.o
LOAD ./Middlewares/ST/STM32_USB_Device_Library/Core/Src/usbd_ioreq.o
LOAD ./USB_DEVICE/App/usb_device.o
LOAD ./USB_DEVICE/App/usbd_cdc_if.o
LOAD ./USB_DEVICE/App/usbd_desc.o
LOAD ./USB_DEVICE/Target/usbd_conf.o
START GROUP
LOAD /opt/arm-gnu-toolchain-13.3.rel1-x86_64-arm-none-eabi/bin/../lib/gcc/arm-none-eabi/13.3.1/../../../../arm-none-eabi/lib/thumb/v6-m/nofp/libc_nano.a
LOAD /opt/arm-gnu-toolchain-13.3.rel1-x86_64-arm-none-eabi/bin/../lib/gcc/arm-none-eabi/13.3.1/../../../../arm-none-eabi/lib/thumb/v6-m/nofp/libm.a
END GROUP
START GROUP
LOAD /opt/arm-gnu-toolchain-13.3.rel1-x86_64-arm-none-eabi/bin/../lib/gcc/arm-none-eabi/13.3.1/thumb/v6-m/nofp/libgcc.a
LOAD /opt/arm-gnu-toolchain-13.3.rel1-x86_64-arm-none-eabi/bin/../lib/gcc/arm-none-eabi/13.3.1/../../../../arm-none-eabi/lib/thumb/v6-m/nofp/libc_nano.a
END GROUP
START GROUP
LOAD /opt/arm-gnu-toolchain-13.3.rel1-x86_64-arm-none-eabi/bin/../lib/gcc/arm-none-eabi/13.3.1/thumb/v6-m/nofp/libgcc.a
LOAD /opt/arm-gnu-toolchain-13.3.rel1-x86_64-arm-none-eabi/bin/../lib/gcc/arm-none-eabi/13.3.1/../../../../arm-none-eabi/lib/thumb/v6-m/nofp/libc_nano.a
LOAD /opt/arm-gnu-toolchain-13.3.rel1-x86_64-arm-none-eabi/bin/../lib/gcc/arm-none-eabi/13.3.1/../../../../arm-none-eabi/lib/thumb/v6-m/nofp/libnosys.a
END GROUP
START GROUP
LOAD /opt/arm-gnu-toolchain-13.3.rel1-x86_64-arm-none-eabi/bin/../lib/gcc/arm-none-eabi/13.3.1/thumb/v6-m/nofp/libgcc.a
LOAD /opt/arm-gnu-toolchain-13.3.rel1-x86_64-arm-none-eabi/bin/../lib/gcc/arm-none-eabi/13.3.1/../../../../arm-none-eabi/lib/thumb/v6-m/nofp/libc_nano.a
LOAD /opt/arm-gnu-toolchain-13.3.rel1-x86_64-arm-none-eabi/bin/../lib/gcc/arm-none-eabi/13.3.1/../../../../arm-none-eabi/lib/thumb/v6-m/nofp/libnosys.a
END GROUP
LOAD /opt/arm-gnu-toolchain-13.3.rel1-x86_64-arm-none-eabi/bin/../lib/gcc/arm-none-eabi/13.3.1/thumb/v6-m/nofp/crtend.o
LOAD /opt/arm-gnu-toolchain-13.3.rel1-x86_64-arm-none-eabi/bin/../lib/gcc/arm-none-eabi/13.3.1/thumb/v6-m/nofp/crtn.o
                0x20001800                        _estack = (ORIGIN (RAM) + LENGTH (RAM))
                0x00000000                        _Min_Heap_Size = 0x0
                0x00000400                        _Min_Stack_Size = 0x400

.isr_vector     0x08000000       0xc0
                0x08000000                        . = ALIGN (0x4)
 *(.isr_vector)
 .isr_vector    0x08000000       0xc0 ./Core/Startup/startup_stm32f042g4ux.o
                0x08000000                g_pfnVectors
                0x080000c0                        . = ALIGN (0x4)

.text           0x080000c0     0x4e98
                0x080000c0                        . = ALIGN (0x4)
 *(.text)
 .text          0x080000c0        0xe /opt/arm-gnu-toolchain-13.3.rel1-x86_64-arm-none-eabi/bin/../lib/gcc/arm-none-eabi/13.3.1/../../../../arm-none-eabi/lib/thumb/v6-m/nofp/libc_nano.a(libc_a-strlen.o)
                0x080000c0                strlen
 *fill*         0x080000ce        0x2 
 .text          0x080000d0       0x14 /opt/arm-gnu-toolchain-13.3.rel1-x86_64-arm-none-eabi/bin/../lib/gcc/arm-none-eabi/13.3.1/thumb/v6-m/nofp/libgcc.a(_thumb1_case_sqi.o)
                0x080000d0                __gnu_thumb1_case_sqi
 .text          0x080000e4       0x14 /opt/arm-gnu-toolchain-13.3.rel1-x86_64-arm-none-eabi/bin/../lib/gcc/arm-none-eabi/13.3.1/thumb/v6-m/nofp/libgcc.a(_thumb1_case_uqi.o)
                0x080000e4                __gnu_thumb1_case_uqi
 .text          0x080000f8       0x14 /opt/arm-gnu-toolchain-13.3.rel1-x86_64-arm-none-eabi/bin/../lib/gcc/arm-none-eabi/13.3.1/thumb/v6-m/nofp/libgcc.a(_thumb1_case_shi.o)
                0x080000f8                __gnu_thumb1_case_shi
 .text          0x0800010c      0x114 /opt/arm-gnu-toolchain-13.3.rel1-x86_64-arm-none-eabi/bin/../lib/gcc/arm-none-eabi/13.3.1/thumb/v6-m/nofp/libgcc.a(_udivsi3.o)
                0x0800010c                __udivsi3
                0x0800010c                __aeabi_uidiv
                0x08000218                __aeabi_uidivmod
 .text          0x08000220        0x4 /opt/arm-gnu-toolchain-13.3.rel1-x86_64-arm-none-eabi/bin/../lib/gcc/arm-none-eabi/13.3.1/thumb/v6-m/nofp/libgcc.a(_dvmd_tls.o)
                0x08000220                __aeabi_ldiv0
                0x08000220                __aeabi_idiv0
 *(.text*)
 .text.deregister_tm_clones
                0x08000224       0x20 /opt/arm-gnu-toolchain-13.3.rel1-x86_64-arm-none-eabi/bin/../lib/gcc/arm-none-eabi/13.3.1/thumb/v6-m/nofp/crtbegin.o
 .text.register_tm_clones
                0x08000244       0x28 /opt/arm-gnu-toolchain-13.3.rel1-x86_64-arm-none-eabi/bin/../lib/gcc/arm-none-eabi/13.3.1/thumb/v6-m/nofp/crtbegin.o
 .text.__do_global_dtors_aux
                0x0800026c       0x2c /opt/arm-gnu-toolchain-13.3.rel1-x86_64-arm-none-eabi/bin/../lib/gcc/arm-none-eabi/13.3.1/thumb/v6-m/nofp/crtbegin.o
 .text.frame_dummy
                0x08000298       0x24 /opt/arm-gnu-toolchain-13.3.rel1-x86_64-arm-none-eabi/bin/../lib/gcc/arm-none-eabi/13.3.1/thumb/v6-m/nofp/crtbegin.o
 .text.SystemClock_Config
                0x080002bc       0x6e ./Core/Src/main.o
                0x080002bc                SystemClock_Config
 *fill*         0x0800032a        0x2 
 .text.startup.main
                0x0800032c      0x14c ./Core/Src/main.o
                0x0800032c                main
 .text.HAL_TIM_IC_CaptureCallback
                0x08000478       0x20 ./Core/Src/main.o
                0x08000478                HAL_TIM_IC_CaptureCallback
 .text.SentApp_OnTim14UpdateIrq
                0x08000498      0x118 ./Core/Src/main.o
                0x08000498                SentApp_OnTim14UpdateIrq
 .text.HAL_TIM_PeriodElapsedCallback
                0x080005b0       0x12 ./Core/Src/main.o
                0x080005b0                HAL_TIM_PeriodElapsedCallback
 .text.Error_Handler
                0x080005c2        0x4 ./Core/Src/main.o
                0x080005c2                Error_Handler
 *fill*         0x080005c6        0x2 
 .text.tx_enqueue_cstr.part.0
                0x080005c8       0x54 ./Core/Src/sent_app.o
 .text.handle_slcan_line
                0x0800061c       0x78 ./Core/Src/sent_app.o
 .text.SentApp_Init
                0x08000694       0xa0 ./Core/Src/sent_app.o
                0x08000694                SentApp_Init
 .text.SentApp_Process
                0x08000734       0xdc ./Core/Src/sent_app.o
                0x08000734                SentApp_Process
 .text.SentApp_OnUsbRx
                0x08000810       0x44 ./Core/Src/sent_app.o
                0x08000810                SentApp_OnUsbRx
 .text.SentApp_OnSentRxCaptureEdge
                0x08000854       0x14 ./Core/Src/sent_app.o
                0x08000854                SentApp_OnSentRxCaptureEdge
 .text.SentApp_OnSentRxTimerOverflow
                0x08000868       0x10 ./Core/Src/sent_app.o
                0x08000868                SentApp_OnSentRxTimerOverflow
 .text.SentApp_PopNextTxIntervalTicks
                0x08000878       0x14 ./Core/Src/sent_app.o
                0x08000878                SentApp_PopNextTxIntervalTicks
 .text.SentApp_HasPendingTxIntervals
                0x0800088c       0x14 ./Core/Src/sent_app.o
                0x0800088c                SentApp_HasPendingTxIntervals
 .text.SentApp_StartRxMode
                0x080008a0       0x10 ./Core/Src/sent_app.o
                0x080008a0                SentApp_StartRxMode
 .text.HAL_MspInit
                0x080008b0       0x3c ./Core/Src/stm32f0xx_hal_msp.o
                0x080008b0                HAL_MspInit
 .text.HAL_TIM_Base_MspInit
                0x080008ec       0x98 ./Core/Src/stm32f0xx_hal_msp.o
                0x080008ec                HAL_TIM_Base_MspInit
 .text.NMI_Handler
                0x08000984        0x2 ./Core/Src/stm32f0xx_it.o
                0x08000984                NMI_Handler
 .text.HardFault_Handler
                0x08000986        0x2 ./Core/Src/stm32f0xx_it.o
                0x08000986                HardFault_Handler
 .text.SVC_Handler
                0x08000988        0x2 ./Core/Src/stm32f0xx_it.o
                0x08000988                SVC_Handler
 .text.PendSV_Handler
                0x0800098a        0x2 ./Core/Src/stm32f0xx_it.o
                0x0800098a                PendSV_Handler
 .text.SysTick_Handler
                0x0800098c        0x8 ./Core/Src/stm32f0xx_it.o
                0x0800098c                SysTick_Handler
 .text.TIM2_IRQHandler
                0x08000994       0x10 ./Core/Src/stm32f0xx_it.o
                0x08000994                TIM2_IRQHandler
 .text.TIM14_IRQHandler
                0x080009a4       0x28 ./Core/Src/stm32f0xx_it.o
                0x080009a4                TIM14_IRQHandler
 .text.USB_IRQHandler
                0x080009cc       0x10 ./Core/Src/stm32f0xx_it.o
                0x080009cc                USB_IRQHandler
 .text.SystemInit
                0x080009dc        0x2 ./Core/Src/system_stm32f0xx.o
                0x080009dc                SystemInit
 .text.response_push.isra.0
                0x080009de       0x4a ./Core/Src/sent/bridge.o
 .text.sent_bridge_init
                0x08000a28       0x70 ./Core/Src/sent/bridge.o
                0x08000a28                sent_bridge_init
 .text.sent_bridge_on_slcan_line
                0x08000a98      0x1d8 ./Core/Src/sent/bridge.o
                0x08000a98                sent_bridge_on_slcan_line
 .text.sent_bridge_on_sent_timestamps_us
                0x08000c70       0xa0 ./Core/Src/sent/bridge.o
                0x08000c70                sent_bridge_on_sent_timestamps_us
 .text.sent_bridge_poll_rx_hal
                0x08000d10       0x54 ./Core/Src/sent/bridge.o
                0x08000d10                sent_bridge_poll_rx_hal
 .text.stm32_rx_start
                0x08000d64       0x64 ./Core/Src/sent/hal_stm32f042.o
 .text.stm32_rx_stop
                0x08000dc8       0x10 ./Core/Src/sent/hal_stm32f042.o
 .text.stm32_tx_stop
                0x08000dd8       0x10 ./Core/Src/sent/hal_stm32f042.o
 .text.stm32_rx_poll
                0x08000de8       0x76 ./Core/Src/sent/hal_stm32f042.o
 .text.stm32_tx_start
                0x08000e5e       0x28 ./Core/Src/sent/hal_stm32f042.o
 .text.stm32_tx_submit
                0x08000e86       0x9a ./Core/Src/sent/hal_stm32f042.o
 .text.sent_stm32f042_rx_hal_init
                0x08000f20       0x30 ./Core/Src/sent/hal_stm32f042.o
                0x08000f20                sent_stm32f042_rx_hal_init
 .text.sent_stm32f042_make_rx_hal
                0x08000f50       0x24 ./Core/Src/sent/hal_stm32f042.o
                0x08000f50                sent_stm32f042_make_rx_hal
 .text.sent_stm32f042_rx_on_capture_edge_isr
                0x08000f74       0xd8 ./Core/Src/sent/hal_stm32f042.o
                0x08000f74                sent_stm32f042_rx_on_capture_edge_isr
 .text.sent_stm32f042_rx_on_overflow_isr
                0x0800104c       0x1a ./Core/Src/sent/hal_stm32f042.o
                0x0800104c                sent_stm32f042_rx_on_overflow_isr
 .text.sent_stm32f042_tx_hal_init
                0x08001066       0x30 ./Core/Src/sent/hal_stm32f042.o
                0x08001066                sent_stm32f042_tx_hal_init
 *fill*         0x08001096        0x2 
 .text.sent_stm32f042_make_tx_hal
                0x08001098       0x24 ./Core/Src/sent/hal_stm32f042.o
                0x08001098                sent_stm32f042_make_tx_hal
 .text.sent_stm32f042_tx_pop_next_interval_ticks_from_isr
                0x080010bc       0x96 ./Core/Src/sent/hal_stm32f042.o
                0x080010bc                sent_stm32f042_tx_pop_next_interval_ticks_from_isr
 .text.sent_stm32f042_tx_pending_frames
                0x08001152       0x3a ./Core/Src/sent/hal_stm32f042.o
                0x08001152                sent_stm32f042_tx_pending_frames
 .text.sent_mode_manager_init
                0x0800118c       0x18 ./Core/Src/sent/mode_manager.o
                0x0800118c                sent_mode_manager_init
 .text.sent_mode_manager_start_rx
                0x080011a4        0xe ./Core/Src/sent/mode_manager.o
                0x080011a4                sent_mode_manager_start_rx
 .text.sent_mode_manager_start_tx
                0x080011b2        0xe ./Core/Src/sent/mode_manager.o
                0x080011b2                sent_mode_manager_start_tx
 .text.sent_mode_manager_stop
                0x080011c0        0xe ./Core/Src/sent/mode_manager.o
                0x080011c0                sent_mode_manager_stop
 .text.sent_crc4_j2716
                0x080011ce       0x5e ./Core/Src/sent/sent_crc.o
                0x080011ce                sent_crc4_j2716
 .text.sent_decode_from_timestamps_us
                0x0800122c      0x1ea ./Core/Src/sent/sent_decoder.o
                0x0800122c                sent_decode_from_timestamps_us
 .text.sent_build_intervals_ticks
                0x08001416       0xc4 ./Core/Src/sent/sent_encoder.o
                0x08001416                sent_build_intervals_ticks
 .text.sent_default_config
                0x080014da       0x14 ./Core/Src/sent/sent_protocol.o
                0x080014da                sent_default_config
 .text.sent_validate_config
                0x080014ee       0x2a ./Core/Src/sent/sent_protocol.o
                0x080014ee                sent_validate_config
 .text.sent_pack_nibbles
                0x08001518       0x4c ./Core/Src/sent/sent_protocol.o
                0x08001518                sent_pack_nibbles
 .text.sent_unpack_nibbles
                0x08001564       0x50 ./Core/Src/sent/sent_protocol.o
                0x08001564                sent_unpack_nibbles
 .text.append_hex
                0x080015b4       0x2c ./Core/Src/sent/slcan.o
 .text.parse_hex_slice.constprop.0
                0x080015e0       0x4e ./Core/Src/sent/slcan.o
 .text.sent_slcan_parse_line
                0x0800162e      0x148 ./Core/Src/sent/slcan.o
                0x0800162e                sent_slcan_parse_line
 .text.sent_slcan_serialize_frame
                0x08001776       0x90 ./Core/Src/sent/slcan.o
                0x08001776                sent_slcan_serialize_frame
 *fill*         0x08001806        0x2 
 .text.Reset_Handler
                0x08001808       0x80 ./Core/Startup/startup_stm32f042g4ux.o
                0x08001808                Reset_Handler
 .text.Default_Handler
                0x08001888        0x2 ./Core/Startup/startup_stm32f042g4ux.o
                0x08001888                TIM1_CC_IRQHandler
                0x08001888                TSC_IRQHandler
                0x08001888                I2C1_IRQHandler
                0x08001888                RCC_CRS_IRQHandler
                0x08001888                SPI1_IRQHandler
                0x08001888                EXTI2_3_IRQHandler
                0x08001888                ADC1_IRQHandler
                0x08001888                TIM17_IRQHandler
                0x08001888                CEC_CAN_IRQHandler
                0x08001888                RTC_IRQHandler
                0x08001888                PVD_VDDIO2_IRQHandler
                0x08001888                TIM16_IRQHandler
                0x08001888                TIM3_IRQHandler
                0x08001888                EXTI4_15_IRQHandler
                0x08001888                DMA1_Channel1_IRQHandler
                0x08001888                Default_Handler
                0x08001888                DMA1_Channel4_5_IRQHandler
                0x08001888                EXTI0_1_IRQHandler
                0x08001888                SPI2_IRQHandler
                0x08001888                WWDG_IRQHandler
                0x08001888                DMA1_Channel2_3_IRQHandler
                0x08001888                USART2_IRQHandler
                0x08001888                FLASH_IRQHandler
                0x08001888                USART1_IRQHandler
                0x08001888                TIM1_BRK_UP_TRG_COM_IRQHandler
 *fill*         0x0800188a        0x2 
 .text.HAL_InitTick
                0x0800188c       0x48 ./Drivers/STM32F0xx_HAL_Driver/Src/stm32f0xx_hal.o
                0x0800188c                HAL_InitTick
 .text.HAL_Init
                0x080018d4       0x20 ./Drivers/STM32F0xx_HAL_Driver/Src/stm32f0xx_hal.o
                0x080018d4                HAL_Init
 .text.HAL_IncTick
                0x080018f4       0x18 ./Drivers/STM32F0xx_HAL_Driver/Src/stm32f0xx_hal.o
                0x080018f4                HAL_IncTick
 .text.HAL_GetTick
                0x0800190c        0xc ./Drivers/STM32F0xx_HAL_Driver/Src/stm32f0xx_hal.o
                0x0800190c                HAL_GetTick
 .text.HAL_NVIC_SetPriority
                0x08001918       0x54 ./Drivers/STM32F0xx_HAL_Driver/Src/stm32f0xx_hal_cortex.o
                0x08001918                HAL_NVIC_SetPriority
 .text.HAL_NVIC_EnableIRQ
                0x0800196c       0x18 ./Drivers/STM32F0xx_HAL_Driver/Src/stm32f0xx_hal_cortex.o
                0x0800196c                HAL_NVIC_EnableIRQ
 .text.HAL_SYSTICK_Config
                0x08001984       0x34 ./Drivers/STM32F0xx_HAL_Driver/Src/stm32f0xx_hal_cortex.o
                0x08001984                HAL_SYSTICK_Config
 .text.HAL_GPIO_Init
                0x080019b8      0x164 ./Drivers/STM32F0xx_HAL_Driver/Src/stm32f0xx_hal_gpio.o
                0x080019b8                HAL_GPIO_Init
 .text.HAL_GPIO_WritePin
                0x08001b1c        0xc ./Drivers/STM32F0xx_HAL_Driver/Src/stm32f0xx_hal_gpio.o
                0x08001b1c                HAL_GPIO_WritePin
 .text.HAL_PCD_Init
                0x08001b28       0x98 ./Drivers/STM32F0xx_HAL_Driver/Src/stm32f0xx_hal_pcd.o
                0x08001b28                HAL_PCD_Init
 .text.HAL_PCD_Start
                0x08001bc0       0x26 ./Drivers/STM32F0xx_HAL_Driver/Src/stm32f0xx_hal_pcd.o
                0x08001bc0                HAL_PCD_Start
 .text.HAL_PCD_SetAddress
                0x08001be6       0x22 ./Drivers/STM32F0xx_HAL_Driver/Src/stm32f0xx_hal_pcd.o
                0x08001be6                HAL_PCD_SetAddress
 .text.HAL_PCD_IRQHandler
                0x08001c08      0x9cc ./Drivers/STM32F0xx_HAL_Driver/Src/stm32f0xx_hal_pcd.o
                0x08001c08                HAL_PCD_IRQHandler
 .text.HAL_PCD_EP_Open
                0x080025d4       0x58 ./Drivers/STM32F0xx_HAL_Driver/Src/stm32f0xx_hal_pcd.o
                0x080025d4                HAL_PCD_EP_Open
 .text.HAL_PCD_EP_Close
                0x0800262c       0x4c ./Drivers/STM32F0xx_HAL_Driver/Src/stm32f0xx_hal_pcd.o
                0x0800262c                HAL_PCD_EP_Close
 .text.HAL_PCD_EP_Receive
                0x08002678       0x36 ./Drivers/STM32F0xx_HAL_Driver/Src/stm32f0xx_hal_pcd.o
                0x08002678                HAL_PCD_EP_Receive
 .text.HAL_PCD_EP_GetRxCount
                0x080026ae       0x10 ./Drivers/STM32F0xx_HAL_Driver/Src/stm32f0xx_hal_pcd.o
                0x080026ae                HAL_PCD_EP_GetRxCount
 .text.HAL_PCD_EP_Transmit
                0x080026be       0x30 ./Drivers/STM32F0xx_HAL_Driver/Src/stm32f0xx_hal_pcd.o
                0x080026be                HAL_PCD_EP_Transmit
 .text.HAL_PCD_EP_SetStall
                0x080026ee       0x5c ./Drivers/STM32F0xx_HAL_Driver/Src/stm32f0xx_hal_pcd.o
                0x080026ee                HAL_PCD_EP_SetStall
 .text.HAL_PCD_EP_ClrStall
                0x0800274a       0x5c ./Drivers/STM32F0xx_HAL_Driver/Src/stm32f0xx_hal_pcd.o
                0x0800274a                HAL_PCD_EP_ClrStall
 .text.HAL_PCDEx_PMAConfig
                0x080027a6       0x30 ./Drivers/STM32F0xx_HAL_Driver/Src/stm32f0xx_hal_pcd_ex.o
                0x080027a6                HAL_PCDEx_PMAConfig
 .text.HAL_PCDEx_ActivateLPM
                0x080027d6       0x28 ./Drivers/STM32F0xx_HAL_Driver/Src/stm32f0xx_hal_pcd_ex.o
                0x080027d6                HAL_PCDEx_ActivateLPM
 .text.HAL_PCDEx_LPM_Callback
                0x080027fe        0x2 ./Drivers/STM32F0xx_HAL_Driver/Src/stm32f0xx_hal_pcd_ex.o
                0x080027fe                HAL_PCDEx_LPM_Callback
 .text.HAL_RCC_OscConfig
                0x08002800      0x4a0 ./Drivers/STM32F0xx_HAL_Driver/Src/stm32f0xx_hal_rcc.o
                0x08002800                HAL_RCC_OscConfig
 .text.HAL_RCC_GetSysClockFreq
                0x08002ca0       0x6c ./Drivers/STM32F0xx_HAL_Driver/Src/stm32f0xx_hal_rcc.o
                0x08002ca0                HAL_RCC_GetSysClockFreq
 .text.HAL_RCC_ClockConfig
                0x08002d0c      0x114 ./Drivers/STM32F0xx_HAL_Driver/Src/stm32f0xx_hal_rcc.o
                0x08002d0c                HAL_RCC_ClockConfig
 .text.HAL_RCCEx_PeriphCLKConfig
                0x08002e20      0x130 ./Drivers/STM32F0xx_HAL_Driver/Src/stm32f0xx_hal_rcc_ex.o
                0x08002e20                HAL_RCCEx_PeriphCLKConfig
 .text.HAL_TIM_Base_Start_IT
                0x08002f50       0x54 ./Drivers/STM32F0xx_HAL_Driver/Src/stm32f0xx_hal_tim.o
                0x08002f50                HAL_TIM_Base_Start_IT
 .text.HAL_TIM_Base_Stop_IT
                0x08002fa4       0x34 ./Drivers/STM32F0xx_HAL_Driver/Src/stm32f0xx_hal_tim.o
                0x08002fa4                HAL_TIM_Base_Stop_IT
 .text.HAL_TIM_IC_MspInit
                0x08002fd8        0x2 ./Drivers/STM32F0xx_HAL_Driver/Src/stm32f0xx_hal_tim.o
                0x08002fd8                HAL_TIM_IC_MspInit
 .text.HAL_TIM_ReadCapturedValue
                0x08002fda       0x2e ./Drivers/STM32F0xx_HAL_Driver/Src/stm32f0xx_hal_tim.o
                0x08002fda                HAL_TIM_ReadCapturedValue
 .text.HAL_TIM_OC_DelayElapsedCallback
                0x08003008        0x2 ./Drivers/STM32F0xx_HAL_Driver/Src/stm32f0xx_hal_tim.o
                0x08003008                HAL_TIM_OC_DelayElapsedCallback
 .text.HAL_TIM_PWM_PulseFinishedCallback
                0x0800300a        0x2 ./Drivers/STM32F0xx_HAL_Driver/Src/stm32f0xx_hal_tim.o
                0x0800300a                HAL_TIM_PWM_PulseFinishedCallback
 .text.HAL_TIM_TriggerCallback
                0x0800300c        0x2 ./Drivers/STM32F0xx_HAL_Driver/Src/stm32f0xx_hal_tim.o
                0x0800300c                HAL_TIM_TriggerCallback
 .text.HAL_TIM_IRQHandler
                0x0800300e      0x138 ./Drivers/STM32F0xx_HAL_Driver/Src/stm32f0xx_hal_tim.o
                0x0800300e                HAL_TIM_IRQHandler
 *fill*         0x08003146        0x2 
 .text.TIM_Base_SetConfig
                0x08003148       0x8c ./Drivers/STM32F0xx_HAL_Driver/Src/stm32f0xx_hal_tim.o
                0x08003148                TIM_Base_SetConfig
 .text.HAL_TIM_Base_Init
                0x080031d4       0x50 ./Drivers/STM32F0xx_HAL_Driver/Src/stm32f0xx_hal_tim.o
                0x080031d4                HAL_TIM_Base_Init
 .text.HAL_TIM_IC_Init
                0x08003224       0x50 ./Drivers/STM32F0xx_HAL_Driver/Src/stm32f0xx_hal_tim.o
                0x08003224                HAL_TIM_IC_Init
 .text.TIM_TI1_SetConfig
                0x08003274       0x50 ./Drivers/STM32F0xx_HAL_Driver/Src/stm32f0xx_hal_tim.o
                0x08003274                TIM_TI1_SetConfig
 .text.HAL_TIM_IC_ConfigChannel
                0x080032c4      0x154 ./Drivers/STM32F0xx_HAL_Driver/Src/stm32f0xx_hal_tim.o
                0x080032c4                HAL_TIM_IC_ConfigChannel
 .text.TIM_ETR_SetConfig
                0x08003418       0x18 ./Drivers/STM32F0xx_HAL_Driver/Src/stm32f0xx_hal_tim.o
                0x08003418                TIM_ETR_SetConfig
 .text.HAL_TIM_ConfigClockSource
                0x08003430      0x12c ./Drivers/STM32F0xx_HAL_Driver/Src/stm32f0xx_hal_tim.o
                0x08003430                HAL_TIM_ConfigClockSource
 .text.TIM_CCxChannelCmd
                0x0800355c       0x1a ./Drivers/STM32F0xx_HAL_Driver/Src/stm32f0xx_hal_tim.o
                0x0800355c                TIM_CCxChannelCmd
 *fill*         0x08003576        0x2 
 .text.HAL_TIM_IC_Start_IT
                0x08003578       0xb8 ./Drivers/STM32F0xx_HAL_Driver/Src/stm32f0xx_hal_tim.o
                0x08003578                HAL_TIM_IC_Start_IT
 .text.HAL_TIMEx_MasterConfigSynchronization
                0x08003630       0x58 ./Drivers/STM32F0xx_HAL_Driver/Src/stm32f0xx_hal_tim_ex.o
                0x08003630                HAL_TIMEx_MasterConfigSynchronization
 .text.HAL_TIMEx_CommutCallback
                0x08003688        0x2 ./Drivers/STM32F0xx_HAL_Driver/Src/stm32f0xx_hal_tim_ex.o
                0x08003688                HAL_TIMEx_CommutCallback
 .text.HAL_TIMEx_BreakCallback
                0x0800368a        0x2 ./Drivers/STM32F0xx_HAL_Driver/Src/stm32f0xx_hal_tim_ex.o
                0x0800368a                HAL_TIMEx_BreakCallback
 .text.USB_EnableGlobalInt
                0x0800368c       0x14 ./Drivers/STM32F0xx_HAL_Driver/Src/stm32f0xx_ll_usb.o
                0x0800368c                USB_EnableGlobalInt
 .text.USB_DisableGlobalInt
                0x080036a0       0x14 ./Drivers/STM32F0xx_HAL_Driver/Src/stm32f0xx_ll_usb.o
                0x080036a0                USB_DisableGlobalInt
 .text.USB_DevInit
                0x080036b4       0x1a ./Drivers/STM32F0xx_HAL_Driver/Src/stm32f0xx_ll_usb.o
                0x080036b4                USB_DevInit
 *fill*         0x080036ce        0x2 
 .text.USB_ActivateEndpoint
                0x080036d0      0x220 ./Drivers/STM32F0xx_HAL_Driver/Src/stm32f0xx_ll_usb.o
                0x080036d0                USB_ActivateEndpoint
 .text.USB_DeactivateEndpoint
                0x080038f0       0xf4 ./Drivers/STM32F0xx_HAL_Driver/Src/stm32f0xx_ll_usb.o
                0x080038f0                USB_DeactivateEndpoint
 .text.USB_EPSetStall
                0x080039e4       0x44 ./Drivers/STM32F0xx_HAL_Driver/Src/stm32f0xx_ll_usb.o
                0x080039e4                USB_EPSetStall
 .text.USB_EPClearStall
                0x08003a28       0x74 ./Drivers/STM32F0xx_HAL_Driver/Src/stm32f0xx_ll_usb.o
                0x08003a28                USB_EPClearStall
 .text.USB_SetDevAddress
                0x08003a9c        0xe ./Drivers/STM32F0xx_HAL_Driver/Src/stm32f0xx_ll_usb.o
                0x08003a9c                USB_SetDevAddress
 .text.USB_DevConnect
                0x08003aaa       0x10 ./Drivers/STM32F0xx_HAL_Driver/Src/stm32f0xx_ll_usb.o
                0x08003aaa                USB_DevConnect
 .text.USB_ReadInterrupts
                0x08003aba        0x8 ./Drivers/STM32F0xx_HAL_Driver/Src/stm32f0xx_ll_usb.o
                0x08003aba                USB_ReadInterrupts
 .text.USB_WritePMA
                0x08003ac2       0x2a ./Drivers/STM32F0xx_HAL_Driver/Src/stm32f0xx_ll_usb.o
                0x08003ac2                USB_WritePMA
 .text.USB_EPStartXfer
                0x08003aec      0x464 ./Drivers/STM32F0xx_HAL_Driver/Src/stm32f0xx_ll_usb.o
                0x08003aec                USB_EPStartXfer
 .text.USB_ReadPMA
                0x08003f50       0x36 ./Drivers/STM32F0xx_HAL_Driver/Src/stm32f0xx_ll_usb.o
                0x08003f50                USB_ReadPMA
 *fill*         0x08003f86        0x2 
 .text.USBD_CDC_EP0_RxReady
                0x08003f88       0x34 ./Middlewares/ST/STM32_USB_Device_Library/Class/CDC/Src/usbd_cdc.o
 .text.USBD_CDC_GetFSCfgDesc
                0x08003fbc        0xc ./Middlewares/ST/STM32_USB_Device_Library/Class/CDC/Src/usbd_cdc.o
 .text.USBD_CDC_GetHSCfgDesc
                0x08003fc8        0xc ./Middlewares/ST/STM32_USB_Device_Library/Class/CDC/Src/usbd_cdc.o
 .text.USBD_CDC_GetOtherSpeedCfgDesc
                0x08003fd4        0xc ./Middlewares/ST/STM32_USB_Device_Library/Class/CDC/Src/usbd_cdc.o
 .text.USBD_CDC_GetDeviceQualifierDescriptor
                0x08003fe0        0xc ./Middlewares/ST/STM32_USB_Device_Library/Class/CDC/Src/usbd_cdc.o
                0x08003fe0                USBD_CDC_GetDeviceQualifierDescriptor
 .text.USBD_CDC_DataOut
                0x08003fec       0x34 ./Middlewares/ST/STM32_USB_Device_Library/Class/CDC/Src/usbd_cdc.o
 .text.USBD_CDC_DataIn
                0x08004020       0x4c ./Middlewares/ST/STM32_USB_Device_Library/Class/CDC/Src/usbd_cdc.o
 .text.USBD_CDC_Setup
                0x0800406c       0xbc ./Middlewares/ST/STM32_USB_Device_Library/Class/CDC/Src/usbd_cdc.o
 .text.USBD_CDC_DeInit
                0x08004128       0x46 ./Middlewares/ST/STM32_USB_Device_Library/Class/CDC/Src/usbd_cdc.o
 .text.USBD_CDC_Init
                0x0800416e       0x96 ./Middlewares/ST/STM32_USB_Device_Library/Class/CDC/Src/usbd_cdc.o
 .text.USBD_CDC_RegisterInterface
                0x08004204       0x12 ./Middlewares/ST/STM32_USB_Device_Library/Class/CDC/Src/usbd_cdc.o
                0x08004204                USBD_CDC_RegisterInterface
 .text.USBD_CDC_SetTxBuffer
                0x08004216       0x16 ./Middlewares/ST/STM32_USB_Device_Library/Class/CDC/Src/usbd_cdc.o
                0x08004216                USBD_CDC_SetTxBuffer
 .text.USBD_CDC_SetRxBuffer
                0x0800422c        0xe ./Middlewares/ST/STM32_USB_Device_Library/Class/CDC/Src/usbd_cdc.o
                0x0800422c                USBD_CDC_SetRxBuffer
 .text.USBD_CDC_TransmitPacket
                0x0800423a       0x38 ./Middlewares/ST/STM32_USB_Device_Library/Class/CDC/Src/usbd_cdc.o
                0x0800423a                USBD_CDC_TransmitPacket
 .text.USBD_CDC_ReceivePacket
                0x08004272       0x2e ./Middlewares/ST/STM32_USB_Device_Library/Class/CDC/Src/usbd_cdc.o
                0x08004272                USBD_CDC_ReceivePacket
 .text.USBD_Init
                0x080042a0       0x34 ./Middlewares/ST/STM32_USB_Device_Library/Core/Src/usbd_core.o
                0x080042a0                USBD_Init
 .text.USBD_RegisterClass
                0x080042d4       0x12 ./Middlewares/ST/STM32_USB_Device_Library/Core/Src/usbd_core.o
                0x080042d4                USBD_RegisterClass
 .text.USBD_Start
                0x080042e6        0xa ./Middlewares/ST/STM32_USB_Device_Library/Core/Src/usbd_core.o
                0x080042e6                USBD_Start
 .text.USBD_SetClassConfig
                0x080042f0       0x1c ./Middlewares/ST/STM32_USB_Device_Library/Core/Src/usbd_core.o
                0x080042f0                USBD_SetClassConfig
 .text.USBD_ClrClassConfig
                0x0800430c       0x10 ./Middlewares/ST/STM32_USB_Device_Library/Core/Src/usbd_core.o
                0x0800430c                USBD_ClrClassConfig
 .text.USBD_LL_SetupStage
                0x0800431c       0x64 ./Middlewares/ST/STM32_USB_Device_Library/Core/Src/usbd_core.o
                0x0800431c                USBD_LL_SetupStage
 .text.USBD_LL_DataOutStage
                0x08004380       0x86 ./Middlewares/ST/STM32_USB_Device_Library/Core/Src/usbd_core.o
                0x08004380                USBD_LL_DataOutStage
 .text.USBD_LL_DataInStage
                0x08004406       0xc8 ./Middlewares/ST/STM32_USB_Device_Library/Core/Src/usbd_core.o
                0x08004406                USBD_LL_DataInStage
 .text.USBD_LL_Reset
                0x080044ce       0x54 ./Middlewares/ST/STM32_USB_Device_Library/Core/Src/usbd_core.o
                0x080044ce                USBD_LL_Reset
 .text.USBD_LL_SetSpeed
                0x08004522        0x6 ./Middlewares/ST/STM32_USB_Device_Library/Core/Src/usbd_core.o
                0x08004522                USBD_LL_SetSpeed
 .text.USBD_LL_Suspend
                0x08004528       0x18 ./Middlewares/ST/STM32_USB_Device_Library/Core/Src/usbd_core.o
                0x08004528                USBD_LL_Suspend
 .text.USBD_LL_Resume
                0x08004540       0x18 ./Middlewares/ST/STM32_USB_Device_Library/Core/Src/usbd_core.o
                0x08004540                USBD_LL_Resume
 .text.USBD_LL_SOF
                0x08004558       0x1e ./Middlewares/ST/STM32_USB_Device_Library/Core/Src/usbd_core.o
                0x08004558                USBD_LL_SOF
 .text.USBD_CtlError.constprop.0
                0x08004576       0x14 ./Middlewares/ST/STM32_USB_Device_Library/Core/Src/usbd_ctlreq.o
 *fill*         0x0800458a        0x2 
 .text.USBD_StdDevReq
                0x0800458c      0x280 ./Middlewares/ST/STM32_USB_Device_Library/Core/Src/usbd_ctlreq.o
                0x0800458c                USBD_StdDevReq
 .text.USBD_StdItfReq
                0x0800480c       0x50 ./Middlewares/ST/STM32_USB_Device_Library/Core/Src/usbd_ctlreq.o
                0x0800480c                USBD_StdItfReq
 .text.USBD_StdEPReq
                0x0800485c      0x128 ./Middlewares/ST/STM32_USB_Device_Library/Core/Src/usbd_ctlreq.o
                0x0800485c                USBD_StdEPReq
 .text.USBD_ParseSetupRequest
                0x08004984       0x28 ./Middlewares/ST/STM32_USB_Device_Library/Core/Src/usbd_ctlreq.o
                0x08004984                USBD_ParseSetupRequest
 .text.USBD_CtlError
                0x080049ac       0x14 ./Middlewares/ST/STM32_USB_Device_Library/Core/Src/usbd_ctlreq.o
                0x080049ac                USBD_CtlError
 .text.USBD_GetString
                0x080049c0       0x3a ./Middlewares/ST/STM32_USB_Device_Library/Core/Src/usbd_ctlreq.o
                0x080049c0                USBD_GetString
 .text.USBD_CtlSendData
                0x080049fa       0x1c ./Middlewares/ST/STM32_USB_Device_Library/Core/Src/usbd_ioreq.o
                0x080049fa                USBD_CtlSendData
 .text.USBD_CtlContinueSendData
                0x08004a16       0x10 ./Middlewares/ST/STM32_USB_Device_Library/Core/Src/usbd_ioreq.o
                0x08004a16                USBD_CtlContinueSendData
 .text.USBD_CtlPrepareRx
                0x08004a26       0x20 ./Middlewares/ST/STM32_USB_Device_Library/Core/Src/usbd_ioreq.o
                0x08004a26                USBD_CtlPrepareRx
 .text.USBD_CtlContinueRx
                0x08004a46       0x10 ./Middlewares/ST/STM32_USB_Device_Library/Core/Src/usbd_ioreq.o
                0x08004a46                USBD_CtlContinueRx
 .text.USBD_CtlSendStatus
                0x08004a56       0x18 ./Middlewares/ST/STM32_USB_Device_Library/Core/Src/usbd_ioreq.o
                0x08004a56                USBD_CtlSendStatus
 .text.USBD_CtlReceiveStatus
                0x08004a6e       0x18 ./Middlewares/ST/STM32_USB_Device_Library/Core/Src/usbd_ioreq.o
                0x08004a6e                USBD_CtlReceiveStatus
 *fill*         0x08004a86        0x2 
 .text.MX_USB_DEVICE_Init
                0x08004a88       0x58 ./USB_DEVICE/App/usb_device.o
                0x08004a88                MX_USB_DEVICE_Init
 .text.CDC_DeInit_FS
                0x08004ae0        0x4 ./USB_DEVICE/App/usbd_cdc_if.o
 .text.CDC_Control_FS
                0x08004ae4        0x4 ./USB_DEVICE/App/usbd_cdc_if.o
 .text.CDC_Receive_FS
                0x08004ae8       0x24 ./USB_DEVICE/App/usbd_cdc_if.o
 .text.CDC_Init_FS
                0x08004b0c       0x28 ./USB_DEVICE/App/usbd_cdc_if.o
 .text.CDC_Transmit_FS
                0x08004b34       0x2c ./USB_DEVICE/App/usbd_cdc_if.o
                0x08004b34                CDC_Transmit_FS
 .text.USBD_FS_DeviceDescriptor
                0x08004b60        0xc ./USB_DEVICE/App/usbd_desc.o
                0x08004b60                USBD_FS_DeviceDescriptor
 .text.USBD_FS_LangIDStrDescriptor
                0x08004b6c        0xc ./USB_DEVICE/App/usbd_desc.o
                0x08004b6c                USBD_FS_LangIDStrDescriptor
 .text.IntToUnicode
                0x08004b78       0x24 ./USB_DEVICE/App/usbd_desc.o
 .text.USBD_FS_SerialStrDescriptor
                0x08004b9c       0x48 ./USB_DEVICE/App/usbd_desc.o
                0x08004b9c                USBD_FS_SerialStrDescriptor
 .text.USBD_FS_ManufacturerStrDescriptor
                0x08004be4       0x1c ./USB_DEVICE/App/usbd_desc.o
                0x08004be4                USBD_FS_ManufacturerStrDescriptor
 .text.USBD_FS_ProductStrDescriptor
                0x08004c00       0x1c ./USB_DEVICE/App/usbd_desc.o
                0x08004c00                USBD_FS_ProductStrDescriptor
 .text.USBD_FS_ConfigStrDescriptor
                0x08004c1c       0x1c ./USB_DEVICE/App/usbd_desc.o
                0x08004c1c                USBD_FS_ConfigStrDescriptor
 .text.USBD_FS_InterfaceStrDescriptor
                0x08004c38       0x1c ./USB_DEVICE/App/usbd_desc.o
                0x08004c38                USBD_FS_InterfaceStrDescriptor
 .text.USBD_Get_USB_Status
                0x08004c54        0xe ./USB_DEVICE/Target/usbd_conf.o
 *fill*         0x08004c62        0x2 
 .text.HAL_PCD_MspInit
                0x08004c64       0x38 ./USB_DEVICE/Target/usbd_conf.o
                0x08004c64                HAL_PCD_MspInit
 .text.HAL_PCD_SetupStageCallback
                0x08004c9c       0x12 ./USB_DEVICE/Target/usbd_conf.o
                0x08004c9c                HAL_PCD_SetupStageCallback
 .text.HAL_PCD_DataOutStageCallback
                0x08004cae       0x18 ./USB_DEVICE/Target/usbd_conf.o
                0x08004cae                HAL_PCD_DataOutStageCallback
 .text.HAL_PCD_DataInStageCallback
                0x08004cc6       0x16 ./USB_DEVICE/Target/usbd_conf.o
                0x08004cc6                HAL_PCD_DataInStageCallback
 .text.HAL_PCD_SOFCallback
                0x08004cdc        0xe ./USB_DEVICE/Target/usbd_conf.o
                0x08004cdc                HAL_PCD_SOFCallback
 .text.HAL_PCD_ResetCallback
                0x08004cea       0x22 ./USB_DEVICE/Target/usbd_conf.o
                0x08004cea                HAL_PCD_ResetCallback
 .text.HAL_PCD_SuspendCallback
                0x08004d0c       0x24 ./USB_DEVICE/Target/usbd_conf.o
                0x08004d0c                HAL_PCD_SuspendCallback
 .text.HAL_PCD_ResumeCallback
                0x08004d30       0x28 ./USB_DEVICE/Target/usbd_conf.o
                0x08004d30                HAL_PCD_ResumeCallback
 .text.USBD_LL_Init
                0x08004d58       0x80 ./USB_DEVICE/Target/usbd_conf.o
                0x08004d58                USBD_LL_Init
 .text.USBD_LL_Start
                0x08004dd8       0x12 ./USB_DEVICE/Target/usbd_conf.o
                0x08004dd8                USBD_LL_Start
 .text.USBD_LL_OpenEP
                0x08004dea       0x18 ./USB_DEVICE/Target/usbd_conf.o
                0x08004dea                USBD_LL_OpenEP
 .text.USBD_LL_CloseEP
                0x08004e02       0x12 ./USB_DEVICE/Target/usbd_conf.o
                0x08004e02                USBD_LL_CloseEP
 .text.USBD_LL_StallEP
                0x08004e14       0x12 ./USB_DEVICE/Target/usbd_conf.o
                0x08004e14                USBD_LL_StallEP
 .text.USBD_LL_ClearStallEP
                0x08004e26       0x12 ./USB_DEVICE/Target/usbd_conf.o
                0x08004e26                USBD_LL_ClearStallEP
 .text.USBD_LL_IsStallEP
                0x08004e38       0x26 ./USB_DEVICE/Target/usbd_conf.o
                0x08004e38                USBD_LL_IsStallEP
 .text.USBD_LL_SetUSBAddress
                0x08004e5e       0x12 ./USB_DEVICE/Target/usbd_conf.o
                0x08004e5e                USBD_LL_SetUSBAddress
 .text.USBD_LL_Transmit
                0x08004e70       0x12 ./USB_DEVICE/Target/usbd_conf.o
                0x08004e70                USBD_LL_Transmit
 .text.USBD_LL_PrepareReceive
                0x08004e82       0x12 ./USB_DEVICE/Target/usbd_conf.o
                0x08004e82                USBD_LL_PrepareReceive
 .text.USBD_LL_GetRxDataSize
                0x08004e94        0xe ./USB_DEVICE/Target/usbd_conf.o
                0x08004e94                USBD_LL_GetRxDataSize
 *fill*         0x08004ea2        0x2 
 .text.USBD_static_malloc
                0x08004ea4        0x8 ./USB_DEVICE/Target/usbd_conf.o
                0x08004ea4                USBD_static_malloc
 .text.USBD_static_free
                0x08004eac        0x2 ./USB_DEVICE/Target/usbd_conf.o
                0x08004eac                USBD_static_free
 *fill*         0x08004eae        0x2 
 .text.__libc_init_array
                0x08004eb0       0x48 /opt/arm-gnu-toolchain-13.3.rel1-x86_64-arm-none-eabi/bin/../lib/gcc/arm-none-eabi/13.3.1/../../../../arm-none-eabi/lib/thumb/v6-m/nofp/libc_nano.a(libc_a-init.o)
                0x08004eb0                __libc_init_array
 .text.memmove  0x08004ef8       0x24 /opt/arm-gnu-toolchain-13.3.rel1-x86_64-arm-none-eabi/bin/../lib/gcc/arm-none-eabi/13.3.1/../../../../arm-none-eabi/lib/thumb/v6-m/nofp/libc_nano.a(libc_a-memmove.o)
                0x08004ef8                memmove
 .text.memset   0x08004f1c       0x10 /opt/arm-gnu-toolchain-13.3.rel1-x86_64-arm-none-eabi/bin/../lib/gcc/arm-none-eabi/13.3.1/../../../../arm-none-eabi/lib/thumb/v6-m/nofp/libc_nano.a(libc_a-memset.o)
                0x08004f1c                memset
 .text.memcpy   0x08004f2c       0x12 /opt/arm-gnu-toolchain-13.3.rel1-x86_64-arm-none-eabi/bin/../lib/gcc/arm-none-eabi/13.3.1/../../../../arm-none-eabi/lib/thumb/v6-m/nofp/libc_nano.a(libc_a-memcpy-stub.o)
                0x08004f2c                memcpy
 *(.glue_7)
 .glue_7        0x08004f3e        0x0 linker stubs
 *(.glue_7t)
 .glue_7t       0x08004f3e        0x0 linker stubs
 *(.eh_frame)
 *fill*         0x08004f3e        0x2 
 .eh_frame      0x08004f40        0x0 /opt/arm-gnu-toolchain-13.3.rel1-x86_64-arm-none-eabi/bin/../lib/gcc/arm-none-eabi/13.3.1/thumb/v6-m/nofp/crtbegin.o
 *(.init)
 .init          0x08004f40        0x4 /opt/arm-gnu-toolchain-13.3.rel1-x86_64-arm-none-eabi/bin/../lib/gcc/arm-none-eabi/13.3.1/thumb/v6-m/nofp/crti.o
                0x08004f40                _init
 .init          0x08004f44        0x8 /opt/arm-gnu-toolchain-13.3.rel1-x86_64-arm-none-eabi/bin/../lib/gcc/arm-none-eabi/13.3.1/thumb/v6-m/nofp/crtn.o
 *(.fini)
 .fini          0x08004f4c        0x4 /opt/arm-gnu-toolchain-13.3.rel1-x86_64-arm-none-eabi/bin/../lib/gcc/arm-none-eabi/13.3.1/thumb/v6-m/nofp/crti.o
                0x08004f4c                _fini
 .fini          0x08004f50        0x8 /opt/arm-gnu-toolchain-13.3.rel1-x86_64-arm-none-eabi/bin/../lib/gcc/arm-none-eabi/13.3.1/thumb/v6-m/nofp/crtn.o
                0x08004f58                        . = ALIGN (0x4)
                0x08004f58                        _etext = .

.vfp11_veneer   0x08004f58        0x0
 .vfp11_veneer  0x08004f58        0x0 linker stubs

.v4_bx          0x08004f58        0x0
 .v4_bx         0x08004f58        0x0 linker stubs

.iplt           0x08004f58        0x0
 .iplt          0x08004f58        0x0 /opt/arm-gnu-toolchain-13.3.rel1-x86_64-arm-none-eabi/bin/../lib/gcc/arm-none-eabi/13.3.1/thumb/v6-m/nofp/crtbegin.o

.rodata         0x08004f58       0x8c
                0x08004f58                        . = ALIGN (0x4)
 *(.rodata)
 *(.rodata*)
 .rodata.SentApp_StartRxMode.str1.1
                0x08004f58       0x5a ./Core/Src/sent_app.o
                                  0x8 (size before relaxing)
 .rodata.AHBPrescTable
                0x08004fb2       0x10 ./Core/Src/system_stm32f0xx.o
                0x08004fb2                AHBPrescTable
 .rodata.sent_bridge_on_slcan_line.str1.1
                0x08004fc2       0x12 ./Core/Src/sent/bridge.o
 .rodata.aPredivFactorTable.0
                0x08004fc2       0x10 ./Drivers/STM32F0xx_HAL_Driver/Src/stm32f0xx_hal_rcc.o
 .rodata.aPLLMULFactorTable.1
                0x08004fd2       0x10 ./Drivers/STM32F0xx_HAL_Driver/Src/stm32f0xx_hal_rcc.o
 .rodata.USBD_FS_ManufacturerStrDescriptor.str1.1
                0x08004fe2       0x13 ./USB_DEVICE/App/usbd_desc.o
 .rodata.USBD_FS_ProductStrDescriptor.str1.1
                0x08004fe2       0x16 ./USB_DEVICE/App/usbd_desc.o
 .rodata.USBD_FS_ConfigStrDescriptor.str1.1
                0x08004fe2        0xb ./USB_DEVICE/App/usbd_desc.o
 .rodata.USBD_FS_InterfaceStrDescriptor.str1.1
                0x08004fe2        0xe ./USB_DEVICE/App/usbd_desc.o
                0x08004ff8                        . = ALIGN (0x4)
 *fill*         0x08004fe2        0x2 

.ARM.extab      0x08004fe4        0x0
                0x08004fe4                        . = ALIGN (0x4)
 *(.ARM.extab* .gnu.linkonce.armextab.*)
                0x08004fe4                        . = ALIGN (0x4)

.ARM            0x08004fe4        0x0
                0x08004fe4                        . = ALIGN (0x4)
                0x08004fe4                        __exidx_start = .
 *(.ARM.exidx*)
                0x08004fe4                        __exidx_end = .
                0x08004fe4                        . = ALIGN (0x4)

.preinit_array  0x08004fe4        0x0
                0x08004fe4                        . = ALIGN (0x4)
                0x08004fe4                        PROVIDE (__preinit_array_start = .)
 *(.preinit_array*)
                0x08004fe4                        PROVIDE (__preinit_array_end = .)
                0x08004fe4                        . = ALIGN (0x4)

.init_array     0x08004fe4        0x4
                0x08004fe4                        . = ALIGN (0x4)
                0x08004fe4                        PROVIDE (__init_array_start = .)
 *(SORT_BY_NAME(.init_array.*))
 *(.init_array*)
 .init_array    0x08004fe4        0x4 /opt/arm-gnu-toolchain-13.3.rel1-x86_64-arm-none-eabi/bin/../lib/gcc/arm-none-eabi/13.3.1/thumb/v6-m/nofp/crtbegin.o
                0x08004fe8                        PROVIDE (__init_array_end = .)
                0x08004fe8                        . = ALIGN (0x4)

.fini_array     0x08004fe8        0x4
                0x08004fe8                        . = ALIGN (0x4)
                [!provide]                        PROVIDE (__fini_array_start = .)
 *(SORT_BY_NAME(.fini_array.*))
 *(.fini_array*)
 .fini_array    0x08004fe8        0x4 /opt/arm-gnu-toolchain-13.3.rel1-x86_64-arm-none-eabi/bin/../lib/gcc/arm-none-eabi/13.3.1/thumb/v6-m/nofp/crtbegin.o
                [!provide]                        PROVIDE (__fini_array_end = .)
                0x08004fec                        . = ALIGN (0x4)
                0x08004fec                        _sidata = LOADADDR (.data)

.rel.dyn        0x08004fec        0x0
 .rel.iplt      0x08004fec        0x0 /opt/arm-gnu-toolchain-13.3.rel1-x86_64-arm-none-eabi/bin/../lib/gcc/arm-none-eabi/13.3.1/thumb/v6-m/nofp/crtbegin.o

.data           0x20000000      0x17c load address 0x08004fec
                0x20000000                        . = ALIGN (0x4)
                0x20000000                        _sdata = .
 *(.data)
 *(.data*)
 .data.SystemCoreClock
                0x20000000        0x4 ./Core/Src/system_stm32f0xx.o
                0x20000000                SystemCoreClock
 .data.uwTickFreq
                0x20000004        0x1 ./Drivers/STM32F0xx_HAL_Driver/Src/stm32f0xx_hal.o
                0x20000004                uwTickFreq
 *fill*         0x20000005        0x3 
 .data.uwTickPrio
                0x20000008        0x4 ./Drivers/STM32F0xx_HAL_Driver/Src/stm32f0xx_hal.o
                0x20000008                uwTickPrio
 .data.USBD_CDC_OtherSpeedCfgDesc
                0x2000000c       0x43 ./Middlewares/ST/STM32_USB_Device_Library/Class/CDC/Src/usbd_cdc.o
                0x2000000c                USBD_CDC_OtherSpeedCfgDesc
 *fill*         0x2000004f        0x1 
 .data.USBD_CDC_CfgFSDesc
                0x20000050       0x43 ./Middlewares/ST/STM32_USB_Device_Library/Class/CDC/Src/usbd_cdc.o
                0x20000050                USBD_CDC_CfgFSDesc
 *fill*         0x20000093        0x1 
 .data.USBD_CDC_CfgHSDesc
                0x20000094       0x43 ./Middlewares/ST/STM32_USB_Device_Library/Class/CDC/Src/usbd_cdc.o
                0x20000094                USBD_CDC_CfgHSDesc
 *fill*         0x200000d7        0x1 
 .data.USBD_CDC
                0x200000d8       0x38 ./Middlewares/ST/STM32_USB_Device_Library/Class/CDC/Src/usbd_cdc.o
                0x200000d8                USBD_CDC
 .data.USBD_CDC_DeviceQualifierDesc
                0x20000110        0xa ./Middlewares/ST/STM32_USB_Device_Library/Class/CDC/Src/usbd_cdc.o
 *fill*         0x2000011a        0x2 
 .data.USBD_Interface_fops_FS
                0x2000011c       0x10 ./USB_DEVICE/App/usbd_cdc_if.o
                0x2000011c                USBD_Interface_fops_FS
 .data.USBD_StringSerial
                0x2000012c       0x1a ./USB_DEVICE/App/usbd_desc.o
                0x2000012c                USBD_StringSerial
 *fill*         0x20000146        0x2 
 .data.USBD_LangIDDesc
                0x20000148        0x4 ./USB_DEVICE/App/usbd_desc.o
                0x20000148                USBD_LangIDDesc
 .data.USBD_FS_DeviceDesc
                0x2000014c       0x12 ./USB_DEVICE/App/usbd_desc.o
                0x2000014c                USBD_FS_DeviceDesc
 *fill*         0x2000015e        0x2 
 .data.FS_Desc  0x20000160       0x1c ./USB_DEVICE/App/usbd_desc.o
                0x20000160                FS_Desc
 *(.RamFunc)
 *(.RamFunc*)
                0x2000017c                        . = ALIGN (0x4)
                0x2000017c                        _edata = .

.tm_clone_table
                0x2000017c        0x0 load address 0x08005168
 .tm_clone_table
                0x2000017c        0x0 /opt/arm-gnu-toolchain-13.3.rel1-x86_64-arm-none-eabi/bin/../lib/gcc/arm-none-eabi/13.3.1/thumb/v6-m/nofp/crtbegin.o
 .tm_clone_table
                0x2000017c        0x0 /opt/arm-gnu-toolchain-13.3.rel1-x86_64-arm-none-eabi/bin/../lib/gcc/arm-none-eabi/13.3.1/thumb/v6-m/nofp/crtend.o

.igot.plt       0x2000017c        0x0 load address 0x08005168
 .igot.plt      0x2000017c        0x0 /opt/arm-gnu-toolchain-13.3.rel1-x86_64-arm-none-eabi/bin/../lib/gcc/arm-none-eabi/13.3.1/thumb/v6-m/nofp/crtbegin.o
                0x2000017c                        . = ALIGN (0x4)

.bss            0x2000017c      0xc44 load address 0x08005168
                0x2000017c                        _sbss = .
                0x2000017c                        __bss_start__ = _sbss
 *(.bss)
 *(.bss*)
 .bss.completed.1
                0x2000017c        0x1 /opt/arm-gnu-toolchain-13.3.rel1-x86_64-arm-none-eabi/bin/../lib/gcc/arm-none-eabi/13.3.1/thumb/v6-m/nofp/crtbegin.o
 *fill*         0x2000017d        0x3 
 .bss.object.0  0x20000180       0x18 /opt/arm-gnu-toolchain-13.3.rel1-x86_64-arm-none-eabi/bin/../lib/gcc/arm-none-eabi/13.3.1/thumb/v6-m/nofp/crtbegin.o
 .bss.g_sent_tx_interval
                0x20000198        0x2 ./Core/Src/main.o
 .bss.g_sent_tx_first_interval_high_comp
                0x2000019a        0x1 ./Core/Src/main.o
 .bss.g_sent_tx_need_terminal_edge
                0x2000019b        0x1 ./Core/Src/main.o
 .bss.g_sent_tx_stop_after_low
                0x2000019c        0x1 ./Core/Src/main.o
 .bss.g_sent_tx_in_low
                0x2000019d        0x1 ./Core/Src/main.o
 *fill*         0x2000019e        0x2 
 .bss.htim14    0x200001a0       0x48 ./Core/Src/main.o
                0x200001a0                htim14
 .bss.htim2     0x200001e8       0x48 ./Core/Src/main.o
                0x200001e8                htim2
 .bss.g_line_len
                0x20000230        0x4 ./Core/Src/sent_app.o
 .bss.g_line_buffer
                0x20000234       0x40 ./Core/Src/sent_app.o
 .bss.g_tx_tail
                0x20000274        0x2 ./Core/Src/sent_app.o
 .bss.g_tx_head
                0x20000276        0x2 ./Core/Src/sent_app.o
 .bss.g_tx_ring
                0x20000278       0x80 ./Core/Src/sent_app.o
 .bss.g_rx_tail
                0x200002f8        0x2 ./Core/Src/sent_app.o
 .bss.g_rx_head
                0x200002fa        0x2 ./Core/Src/sent_app.o
 .bss.g_rx_ring
                0x200002fc       0x80 ./Core/Src/sent_app.o
 .bss.g_bridge  0x2000037c       0x44 ./Core/Src/sent_app.o
 .bss.g_tx_hal_if
                0x200003c0       0x10 ./Core/Src/sent_app.o
 .bss.g_rx_hal_if
                0x200003d0       0x10 ./Core/Src/sent_app.o
 .bss.g_tx_hal  0x200003e0       0x8a ./Core/Src/sent_app.o
 *fill*         0x2000046a        0x2 
 .bss.g_rx_hal  0x2000046c       0xcc ./Core/Src/sent_app.o
 .bss.uwTick    0x20000538        0x4 ./Drivers/STM32F0xx_HAL_Driver/Src/stm32f0xx_hal.o
                0x20000538                uwTick
 .bss.cfgidx.0  0x2000053c        0x1 ./Middlewares/ST/STM32_USB_Device_Library/Core/Src/usbd_ctlreq.o
 *fill*         0x2000053d        0x3 
 .bss.hUsbDeviceFS
                0x20000540      0x2c4 ./USB_DEVICE/App/usb_device.o
                0x20000540                hUsbDeviceFS
 .bss.UserTxBufferFS
                0x20000804       0x40 ./USB_DEVICE/App/usbd_cdc_if.o
                0x20000804                UserTxBufferFS
 .bss.UserRxBufferFS
                0x20000844       0x40 ./USB_DEVICE/App/usbd_cdc_if.o
                0x20000844                UserRxBufferFS
 .bss.USBD_StrDesc
                0x20000884       0x40 ./USB_DEVICE/App/usbd_desc.o
                0x20000884                USBD_StrDesc
 .bss.mem.0     0x200008c4      0x220 ./USB_DEVICE/Target/usbd_conf.o
 .bss.hpcd_USB_FS
                0x20000ae4      0x2dc ./USB_DEVICE/Target/usbd_conf.o
                0x20000ae4                hpcd_USB_FS
 *(COMMON)
                0x20000dc0                        . = ALIGN (0x4)
                0x20000dc0                        _ebss = .
                0x20000dc0                        __bss_end__ = _ebss

._user_heap_stack
                0x20000dc0      0x400 load address 0x08005168
                0x20000dc0                        . = ALIGN (0x8)
                [!provide]                        PROVIDE (end = .)
                0x20000dc0                        PROVIDE (_end = .)
                0x20000dc0                        . = (. + _Min_Heap_Size)
                0x200011c0                        . = (. + _Min_Stack_Size)
 *fill*         0x20000dc0      0x400 
                0x200011c0                        . = ALIGN (0x8)

/DISCARD/
 libc.a(*)
 libm.a(*)
 libgcc.a(*)

.ARM.attributes
                0x00000000       0x28
 *(.ARM.attributes)
 .ARM.attributes
                0x00000000       0x1e /opt/arm-gnu-toolchain-13.3.rel1-x86_64-arm-none-eabi/bin/../lib/gcc/arm-none-eabi/13.3.1/thumb/v6-m/nofp/crti.o
 .ARM.attributes
                0x0000001e       0x2c /opt/arm-gnu-toolchain-13.3.rel1-x86_64-arm-none-eabi/bin/../lib/gcc/arm-none-eabi/13.3.1/thumb/v6-m/nofp/crtbegin.o
 .ARM.attributes
                0x0000004a       0x2c ./Core/Src/main.o
 .ARM.attributes
                0x00000076       0x2c ./Core/Src/sent_app.o
 .ARM.attributes
                0x000000a2       0x2c ./Core/Src/stm32f0xx_hal_msp.o
 .ARM.attributes
                0x000000ce       0x2c ./Core/Src/stm32f0xx_it.o
 .ARM.attributes
                0x000000fa       0x2c ./Core/Src/system_stm32f0xx.o
 .ARM.attributes
                0x00000126       0x2c ./Core/Src/sent/bridge.o
 .ARM.attributes
                0x00000152       0x2c ./Core/Src/sent/hal_stm32f042.o
 .ARM.attributes
                0x0000017e       0x2c ./Core/Src/sent/mode_manager.o
 .ARM.attributes
                0x000001aa       0x2c ./Core/Src/sent/sent_crc.o
 .ARM.attributes
                0x000001d6       0x2c ./Core/Src/sent/sent_decoder.o
 .ARM.attributes
                0x00000202       0x2c ./Core/Src/sent/sent_encoder.o
 .ARM.attributes
                0x0000022e       0x2c ./Core/Src/sent/sent_protocol.o
 .ARM.attributes
                0x0000025a       0x2c ./Core/Src/sent/slcan.o
 .ARM.attributes
                0x00000286       0x21 ./Core/Startup/startup_stm32f042g4ux.o
 .ARM.attributes
                0x000002a7       0x2c ./Drivers/STM32F0xx_HAL_Driver/Src/stm32f0xx_hal.o
 .ARM.attributes
                0x000002d3       0x2c ./Drivers/STM32F0xx_HAL_Driver/Src/stm32f0xx_hal_cortex.o
 .ARM.attributes
                0x000002ff       0x2c ./Drivers/STM32F0xx_HAL_Driver/Src/stm32f0xx_hal_gpio.o
 .ARM.attributes
                0x0000032b       0x2c ./Drivers/STM32F0xx_HAL_Driver/Src/stm32f0xx_hal_pcd.o
 .ARM.attributes
                0x00000357       0x2c ./Drivers/STM32F0xx_HAL_Driver/Src/stm32f0xx_hal_pcd_ex.o
 .ARM.attributes
                0x00000383       0x2c ./Drivers/STM32F0xx_HAL_Driver/Src/stm32f0xx_hal_rcc.o
 .ARM.attributes
                0x000003af       0x2c ./Drivers/STM32F0xx_HAL_Driver/Src/stm32f0xx_hal_rcc_ex.o
 .ARM.attributes
                0x000003db       0x2c ./Drivers/STM32F0xx_HAL_Driver/Src/stm32f0xx_hal_tim.o
 .ARM.attributes
                0x00000407       0x2c ./Drivers/STM32F0xx_HAL_Driver/Src/stm32f0xx_hal_tim_ex.o
 .ARM.attributes
                0x00000433       0x2c ./Drivers/STM32F0xx_HAL_Driver/Src/stm32f0xx_ll_usb.o
 .ARM.attributes
                0x0000045f       0x2c ./Middlewares/ST/STM32_USB_Device_Library/Class/CDC/Src/usbd_cdc.o
 .ARM.attributes
                0x0000048b       0x2c ./Middlewares/ST/STM32_USB_Device_Library/Core/Src/usbd_core.o
 .ARM.attributes
                0x000004b7       0x2c ./Middlewares/ST/STM32_USB_Device_Library/Core/Src/usbd_ctlreq.o
 .ARM.attributes
                0x000004e3       0x2c ./Middlewares/ST/STM32_USB_Device_Library/Core/Src/usbd_ioreq.o
 .ARM.attributes
                0x0000050f       0x2c ./USB_DEVICE/App/usb_device.o
 .ARM.attributes
                0x0000053b       0x2c ./USB_DEVICE/App/usbd_cdc_if.o
 .ARM.attributes
                0x00000567       0x2c ./USB_DEVICE/App/usbd_desc.o
 .ARM.attributes
                0x00000593       0x2c ./USB_DEVICE/Target/usbd_conf.o
 .ARM.attributes
                0x000005bf       0x2c /opt/arm-gnu-toolchain-13.3.rel1-x86_64-arm-none-eabi/bin/../lib/gcc/arm-none-eabi/13.3.1/../../../../arm-none-eabi/lib/thumb/v6-m/nofp/libc_nano.a(libc_a-init.o)
 .ARM.attributes
                0x000005eb       0x2c /opt/arm-gnu-toolchain-13.3.rel1-x86_64-arm-none-eabi/bin/../lib/gcc/arm-none-eabi/13.3.1/../../../../arm-none-eabi/lib/thumb/v6-m/nofp/libc_nano.a(libc_a-memmove.o)
 .ARM.attributes
                0x00000617       0x2c /opt/arm-gnu-toolchain-13.3.rel1-x86_64-arm-none-eabi/bin/../lib/gcc/arm-none-eabi/13.3.1/../../../../arm-none-eabi/lib/thumb/v6-m/nofp/libc_nano.a(libc_a-memset.o)
 .ARM.attributes
                0x00000643       0x2c /opt/arm-gnu-toolchain-13.3.rel1-x86_64-arm-none-eabi/bin/../lib/gcc/arm-none-eabi/13.3.1/../../../../arm-none-eabi/lib/thumb/v6-m/nofp/libc_nano.a(libc_a-memcpy-stub.o)
 .ARM.attributes
                0x0000066f       0x1c /opt/arm-gnu-toolchain-13.3.rel1-x86_64-arm-none-eabi/bin/../lib/gcc/arm-none-eabi/13.3.1/../../../../arm-none-eabi/lib/thumb/v6-m/nofp/libc_nano.a(libc_a-strlen.o)
 .ARM.attributes
                0x0000068b       0x1e /opt/arm-gnu-toolchain-13.3.rel1-x86_64-arm-none-eabi/bin/../lib/gcc/arm-none-eabi/13.3.1/thumb/v6-m/nofp/libgcc.a(_thumb1_case_sqi.o)
 .ARM.attributes
                0x000006a9       0x1e /opt/arm-gnu-toolchain-13.3.rel1-x86_64-arm-none-eabi/bin/../lib/gcc/arm-none-eabi/13.3.1/thumb/v6-m/nofp/libgcc.a(_thumb1_case_uqi.o)
 .ARM.attributes
                0x000006c7       0x1e /opt/arm-gnu-toolchain-13.3.rel1-x86_64-arm-none-eabi/bin/../lib/gcc/arm-none-eabi/13.3.1/thumb/v6-m/nofp/libgcc.a(_thumb1_case_shi.o)
 .ARM.attributes
                0x000006e5       0x1e /opt/arm-gnu-toolchain-13.3.rel1-x86_64-arm-none-eabi/bin/../lib/gcc/arm-none-eabi/13.3.1/thumb/v6-m/nofp/libgcc.a(_udivsi3.o)
 .ARM.attributes
                0x00000703       0x1e /opt/arm-gnu-toolchain-13.3.rel1-x86_64-arm-none-eabi/bin/../lib/gcc/arm-none-eabi/13.3.1/thumb/v6-m/nofp/libgcc.a(_dvmd_tls.o)
 .ARM.attributes
                0x00000721       0x2c /opt/arm-gnu-toolchain-13.3.rel1-x86_64-arm-none-eabi/bin/../lib/gcc/arm-none-eabi/13.3.1/thumb/v6-m/nofp/crtend.o
 .ARM.attributes
                0x0000074d       0x1e /opt/arm-gnu-toolchain-13.3.rel1-x86_64-arm-none-eabi/bin/../lib/gcc/arm-none-eabi/13.3.1/thumb/v6-m/nofp/crtn.o
OUTPUT(SENTToUSB.elf elf32-littlearm)
LOAD linker stubs
LOAD /opt/arm-gnu-toolchain-13.3.rel1-x86_64-arm-none-eabi/bin/../lib/gcc/arm-none-eabi/13.3.1/../../../../arm-none-eabi/lib/thumb/v6-m/nofp/libc.a
LOAD /opt/arm-gnu-toolchain-13.3.rel1-x86_64-arm-none-eabi/bin/../lib/gcc/arm-none-eabi/13.3.1/../../../../arm-none-eabi/lib/thumb/v6-m/nofp/libm.a
LOAD /opt/arm-gnu-toolchain-13.3.rel1-x86_64-arm-none-eabi/bin/../lib/gcc/arm-none-eabi/13.3.1/thumb/v6-m/nofp/libgcc.a

.debug_info     0x00000000     0x7ba6
 .debug_info    0x00000000     0x13a0 ./Core/Src/main.o
 .debug_info    0x000013a0     0x18af ./Core/Src/sent_app.o
 .debug_info    0x00002c4f      0xb0f ./Core/Src/stm32f0xx_hal_msp.o
 .debug_info    0x0000375e      0xbe0 ./Core/Src/stm32f0xx_it.o
 .debug_info    0x0000433e      0xf1e ./Core/Src/sent/bridge.o
 .debug_info    0x0000525c     0x1087 ./Core/Src/sent/hal_stm32f042.o
 .debug_info    0x000062e3      0x221 ./Core/Src/sent/mode_manager.o
 .debug_info    0x00006504      0x1ce ./Core/Src/sent/sent_crc.o
 .debug_info    0x000066d2      0x66c ./Core/Src/sent/sent_decoder.o
 .debug_info    0x00006d3e      0x433 ./Core/Src/sent/sent_encoder.o
 .debug_info    0x00007171      0x358 ./Core/Src/sent/sent_protocol.o
 .debug_info    0x000074c9      0x6dd ./Core/Src/sent/slcan.o

.debug_abbrev   0x00000000     0x1c35
 .debug_abbrev  0x00000000      0x3a8 ./Core/Src/main.o
 .debug_abbrev  0x000003a8      0x3e7 ./Core/Src/sent_app.o
 .debug_abbrev  0x0000078f      0x1f1 ./Core/Src/stm32f0xx_hal_msp.o
 .debug_abbrev  0x00000980      0x21f ./Core/Src/stm32f0xx_it.o
 .debug_abbrev  0x00000b9f      0x342 ./Core/Src/sent/bridge.o
 .debug_abbrev  0x00000ee1      0x45e ./Core/Src/sent/hal_stm32f042.o
 .debug_abbrev  0x0000133f      0x10c ./Core/Src/sent/mode_manager.o
 .debug_abbrev  0x0000144b       0xd3 ./Core/Src/sent/sent_crc.o
 .debug_abbrev  0x0000151e      0x1b2 ./Core/Src/sent/sent_decoder.o
 .debug_abbrev  0x000016d0      0x18a ./Core/Src/sent/sent_encoder.o
 .debug_abbrev  0x0000185a      0x127 ./Core/Src/sent/sent_protocol.o
 .debug_abbrev  0x00001981      0x2b4 ./Core/Src/sent/slcan.o

.debug_loclists
                0x00000000     0x2470
 .debug_loclists
                0x00000000       0xc4 ./Core/Src/main.o
 .debug_loclists
                0x000000c4      0x32b ./Core/Src/sent_app.o
 .debug_loclists
                0x000003ef       0x6c ./Core/Src/stm32f0xx_hal_msp.o
 .debug_loclists
                0x0000045b      0x57d ./Core/Src/sent/bridge.o
 .debug_loclists
                0x000009d8      0x9c0 ./Core/Src/sent/hal_stm32f042.o
 .debug_loclists
                0x00001398       0x32 ./Core/Src/sent/mode_manager.o
 .debug_loclists
                0x000013ca      0x197 ./Core/Src/sent/sent_crc.o
 .debug_loclists
                0x00001561      0x50f ./Core/Src/sent/sent_decoder.o
 .debug_loclists
                0x00001a70      0x2b6 ./Core/Src/sent/sent_encoder.o
 .debug_loclists
                0x00001d26      0x2ec ./Core/Src/sent/sent_protocol.o
 .debug_loclists
                0x00002012      0x45e ./Core/Src/sent/slcan.o

.debug_aranges  0x00000000      0x328
 .debug_aranges
                0x00000000       0x48 ./Core/Src/main.o
 .debug_aranges
                0x00000048       0x78 ./Core/Src/sent_app.o
 .debug_aranges
                0x000000c0       0x30 ./Core/Src/stm32f0xx_hal_msp.o
 .debug_aranges
                0x000000f0       0x58 ./Core/Src/stm32f0xx_it.o
 .debug_aranges
                0x00000148       0x40 ./Core/Src/sent/bridge.o
 .debug_aranges
                0x00000188       0x90 ./Core/Src/sent/hal_stm32f042.o
 .debug_aranges
                0x00000218       0x38 ./Core/Src/sent/mode_manager.o
 .debug_aranges
                0x00000250       0x20 ./Core/Src/sent/sent_crc.o
 .debug_aranges
                0x00000270       0x20 ./Core/Src/sent/sent_decoder.o
 .debug_aranges
                0x00000290       0x28 ./Core/Src/sent/sent_encoder.o
 .debug_aranges
                0x000002b8       0x38 ./Core/Src/sent/sent_protocol.o
 .debug_aranges
                0x000002f0       0x38 ./Core/Src/sent/slcan.o

.debug_rnglists
                0x00000000      0x5a1
 .debug_rnglists
                0x00000000       0x67 ./Core/Src/main.o
 .debug_rnglists
                0x00000067       0xfa ./Core/Src/sent_app.o
 .debug_rnglists
                0x00000161       0x74 ./Core/Src/stm32f0xx_hal_msp.o
 .debug_rnglists
                0x000001d5       0x3d ./Core/Src/stm32f0xx_it.o
 .debug_rnglists
                0x00000212       0x7b ./Core/Src/sent/bridge.o
 .debug_rnglists
                0x0000028d       0xf5 ./Core/Src/sent/hal_stm32f042.o
 .debug_rnglists
                0x00000382       0x25 ./Core/Src/sent/mode_manager.o
 .debug_rnglists
                0x000003a7       0x46 ./Core/Src/sent/sent_crc.o
 .debug_rnglists
                0x000003ed       0x82 ./Core/Src/sent/sent_decoder.o
 .debug_rnglists
                0x0000046f       0x47 ./Core/Src/sent/sent_encoder.o
 .debug_rnglists
                0x000004b6       0x4c ./Core/Src/sent/sent_protocol.o
 .debug_rnglists
                0x00000502       0x9f ./Core/Src/sent/slcan.o

.debug_line     0x00000000     0x4ab9
 .debug_line    0x00000000      0x9c0 ./Core/Src/main.o
 .debug_line    0x000009c0      0x9eb ./Core/Src/sent_app.o
 .debug_line    0x000013ab      0x3a2 ./Core/Src/stm32f0xx_hal_msp.o
 .debug_line    0x0000174d      0x3d0 ./Core/Src/stm32f0xx_it.o
 .debug_line    0x00001b1d      0x844 ./Core/Src/sent/bridge.o
 .debug_line    0x00002361      0xbff ./Core/Src/sent/hal_stm32f042.o
 .debug_line    0x00002f60      0x35b ./Core/Src/sent/mode_manager.o
 .debug_line    0x000032bb      0x30a ./Core/Src/sent/sent_crc.o
 .debug_line    0x000035c5      0x5c9 ./Core/Src/sent/sent_decoder.o
 .debug_line    0x00003b8e      0x491 ./Core/Src/sent/sent_encoder.o
 .debug_line    0x0000401f      0x407 ./Core/Src/sent/sent_protocol.o
 .debug_line    0x00004426      0x693 ./Core/Src/sent/slcan.o

.debug_str      0x00000000     0x2617
 .debug_str     0x00000000     0x2617 ./Core/Src/main.o
                                0xd9a (size before relaxing)
 .debug_str     0x00002617     0x10a2 ./Core/Src/sent_app.o
 .debug_str     0x00002617      0x9b4 ./Core/Src/stm32f0xx_hal_msp.o
 .debug_str     0x00002617      0xa82 ./Core/Src/stm32f0xx_it.o
 .debug_str     0x00002617      0x8f9 ./Core/Src/sent/bridge.o
 .debug_str     0x00002617      0x97c ./Core/Src/sent/hal_stm32f042.o
 .debug_str     0x00002617      0x2c4 ./Core/Src/sent/mode_manager.o
 .debug_str     0x00002617      0x224 ./Core/Src/sent/sent_crc.o
 .debug_str     0x00002617      0x521 ./Core/Src/sent/sent_decoder.o
 .debug_str     0x00002617      0x403 ./Core/Src/sent/sent_encoder.o
 .debug_str     0x00002617      0x340 ./Core/Src/sent/sent_protocol.o
 .debug_str     0x00002617      0x3d0 ./Core/Src/sent/slcan.o

.comment        0x00000000       0x88
 .comment       0x00000000       0x88 ./Core/Src/main.o
                                 0x46 (size before relaxing)
 .comment       0x00000088       0x46 ./Core/Src/sent_app.o
 .comment       0x00000088       0x46 ./Core/Src/stm32f0xx_hal_msp.o
 .comment       0x00000088       0x46 ./Core/Src/stm32f0xx_it.o
 .comment       0x00000088       0x44 ./Core/Src/system_stm32f0xx.o
 .comment       0x00000088       0x46 ./Core/Src/sent/bridge.o
 .comment       0x00000088       0x46 ./Core/Src/sent/hal_stm32f042.o
 .comment       0x00000088       0x46 ./Core/Src/sent/mode_manager.o
 .comment       0x00000088       0x46 ./Core/Src/sent/sent_crc.o
 .comment       0x00000088       0x46 ./Core/Src/sent/sent_decoder.o
 .comment       0x00000088       0x46 ./Core/Src/sent/sent_encoder.o
 .comment       0x00000088       0x46 ./Core/Src/sent/sent_protocol.o
 .comment       0x00000088       0x46 ./Core/Src/sent/slcan.o
 .comment       0x00000088       0x44 ./Drivers/STM32F0xx_HAL_Driver/Src/stm32f0xx_hal.o
 .comment       0x00000088       0x44 ./Drivers/STM32F0xx_HAL_Driver/Src/stm32f0xx_hal_cortex.o
 .comment       0x00000088       0x44 ./Drivers/STM32F0xx_HAL_Driver/Src/stm32f0xx_hal_gpio.o
 .comment       0x00000088       0x44 ./Drivers/STM32F0xx_HAL_Driver/Src/stm32f0xx_hal_pcd.o
 .comment       0x00000088       0x44 ./Drivers/STM32F0xx_HAL_Driver/Src/stm32f0xx_hal_pcd_ex.o
 .comment       0x00000088       0x44 ./Drivers/STM32F0xx_HAL_Driver/Src/stm32f0xx_hal_rcc.o
 .comment       0x00000088       0x44 ./Drivers/STM32F0xx_HAL_Driver/Src/stm32f0xx_hal_rcc_ex.o
 .comment       0x00000088       0x44 ./Drivers/STM32F0xx_HAL_Driver/Src/stm32f0xx_hal_tim.o
 .comment       0x00000088       0x44 ./Drivers/STM32F0xx_HAL_Driver/Src/stm32f0xx_hal_tim_ex.o
 .comment       0x00000088       0x44 ./Drivers/STM32F0xx_HAL_Driver/Src/stm32f0xx_ll_usb.o
 .comment       0x00000088       0x44 ./Middlewares/ST/STM32_USB_Device_Library/Class/CDC/Src/usbd_cdc.o
 .comment       0x00000088       0x44 ./Middlewares/ST/STM32_USB_Device_Library/Core/Src/usbd_core.o
 .comment       0x00000088       0x44 ./Middlewares/ST/STM32_USB_Device_Library/Core/Src/usbd_ctlreq.o
 .comment       0x00000088       0x44 ./Middlewares/ST/STM32_USB_Device_Library/Core/Src/usbd_ioreq.o
 .comment       0x00000088       0x44 ./USB_DEVICE/App/usb_device.o
 .comment       0x00000088       0x44 ./USB_DEVICE/App/usbd_cdc_if.o
 .comment       0x00000088       0x44 ./USB_DEVICE/App/usbd_desc.o
 .comment       0x00000088       0x44 ./USB_DEVICE/Target/usbd_conf.o

.debug_frame    0x00000000      0x7e8
 .debug_frame   0x00000000       0xac ./Core/Src/main.o
 .debug_frame   0x000000ac      0x15c ./Core/Src/sent_app.o
 .debug_frame   0x00000208       0x58 ./Core/Src/stm32f0xx_hal_msp.o
 .debug_frame   0x00000260       0xb0 ./Core/Src/stm32f0xx_it.o
 .debug_frame   0x00000310       0xac ./Core/Src/sent/bridge.o
 .debug_frame   0x000003bc      0x16c ./Core/Src/sent/hal_stm32f042.o
 .debug_frame   0x00000528       0x58 ./Core/Src/sent/mode_manager.o
 .debug_frame   0x00000580       0x30 ./Core/Src/sent/sent_crc.o
 .debug_frame   0x000005b0       0x34 ./Core/Src/sent/sent_decoder.o
 .debug_frame   0x000005e4       0x54 ./Core/Src/sent/sent_encoder.o
 .debug_frame   0x00000638       0x68 ./Core/Src/sent/sent_protocol.o
 .debug_frame   0x000006a0       0x8c ./Core/Src/sent/slcan.o
 .debug_frame   0x0000072c       0x2c /opt/arm-gnu-toolchain-13.3.rel1-x86_64-arm-none-eabi/bin/../lib/gcc/arm-none-eabi/13.3.1/../../../../arm-none-eabi/lib/thumb/v6-m/nofp/libc_nano.a(libc_a-init.o)
 .debug_frame   0x00000758       0x28 /opt/arm-gnu-toolchain-13.3.rel1-x86_64-arm-none-eabi/bin/../lib/gcc/arm-none-eabi/13.3.1/../../../../arm-none-eabi/lib/thumb/v6-m/nofp/libc_nano.a(libc_a-memmove.o)
 .debug_frame   0x00000780       0x20 /opt/arm-gnu-toolchain-13.3.rel1-x86_64-arm-none-eabi/bin/../lib/gcc/arm-none-eabi/13.3.1/../../../../arm-none-eabi/lib/thumb/v6-m/nofp/libc_nano.a(libc_a-memset.o)
 .debug_frame   0x000007a0       0x28 /opt/arm-gnu-toolchain-13.3.rel1-x86_64-arm-none-eabi/bin/../lib/gcc/arm-none-eabi/13.3.1/../../../../arm-none-eabi/lib/thumb/v6-m/nofp/libc_nano.a(libc_a-memcpy-stub.o)
 .debug_frame   0x000007c8       0x20 /opt/arm-gnu-toolchain-13.3.rel1-x86_64-arm-none-eabi/bin/../lib/gcc/arm-none-eabi/13.3.1/thumb/v6-m/nofp/libgcc.a(_udivsi3.o)

.debug_line_str
                0x00000000      0x1a2
 .debug_line_str
                0x00000000      0x1a2 /opt/arm-gnu-toolchain-13.3.rel1-x86_64-arm-none-eabi/bin/../lib/gcc/arm-none-eabi/13.3.1/../../../../arm-none-eabi/lib/thumb/v6-m/nofp/libc_nano.a(libc_a-strlen.o)
                                 0xe0 (size before relaxing)
 .debug_line_str
                0x000001a2       0xc2 /opt/arm-gnu-toolchain-13.3.rel1-x86_64-arm-none-eabi/bin/../lib/gcc/arm-none-eabi/13.3.1/thumb/v6-m/nofp/libgcc.a(_thumb1_case_sqi.o)
 .debug_line_str
                0x000001a2       0xc2 /opt/arm-gnu-toolchain-13.3.rel1-x86_64-arm-none-eabi/bin/../lib/gcc/arm-none-eabi/13.3.1/thumb/v6-m/nofp/libgcc.a(_thumb1_case_uqi.o)
 .debug_line_str
                0x000001a2       0xc2 /opt/arm-gnu-toolchain-13.3.rel1-x86_64-arm-none-eabi/bin/../lib/gcc/arm-none-eabi/13.3.1/thumb/v6-m/nofp/libgcc.a(_thumb1_case_shi.o)
 .debug_line_str
                0x000001a2       0xc2 /opt/arm-gnu-toolchain-13.3.rel1-x86_64-arm-none-eabi/bin/../lib/gcc/arm-none-eabi/13.3.1/thumb/v6-m/nofp/libgcc.a(_udivsi3.o)
 .debug_line_str
                0x000001a2       0xc2 /opt/arm-gnu-toolchain-13.3.rel1-x86_64-arm-none-eabi/bin/../lib/gcc/arm-none-eabi/13.3.1/thumb/v6-m/nofp/libgcc.a(_dvmd_tls.o)
